stm32l5xx_hal_flash_ex.c:743:13:FLASH_MassErase	8	static,ignoring_inline_asm
stm32l5xx_hal_flash_ex.c:305:19:HAL_FLASHEx_OBProgram	24	static
stm32l5xx_hal_flash_ex.c:390:6:HAL_FLASHEx_OBGetConfig	8	static
stm32l5xx_hal_flash_ex.c:444:19:HAL_FLASHEx_ConfigBBAttributes	16	static,ignoring_inline_asm
stm32l5xx_hal_flash_ex.c:501:6:HAL_FLASHEx_GetConfigBBAttributes	0	static
stm32l5xx_hal_flash_ex.c:539:6:HAL_FLASHEx_EnableSecHideProtection	0	static
stm32l5xx_hal_flash_ex.c:584:6:HAL_FLASHEx_ConfigPrivMode	0	static
stm32l5xx_hal_flash_ex.c:600:10:HAL_FLASHEx_GetPrivMode	0	static
stm32l5xx_hal_flash_ex.c:616:19:HAL_FLASHEx_ConfigSecInversion	16	static
stm32l5xx_hal_flash_ex.c:648:10:HAL_FLASHEx_GetSecInversion	0	static
stm32l5xx_hal_flash_ex.c:664:19:HAL_FLASHEx_ConfigLVEPin	16	static
stm32l5xx_hal_flash_ex.c:716:10:HAL_FLASHEx_GetLVEPin	0	static
stm32l5xx_hal_flash_ex.c:799:6:FLASH_PageErase	12	static,ignoring_inline_asm
stm32l5xx_hal_flash_ex.c:169:19:HAL_FLASHEx_Erase	32	static
stm32l5xx_hal_flash_ex.c:239:19:HAL_FLASHEx_Erase_IT	24	static
