stm32l5xx_hal_rtc.c:757:13:HAL_RTC_MspInit	0	static
stm32l5xx_hal_rtc.c:1580:13:HAL_RTC_AlarmAEventCallback	0	static
stm32l5xx_hal_rtc.c:772:13:HAL_RTC_MspDeInit	0	static
stm32l5xx_hal_rtc.c:472:19:HAL_RTC_RegisterCallback	8	static
stm32l5xx_hal_rtc.c:628:19:HAL_RTC_UnRegisterCallback	0	static
stm32l5xx_hal_rtc.c:1389:19:HAL_RTC_DeactivateAlarm	0	static
stm32l5xx_hal_rtc.c:1499:6:HAL_RTC_AlarmIRQHandler	16	static
stm32l5xx_hal_rtc.c:1596:19:HAL_RTC_PollForAlarmAEvent	24	static
stm32l5xx_hal_rtc.c:1654:19:HAL_RTC_WaitForSynchro	16	static
stm32l5xx_hal_rtc.c:1699:21:HAL_RTC_GetState	0	static
stm32l5xx_hal_rtc.c:1722:19:RTC_EnterInitMode	24	static
stm32l5xx_hal_rtc.c:1754:19:RTC_ExitInitMode	8	static
stm32l5xx_hal_rtc.c:254:19:HAL_RTC_Init	16	static
stm32l5xx_hal_rtc.c:364:19:HAL_RTC_DeInit	16	static
stm32l5xx_hal_rtc.c:1792:9:RTC_ByteToBcd2	0	static
stm32l5xx_hal_rtc.c:810:19:HAL_RTC_SetTime	24	static
stm32l5xx_hal_rtc.c:965:19:HAL_RTC_SetDate	24	static
stm32l5xx_hal_rtc.c:1104:19:HAL_RTC_SetAlarm	40	static
stm32l5xx_hal_rtc.c:1249:19:HAL_RTC_SetAlarm_IT	40	static
stm32l5xx_hal_rtc.c:1811:9:RTC_Bcd2ToByte	0	static
stm32l5xx_hal_rtc.c:920:19:HAL_RTC_GetTime	16	static
stm32l5xx_hal_rtc.c:1049:19:HAL_RTC_GetDate	16	static
stm32l5xx_hal_rtc.c:1437:19:HAL_RTC_GetAlarm	8	static
