stm32l5xx_hal_exti.c:139:19:HAL_EXTI_SetConfigLine	20	static
stm32l5xx_hal_exti.c:261:19:HAL_EXTI_GetConfigLine	20	static
stm32l5xx_hal_exti.c:364:19:HAL_EXTI_ClearConfigLine	20	static
stm32l5xx_hal_exti.c:430:19:HAL_EXTI_RegisterCallback	0	static
stm32l5xx_hal_exti.c:465:19:HAL_EXTI_GetHandle	0	static
stm32l5xx_hal_exti.c:504:6:HAL_EXTI_IRQHandler	16	static
stm32l5xx_hal_exti.c:558:10:HAL_EXTI_GetPending	8	static
stm32l5xx_hal_exti.c:602:6:HAL_EXTI_ClearPending	0	static
stm32l5xx_hal_exti.c:638:6:HAL_EXTI_GenerateSWI	0	static
stm32l5xx_hal_exti.c:689:6:HAL_EXTI_ConfigLineAttributes	12	static
stm32l5xx_hal_exti.c:762:19:HAL_EXTI_GetConfigLineAttributes	8	static
