stm32l5xx_hal_gtzc.c:216:19:HAL_GTZC_TZSC_ConfigPeriphAttributes	12	static
stm32l5xx_hal_gtzc.c:321:19:HAL_GTZC_TZSC_GetConfigPeriphAttributes	20	static
stm32l5xx_hal_gtzc.c:462:19:HAL_GTZC_TZSC_MPCWM_ConfigMemAttributes	8	static
stm32l5xx_hal_gtzc.c:568:19:HAL_GTZC_TZSC_MPCWM_GetConfigMemAttributes	8	static
stm32l5xx_hal_gtzc.c:677:6:HAL_GTZC_TZSC_Lock	0	static
stm32l5xx_hal_gtzc.c:689:10:HAL_GTZC_TZSC_GetLock	0	static
stm32l5xx_hal_gtzc.c:721:19:HAL_GTZC_MPCBB_ConfigMem	12	static
stm32l5xx_hal_gtzc.c:787:19:HAL_GTZC_MPCBB_GetConfigMem	8	static
stm32l5xx_hal_gtzc.c:846:19:HAL_GTZC_MPCBB_ConfigMemAttributes	24	static
stm32l5xx_hal_gtzc.c:941:19:HAL_GTZC_MPCBB_GetConfigMemAttributes	20	static
stm32l5xx_hal_gtzc.c:1021:19:HAL_GTZC_MPCBB_LockConfig	20	static
stm32l5xx_hal_gtzc.c:1104:19:HAL_GTZC_MPCBB_GetLockConfig	20	static
stm32l5xx_hal_gtzc.c:1163:19:HAL_GTZC_MPCBB_Lock	0	static
stm32l5xx_hal_gtzc.c:1188:19:HAL_GTZC_MPCBB_GetLock	0	static
stm32l5xx_hal_gtzc.c:1233:19:HAL_GTZC_TZIC_DisableIT	8	static
stm32l5xx_hal_gtzc.c:1270:19:HAL_GTZC_TZIC_EnableIT	8	static
stm32l5xx_hal_gtzc.c:1313:19:HAL_GTZC_TZIC_GetFlag	16	static
stm32l5xx_hal_gtzc.c:1367:19:HAL_GTZC_TZIC_ClearFlag	8	static
stm32l5xx_hal_gtzc.c:1504:13:HAL_GTZC_TZIC_Callback	0	static
stm32l5xx_hal_gtzc.c:1418:6:HAL_GTZC_IRQHandler	16	static
