gpio.c:40:6:MX_GPIO_Init	48	static
gpio.c:117:6:GpioInit	64	static
gpio.c:211:6:GpioSetContext	16	static
gpio.c:216:6:GpioSetInterrupt	56	static
gpio.c:338:6:GpioRemoveInterrupt	40	static
gpio.c:360:6:GpioWrite	16	static
gpio.c:384:6:GpioToggle	16	static
gpio.c:409:10:GpioRead	16	static
gpio.c:435:6:EXTI0_IRQHandler	8	static
gpio.c:440:6:EXTI1_IRQHandler	8	static
gpio.c:445:6:EXTI2_IRQHandler	8	static
gpio.c:450:6:EXTI3_IRQHandler	8	static
gpio.c:455:6:EXTI4_IRQHandler	8	static
gpio.c:460:6:EXTI5_IRQHandler	8	static
gpio.c:465:6:EXTI6_IRQHandler	8	static
gpio.c:470:6:EXTI7_IRQHandler	8	static
gpio.c:475:6:EXTI8_IRQHandler	8	static
gpio.c:480:6:EXTI9_IRQHandler	8	static
gpio.c:485:6:EXTI10_IRQHandler	8	static
gpio.c:490:6:EXTI11_IRQHandler	8	static
gpio.c:495:6:EXTI12_IRQHandler	8	static
gpio.c:500:6:EXTI13_IRQHandler	8	static
gpio.c:505:6:EXTI14_IRQHandler	8	static
gpio.c:510:6:EXTI15_IRQHandler	8	static
gpio.c:515:6:HAL_GPIO_EXTI_Callback	24	static
