gpio.c:40:6:MX_GPIO_Init	48	static
gpio.c:111:6:GpioInit	48	static
gpio.c:205:6:GpioSetContext	16	static
gpio.c:210:6:GpioSetInterrupt	56	static
gpio.c:332:6:GpioRemoveInterrupt	40	static
gpio.c:354:6:GpioWrite	16	static
gpio.c:378:6:GpioToggle	16	static
gpio.c:403:10:GpioRead	16	static
gpio.c:429:6:EXTI0_IRQHandler	8	static
gpio.c:434:6:EXTI1_IRQHandler	8	static
gpio.c:439:6:EXTI2_IRQHandler	8	static
gpio.c:444:6:EXTI3_IRQHandler	8	static
gpio.c:449:6:EXTI4_IRQHandler	8	static
gpio.c:454:6:EXTI5_IRQHandler	8	static
gpio.c:459:6:EXTI6_IRQHandler	8	static
gpio.c:464:6:EXTI7_IRQHandler	8	static
gpio.c:469:6:EXTI8_IRQHandler	8	static
gpio.c:474:6:EXTI9_IRQHandler	8	static
gpio.c:479:6:EXTI10_IRQHandler	8	static
gpio.c:484:6:EXTI11_IRQHandler	8	static
gpio.c:489:6:EXTI12_IRQHandler	8	static
gpio.c:494:6:EXTI13_IRQHandler	8	static
gpio.c:499:6:EXTI14_IRQHandler	8	static
gpio.c:504:6:EXTI15_IRQHandler	8	static
gpio.c:509:6:HAL_GPIO_EXTI_Callback	24	static
