main.c:139:5:main	56	static
main.c:237:6:SecureFault_Callback	8	static
main.c:252:6:SecureError_Callback	8	static
main.c:262:6:LR_TxDone	8	static
main.c:270:6:LR_TxTimeout	8	static
main.c:285:6:LR_RxDone	24	static
main.c:296:6:LR_RxTimeout	8	static
main.c:305:6:LR_RxError	8	static
main.c:315:6:LR_FhssChangeChannel	16	static
main.c:325:6:LR_CadDone	16	static
main.c:333:9:LR_GnssDone	8	static
main.c:341:9:LR_WifiDone	8	static
main.c:357:6:HAL_TIM_PeriodElapsedCallback	16	static
main.c:374:6:Error_Handler	8	static,ignoring_inline_asm
