main.c:137:5:main	56	static
main.c:230:6:SecureFault_Callback	8	static
main.c:245:6:SecureError_Callback	8	static
main.c:255:6:LR_TxDone	4	static
main.c:263:6:LR_TxTimeout	4	static
main.c:278:6:LR_RxDone	24	static
main.c:286:6:LR_RxTimeout	4	static
main.c:294:6:LR_RxError	4	static
main.c:304:6:LR_FhssChangeChannel	16	static
main.c:313:6:LR_CadDone	16	static
main.c:321:9:LR_GnssDone	4	static
main.c:328:9:LR_WifiDone	4	static
main.c:343:6:HAL_TIM_PeriodElapsedCallback	16	static
main.c:360:6:Error_Handler	8	static,ignoring_inline_asm
