rtc.c:41:6:MX_RTC_Init	48	static
rtc.c:114:6:HAL_RTC_MspInit	168	static
rtc.c:145:6:HAL_RTC_MspDeInit	16	static
rtc.c:286:6:RtcInit	32	static
rtc.c:340:10:RtcSetTimerContext	8	static
rtc.c:352:10:RtcGetTimerContext	4	static
rtc.c:362:10:RtcGetMinimumTimeout	4	static
rtc.c:373:10:RtcMs2Tick	16	static
rtc.c:384:10:RtcTick2Ms	24	static
rtc.c:397:6:RtcDelayMs	40	static,ignoring_inline_asm
rtc.c:418:6:RtcSetAlarm	24	static
rtc.c:439:6:RtcStopAlarm	8	static
rtc.c:451:6:RtcStartAlarm	64	static
rtc.c:554:10:RtcGetTimerValue	40	static
rtc.c:564:10:RtcGetTimerElapsedTime	40	static
rtc.c:574:6:RtcSetMcuWakeUpTime	56	static
rtc.c:604:9:RtcGetMcuWakeUpTime	4	static
rtc.c:609:17:RtcGetCalendarValue	56	static
rtc.c:645:10:RtcGetCalendarTime	56	static
rtc.c:665:6:RTC_Alarm_IRQHandler	16	static
rtc.c:694:6:HAL_RTC_AlarmAEventCallback	16	static
rtc.c:699:6:RtcBkupWrite	16	static
rtc.c:705:6:RtcBkupRead	16	static
rtc.c:711:6:RtcProcess	4	static
rtc.c:716:13:RtcTempCompensation	40	static
