stm32l5xx_it.c:88:6:MemManage_Handler	4	static
stm32l5xx_it.c:103:6:UsageFault_Handler	4	static
stm32l5xx_it.c:118:6:SVC_Handler	4	static
stm32l5xx_it.c:131:6:PendSV_Handler	4	static
stm32l5xx_it.c:144:6:SysTick_Handler	4	static
stm32l5xx_it.c:165:6:RTC_IRQHandler	8	static
stm32l5xx_it.c:181:6:EXTI1_IRQHandler	8	static
stm32l5xx_it.c:195:6:EXTI3_IRQHandler	8	static
stm32l5xx_it.c:209:6:DMA1_Channel5_IRQHandler	8	static
stm32l5xx_it.c:223:6:DMA1_Channel6_IRQHandler	8	static
stm32l5xx_it.c:237:6:DMA1_Channel8_IRQHandler	8	static
stm32l5xx_it.c:251:6:ADC1_2_IRQHandler	8	static
stm32l5xx_it.c:266:6:TIM1_BRK_IRQHandler	8	static
stm32l5xx_it.c:280:6:TIM1_UP_IRQHandler	8	static
stm32l5xx_it.c:294:6:TIM1_TRG_COM_IRQHandler	8	static
stm32l5xx_it.c:308:6:TIM1_CC_IRQHandler	8	static
stm32l5xx_it.c:322:6:TIM6_IRQHandler	8	static
stm32l5xx_it.c:336:6:I2C1_EV_IRQHandler	8	static
stm32l5xx_it.c:350:6:I2C1_ER_IRQHandler	8	static
stm32l5xx_it.c:364:6:SPI1_IRQHandler	8	static
stm32l5xx_it.c:378:6:USART3_IRQHandler	8	static
stm32l5xx_it.c:392:6:LPUART1_IRQHandler	8	static
stm32l5xx_it.c:406:6:DMA2_Channel1_IRQHandler	8	static
stm32l5xx_it.c:420:6:DMA2_Channel2_IRQHandler	8	static
stm32l5xx_it.c:434:6:DMA2_Channel3_IRQHandler	8	static
stm32l5xx_it.c:448:6:DMA2_Channel6_IRQHandler	8	static
stm32l5xx_it.c:462:6:RNG_IRQHandler	8	static
stm32l5xx_it.c:476:6:FPU_IRQHandler	4	static
stm32l5xx_it.c:489:6:SPI3_IRQHandler	8	static
