stm32l5xx_it.c:86:6:MemManage_Handler	4	static
stm32l5xx_it.c:101:6:UsageFault_Handler	4	static
stm32l5xx_it.c:116:6:SVC_Handler	4	static
stm32l5xx_it.c:129:6:PendSV_Handler	4	static
stm32l5xx_it.c:142:6:SysTick_Handler	4	static
stm32l5xx_it.c:163:6:RTC_IRQHandler	8	static
stm32l5xx_it.c:179:6:DMA1_Channel5_IRQHandler	8	static
stm32l5xx_it.c:193:6:DMA1_Channel6_IRQHandler	8	static
stm32l5xx_it.c:207:6:ADC1_2_IRQHandler	8	static
stm32l5xx_it.c:222:6:TIM1_BRK_IRQHandler	8	static
stm32l5xx_it.c:236:6:TIM1_UP_IRQHandler	8	static
stm32l5xx_it.c:250:6:TIM1_TRG_COM_IRQHandler	8	static
stm32l5xx_it.c:264:6:TIM1_CC_IRQHandler	8	static
stm32l5xx_it.c:278:6:TIM6_IRQHandler	8	static
stm32l5xx_it.c:292:6:I2C1_EV_IRQHandler	8	static
stm32l5xx_it.c:306:6:I2C1_ER_IRQHandler	8	static
stm32l5xx_it.c:320:6:SPI1_IRQHandler	8	static
stm32l5xx_it.c:334:6:USART3_IRQHandler	8	static
stm32l5xx_it.c:348:6:LPUART1_IRQHandler	8	static
stm32l5xx_it.c:362:6:DMA2_Channel2_IRQHandler	8	static
stm32l5xx_it.c:376:6:DMA2_Channel3_IRQHandler	8	static
stm32l5xx_it.c:390:6:DMA2_Channel6_IRQHandler	8	static
stm32l5xx_it.c:404:6:RNG_IRQHandler	8	static
stm32l5xx_it.c:418:6:FPU_IRQHandler	4	static
stm32l5xx_it.c:431:6:SPI3_IRQHandler	8	static
