Archive member included to satisfy reference by file (symbol)

c:/st/stm32cubeide_1.6.0/stm32cubeide/plugins/com.st.stm32cube.ide.mcu.externaltools.gnu-tools-for-stm32.9-2020-q2-update.win32_1.5.0.202011040924/tools/bin/../lib/gcc/arm-none-eabi/9.3.1/../../../../arm-none-eabi/lib/thumb/v8-m.main+fp/hard\libc_nano.a(lib_a-errno.o)
                              Core/Src/syscalls.o (__errno)
c:/st/stm32cubeide_1.6.0/stm32cubeide/plugins/com.st.stm32cube.ide.mcu.externaltools.gnu-tools-for-stm32.9-2020-q2-update.win32_1.5.0.202011040924/tools/bin/../lib/gcc/arm-none-eabi/9.3.1/../../../../arm-none-eabi/lib/thumb/v8-m.main+fp/hard\libc_nano.a(lib_a-exit.o)
                              c:/st/stm32cubeide_1.6.0/stm32cubeide/plugins/com.st.stm32cube.ide.mcu.externaltools.gnu-tools-for-stm32.9-2020-q2-update.win32_1.5.0.202011040924/tools/bin/../lib/gcc/arm-none-eabi/9.3.1/../../../../arm-none-eabi/lib/thumb/v8-m.main+fp/hard/crt0.o (exit)
c:/st/stm32cubeide_1.6.0/stm32cubeide/plugins/com.st.stm32cube.ide.mcu.externaltools.gnu-tools-for-stm32.9-2020-q2-update.win32_1.5.0.202011040924/tools/bin/../lib/gcc/arm-none-eabi/9.3.1/../../../../arm-none-eabi/lib/thumb/v8-m.main+fp/hard\libc_nano.a(lib_a-impure.o)
                              c:/st/stm32cubeide_1.6.0/stm32cubeide/plugins/com.st.stm32cube.ide.mcu.externaltools.gnu-tools-for-stm32.9-2020-q2-update.win32_1.5.0.202011040924/tools/bin/../lib/gcc/arm-none-eabi/9.3.1/../../../../arm-none-eabi/lib/thumb/v8-m.main+fp/hard\libc_nano.a(lib_a-exit.o) (_global_impure_ptr)
c:/st/stm32cubeide_1.6.0/stm32cubeide/plugins/com.st.stm32cube.ide.mcu.externaltools.gnu-tools-for-stm32.9-2020-q2-update.win32_1.5.0.202011040924/tools/bin/../lib/gcc/arm-none-eabi/9.3.1/../../../../arm-none-eabi/lib/thumb/v8-m.main+fp/hard\libc_nano.a(lib_a-init.o)
                              c:/st/stm32cubeide_1.6.0/stm32cubeide/plugins/com.st.stm32cube.ide.mcu.externaltools.gnu-tools-for-stm32.9-2020-q2-update.win32_1.5.0.202011040924/tools/bin/../lib/gcc/arm-none-eabi/9.3.1/../../../../arm-none-eabi/lib/thumb/v8-m.main+fp/hard/crt0.o (__libc_init_array)
c:/st/stm32cubeide_1.6.0/stm32cubeide/plugins/com.st.stm32cube.ide.mcu.externaltools.gnu-tools-for-stm32.9-2020-q2-update.win32_1.5.0.202011040924/tools/bin/../lib/gcc/arm-none-eabi/9.3.1/../../../../arm-none-eabi/lib/thumb/v8-m.main+fp/hard\libc_nano.a(lib_a-memcpy-stub.o)
                              Drivers/BSP/STM32L552E-EV/stm32l552e_eval_bus.o (memcpy)
c:/st/stm32cubeide_1.6.0/stm32cubeide/plugins/com.st.stm32cube.ide.mcu.externaltools.gnu-tools-for-stm32.9-2020-q2-update.win32_1.5.0.202011040924/tools/bin/../lib/gcc/arm-none-eabi/9.3.1/../../../../arm-none-eabi/lib/thumb/v8-m.main+fp/hard\libc_nano.a(lib_a-memset.o)
                              c:/st/stm32cubeide_1.6.0/stm32cubeide/plugins/com.st.stm32cube.ide.mcu.externaltools.gnu-tools-for-stm32.9-2020-q2-update.win32_1.5.0.202011040924/tools/bin/../lib/gcc/arm-none-eabi/9.3.1/../../../../arm-none-eabi/lib/thumb/v8-m.main+fp/hard/crt0.o (memset)
c:/st/stm32cubeide_1.6.0/stm32cubeide/plugins/com.st.stm32cube.ide.mcu.externaltools.gnu-tools-for-stm32.9-2020-q2-update.win32_1.5.0.202011040924/tools/bin/../lib/gcc/arm-none-eabi/9.3.1/thumb/v8-m.main+fp/hard\libgcc.a(_aeabi_uldivmod.o)
                              Drivers/STM32L5xx_HAL_Driver/stm32l5xx_hal_uart.o (__aeabi_uldivmod)
c:/st/stm32cubeide_1.6.0/stm32cubeide/plugins/com.st.stm32cube.ide.mcu.externaltools.gnu-tools-for-stm32.9-2020-q2-update.win32_1.5.0.202011040924/tools/bin/../lib/gcc/arm-none-eabi/9.3.1/thumb/v8-m.main+fp/hard\libgcc.a(_udivmoddi4.o)
                              c:/st/stm32cubeide_1.6.0/stm32cubeide/plugins/com.st.stm32cube.ide.mcu.externaltools.gnu-tools-for-stm32.9-2020-q2-update.win32_1.5.0.202011040924/tools/bin/../lib/gcc/arm-none-eabi/9.3.1/thumb/v8-m.main+fp/hard\libgcc.a(_aeabi_uldivmod.o) (__udivmoddi4)
c:/st/stm32cubeide_1.6.0/stm32cubeide/plugins/com.st.stm32cube.ide.mcu.externaltools.gnu-tools-for-stm32.9-2020-q2-update.win32_1.5.0.202011040924/tools/bin/../lib/gcc/arm-none-eabi/9.3.1/thumb/v8-m.main+fp/hard\libgcc.a(_dvmd_tls.o)
                              c:/st/stm32cubeide_1.6.0/stm32cubeide/plugins/com.st.stm32cube.ide.mcu.externaltools.gnu-tools-for-stm32.9-2020-q2-update.win32_1.5.0.202011040924/tools/bin/../lib/gcc/arm-none-eabi/9.3.1/thumb/v8-m.main+fp/hard\libgcc.a(_aeabi_uldivmod.o) (__aeabi_ldiv0)

Allocating common symbols
Common symbol       size              file

hdma_usart3_rx      0x68              Core/Src/usart.o
huart3              0x90              Core/Src/usart.o
hadc2               0x94              Core/Src/adc.o
hi2c1               0x7c              Core/Src/i2c.o
hcrc                0x24              Core/Src/crc.o
uwTick              0x4               Drivers/STM32L5xx_HAL_Driver/stm32l5xx_hal.o
hdma_usart3_tx      0x68              Core/Src/usart.o
hlpuart1            0x90              Core/Src/usart.o
hspi3               0x8c              Core/Src/spi.o
[...]
Memory Configuration

Name             Origin             Length             Attributes
RAM              0x0000000020018000 0x0000000000018000 xrw
FLASH            0x0000000008040000 0x0000000000040000 xr
*default*        0x0000000000000000 0xffffffffffffffff

Linker script and memory map

LOAD c:/st/stm32cubeide_1.6.0/stm32cubeide/plugins/com.st.stm32cube.ide.mcu.externaltools.gnu-tools-for-stm32.9-2020-q2-update.win32_1.5.0.202011040924/tools/bin/../lib/gcc/arm-none-eabi/9.3.1/thumb/v8-m.main+fp/hard/crti.o
LOAD c:/st/stm32cubeide_1.6.0/stm32cubeide/plugins/com.st.stm32cube.ide.mcu.externaltools.gnu-tools-for-stm32.9-2020-q2-update.win32_1.5.0.202011040924/tools/bin/../lib/gcc/arm-none-eabi/9.3.1/thumb/v8-m.main+fp/hard/crtbegin.o
LOAD c:/st/stm32cubeide_1.6.0/stm32cubeide/plugins/com.st.stm32cube.ide.mcu.externaltools.gnu-tools-for-stm32.9-2020-q2-update.win32_1.5.0.202011040924/tools/bin/../lib/gcc/arm-none-eabi/9.3.1/../../../../arm-none-eabi/lib/thumb/v8-m.main+fp/hard/crt0.o
LOAD Core/Src/adc.o
LOAD Core/Src/crc.o
LOAD Core/Src/dma.o
LOAD Core/Src/gpio.o
LOAD Core/Src/i2c.o
LOAD Core/Src/main.o
LOAD Core/Src/rng.o
LOAD Core/Src/rtc.o
LOAD Core/Src/spi.o
LOAD Core/Src/stm32l5xx_hal_msp.o
LOAD Core/Src/stm32l5xx_hal_timebase_tim.o
LOAD Core/Src/stm32l5xx_it.o
LOAD Core/Src/syscalls.o
LOAD Core/Src/sysmem.o
LOAD Core/Src/system_stm32l5xx_ns.o
LOAD Core/Src/tim.o
LOAD Core/Src/usart.o
LOAD Core/Startup/startup_stm32l552vetx.o
LOAD Drivers/BSP/Components/icg20330/icg20330.o
LOAD Drivers/BSP/STM32L552E-EV/stm32l552e_eval.o
LOAD Drivers/BSP/STM32L552E-EV/stm32l552e_eval_bus.o
LOAD Drivers/BSP/STM32L552E-EV/stm32l552e_eval_idd.o
LOAD Drivers/BSP/STM32L552E-EV/stm32l552e_eval_io.o
LOAD Drivers/BSP/STM32L552E-EV/stm32l5xx_gyroscope.o
LOAD Drivers/STM32L5xx_HAL_Driver/stm32l5xx_hal.o
LOAD Drivers/STM32L5xx_HAL_Driver/stm32l5xx_hal_adc.o
LOAD Drivers/STM32L5xx_HAL_Driver/stm32l5xx_hal_adc_ex.o
LOAD Drivers/STM32L5xx_HAL_Driver/stm32l5xx_hal_cortex.o
LOAD Drivers/STM32L5xx_HAL_Driver/stm32l5xx_hal_crc.o
LOAD Drivers/STM32L5xx_HAL_Driver/stm32l5xx_hal_crc_ex.o
LOAD Drivers/STM32L5xx_HAL_Driver/stm32l5xx_hal_dma.o
LOAD Drivers/STM32L5xx_HAL_Driver/stm32l5xx_hal_dma_ex.o
LOAD Drivers/STM32L5xx_HAL_Driver/stm32l5xx_hal_exti.o
LOAD Drivers/STM32L5xx_HAL_Driver/stm32l5xx_hal_flash.o
LOAD Drivers/STM32L5xx_HAL_Driver/stm32l5xx_hal_flash_ex.o
LOAD Drivers/STM32L5xx_HAL_Driver/stm32l5xx_hal_flash_ramfunc.o
LOAD Drivers/STM32L5xx_HAL_Driver/stm32l5xx_hal_gpio.o
LOAD Drivers/STM32L5xx_HAL_Driver/stm32l5xx_hal_i2c.o
LOAD Drivers/STM32L5xx_HAL_Driver/stm32l5xx_hal_i2c_ex.o
LOAD Drivers/STM32L5xx_HAL_Driver/stm32l5xx_hal_icache.o
LOAD Drivers/STM32L5xx_HAL_Driver/stm32l5xx_hal_pwr.o
LOAD Drivers/STM32L5xx_HAL_Driver/stm32l5xx_hal_pwr_ex.o
LOAD Drivers/STM32L5xx_HAL_Driver/stm32l5xx_hal_rcc.o
LOAD Drivers/STM32L5xx_HAL_Driver/stm32l5xx_hal_rcc_ex.o
LOAD Drivers/STM32L5xx_HAL_Driver/stm32l5xx_hal_rng.o
LOAD Drivers/STM32L5xx_HAL_Driver/stm32l5xx_hal_rng_ex.o
LOAD Drivers/STM32L5xx_HAL_Driver/stm32l5xx_hal_rtc.o
LOAD Drivers/STM32L5xx_HAL_Driver/stm32l5xx_hal_rtc_ex.o
LOAD Drivers/STM32L5xx_HAL_Driver/stm32l5xx_hal_spi.o
LOAD Drivers/STM32L5xx_HAL_Driver/stm32l5xx_hal_spi_ex.o
LOAD Drivers/STM32L5xx_HAL_Driver/stm32l5xx_hal_tim.o
LOAD Drivers/STM32L5xx_HAL_Driver/stm32l5xx_hal_tim_ex.o
LOAD Drivers/STM32L5xx_HAL_Driver/stm32l5xx_hal_uart.o
LOAD Drivers/STM32L5xx_HAL_Driver/stm32l5xx_hal_uart_ex.o
LOAD C:/Users/anol_/STM32CubeIDE/workspace_1.6.0/LR111x_L552VE/Secure/Debug/secure_nsclib.o
START GROUP
LOAD c:/st/stm32cubeide_1.6.0/stm32cubeide/plugins/com.st.stm32cube.ide.mcu.externaltools.gnu-tools-for-stm32.9-2020-q2-update.win32_1.5.0.202011040924/tools/bin/../lib/gcc/arm-none-eabi/9.3.1/../../../../arm-none-eabi/lib/thumb/v8-m.main+fp/hard\libc_nano.a
LOAD c:/st/stm32cubeide_1.6.0/stm32cubeide/plugins/com.st.stm32cube.ide.mcu.externaltools.gnu-tools-for-stm32.9-2020-q2-update.win32_1.5.0.202011040924/tools/bin/../lib/gcc/arm-none-eabi/9.3.1/../../../../arm-none-eabi/lib/thumb/v8-m.main+fp/hard\libm.a
END GROUP
START GROUP
LOAD c:/st/stm32cubeide_1.6.0/stm32cubeide/plugins/com.st.stm32cube.ide.mcu.externaltools.gnu-tools-for-stm32.9-2020-q2-update.win32_1.5.0.202011040924/tools/bin/../lib/gcc/arm-none-eabi/9.3.1/thumb/v8-m.main+fp/hard\libgcc.a
LOAD c:/st/stm32cubeide_1.6.0/stm32cubeide/plugins/com.st.stm32cube.ide.mcu.externaltools.gnu-tools-for-stm32.9-2020-q2-update.win32_1.5.0.202011040924/tools/bin/../lib/gcc/arm-none-eabi/9.3.1/../../../../arm-none-eabi/lib/thumb/v8-m.main+fp/hard\libc_nano.a
END GROUP
START GROUP
LOAD c:/st/stm32cubeide_1.6.0/stm32cubeide/plugins/com.st.stm32cube.ide.mcu.externaltools.gnu-tools-for-stm32.9-2020-q2-update.win32_1.5.0.202011040924/tools/bin/../lib/gcc/arm-none-eabi/9.3.1/thumb/v8-m.main+fp/hard\libgcc.a
LOAD c:/st/stm32cubeide_1.6.0/stm32cubeide/plugins/com.st.stm32cube.ide.mcu.externaltools.gnu-tools-for-stm32.9-2020-q2-update.win32_1.5.0.202011040924/tools/bin/../lib/gcc/arm-none-eabi/9.3.1/../../../../arm-none-eabi/lib/thumb/v8-m.main+fp/hard\libc_nano.a
LOAD c:/st/stm32cubeide_1.6.0/stm32cubeide/plugins/com.st.stm32cube.ide.mcu.externaltools.gnu-tools-for-stm32.9-2020-q2-update.win32_1.5.0.202011040924/tools/bin/../lib/gcc/arm-none-eabi/9.3.1/../../../../arm-none-eabi/lib/thumb/v8-m.main+fp/hard\libnosys.a
END GROUP
START GROUP
LOAD c:/st/stm32cubeide_1.6.0/stm32cubeide/plugins/com.st.stm32cube.ide.mcu.externaltools.gnu-tools-for-stm32.9-2020-q2-update.win32_1.5.0.202011040924/tools/bin/../lib/gcc/arm-none-eabi/9.3.1/thumb/v8-m.main+fp/hard\libgcc.a
LOAD c:/st/stm32cubeide_1.6.0/stm32cubeide/plugins/com.st.stm32cube.ide.mcu.externaltools.gnu-tools-for-stm32.9-2020-q2-update.win32_1.5.0.202011040924/tools/bin/../lib/gcc/arm-none-eabi/9.3.1/../../../../arm-none-eabi/lib/thumb/v8-m.main+fp/hard\libc_nano.a
LOAD c:/st/stm32cubeide_1.6.0/stm32cubeide/plugins/com.st.stm32cube.ide.mcu.externaltools.gnu-tools-for-stm32.9-2020-q2-update.win32_1.5.0.202011040924/tools/bin/../lib/gcc/arm-none-eabi/9.3.1/../../../../arm-none-eabi/lib/thumb/v8-m.main+fp/hard\libnosys.a
END GROUP
LOAD c:/st/stm32cubeide_1.6.0/stm32cubeide/plugins/com.st.stm32cube.ide.mcu.externaltools.gnu-tools-for-stm32.9-2020-q2-update.win32_1.5.0.202011040924/tools/bin/../lib/gcc/arm-none-eabi/9.3.1/thumb/v8-m.main+fp/hard/crtend.o
LOAD c:/st/stm32cubeide_1.6.0/stm32cubeide/plugins/com.st.stm32cube.ide.mcu.externaltools.gnu-tools-for-stm32.9-2020-q2-update.win32_1.5.0.202011040924/tools/bin/../lib/gcc/arm-none-eabi/9.3.1/thumb/v8-m.main+fp/hard/crtn.o
                0x0000000020030000                _estack = (ORIGIN (RAM) + LENGTH (RAM))
                0x0000000000000200                _Min_Heap_Size = 0x200
                0x0000000000000400                _Min_Stack_Size = 0x400

.isr_vector     0x0000000008040000      0x1f4
                0x0000000008040000                . = ALIGN (0x4)
 *(.isr_vector)
 .isr_vector    0x0000000008040000      0x1f4 Core/Startup/startup_stm32l552vetx.o
                0x0000000008040000                g_pfnVectors
                0x00000000080401f4                . = ALIGN (0x4)

.text           0x00000000080401f8     0x9d88
                0x00000000080401f8                . = ALIGN (0x4)
 *(.text)
 .text          0x00000000080401f8       0x40 c:/st/stm32cubeide_1.6.0/stm32cubeide/plugins/com.st.stm32cube.ide.mcu.externaltools.gnu-tools-for-stm32.9-2020-q2-update.win32_1.5.0.202011040924/tools/bin/../lib/gcc/arm-none-eabi/9.3.1/thumb/v8-m.main+fp/hard/crtbegin.o
 .text          0x0000000008040238       0x30 c:/st/stm32cubeide_1.6.0/stm32cubeide/plugins/com.st.stm32cube.ide.mcu.externaltools.gnu-tools-for-stm32.9-2020-q2-update.win32_1.5.0.202011040924/tools/bin/../lib/gcc/arm-none-eabi/9.3.1/thumb/v8-m.main+fp/hard\libgcc.a(_aeabi_uldivmod.o)
                0x0000000008040238                __aeabi_uldivmod
 .text          0x0000000008040268      0x2e8 c:/st/stm32cubeide_1.6.0/stm32cubeide/plugins/com.st.stm32cube.ide.mcu.externaltools.gnu-tools-for-stm32.9-2020-q2-update.win32_1.5.0.202011040924/tools/bin/../lib/gcc/arm-none-eabi/9.3.1/thumb/v8-m.main+fp/hard\libgcc.a(_udivmoddi4.o)
                0x0000000008040268                __udivmoddi4
 .text          0x0000000008040550        0x4 c:/st/stm32cubeide_1.6.0/stm32cubeide/plugins/com.st.stm32cube.ide.mcu.externaltools.gnu-tools-for-stm32.9-2020-q2-update.win32_1.5.0.202011040924/tools/bin/../lib/gcc/arm-none-eabi/9.3.1/thumb/v8-m.main+fp/hard\libgcc.a(_dvmd_tls.o)
                0x0000000008040550                __aeabi_idiv0
                0x0000000008040550                __aeabi_ldiv0
 *(.text*)
 .text.MX_ADC1_Init
                0x0000000008040554       0xec Core/Src/adc.o
                0x0000000008040554                MX_ADC1_Init
 .text.MX_ADC2_Init
                0x0000000008040640       0xc8 Core/Src/adc.o
                0x0000000008040640                MX_ADC2_Init
 .text.HAL_ADC_MspInit
                0x0000000008040708      0x1f0 Core/Src/adc.o
                0x0000000008040708                HAL_ADC_MspInit
 .text.MX_CRC_Init
                0x00000000080408f8       0x44 Core/Src/crc.o
                0x00000000080408f8                MX_CRC_Init
 .text.HAL_CRC_MspInit
                0x000000000804093c       0x40 Core/Src/crc.o
                0x000000000804093c                HAL_CRC_MspInit
 .text.MX_DMA_Init
                0x000000000804097c       0xcc Core/Src/dma.o
                0x000000000804097c                MX_DMA_Init
 .text.MX_GPIO_Init
                0x0000000008040a48      0x1a8 Core/Src/gpio.o
                0x0000000008040a48                MX_GPIO_Init
 .text.MX_I2C1_Init
                0x0000000008040bf0       0x80 Core/Src/i2c.o
                0x0000000008040bf0                MX_I2C1_Init
 .text.HAL_I2C_MspInit
                0x0000000008040c70       0xdc Core/Src/i2c.o
                0x0000000008040c70                HAL_I2C_MspInit
 .text.main     0x0000000008040d4c       0x70 Core/Src/main.o
                0x0000000008040d4c                main
 .text.SecureFault_Callback
                0x0000000008040dbc        0xc Core/Src/main.o
                0x0000000008040dbc                SecureFault_Callback
 .text.SecureError_Callback
                0x0000000008040dc8        0xc Core/Src/main.o
                0x0000000008040dc8                SecureError_Callback
 .text.HAL_TIM_PeriodElapsedCallback
                0x0000000008040dd4       0x24 Core/Src/main.o
                0x0000000008040dd4                HAL_TIM_PeriodElapsedCallback
 .text.Error_Handler
                0x0000000008040df8       0x16 Core/Src/main.o
                0x0000000008040df8                Error_Handler
 *fill*         0x0000000008040e0e        0x2 
 .text.MX_RNG_Init
                0x0000000008040e10       0x2c Core/Src/rng.o
                0x0000000008040e10                MX_RNG_Init
 .text.HAL_RNG_MspInit
                0x0000000008040e3c       0x78 Core/Src/rng.o
                0x0000000008040e3c                HAL_RNG_MspInit
 .text.MX_RTC_Init
                0x0000000008040eb4      0x104 Core/Src/rtc.o
                0x0000000008040eb4                MX_RTC_Init
 .text.HAL_RTC_MspInit
                0x0000000008040fb8       0x8c Core/Src/rtc.o
                0x0000000008040fb8                HAL_RTC_MspInit
 .text.HAL_RTC_MspDeInit
                0x0000000008041044       0x44 Core/Src/rtc.o
                0x0000000008041044                HAL_RTC_MspDeInit
 .text.MX_SPI1_Init
                0x0000000008041088       0x7c Core/Src/spi.o
                0x0000000008041088                MX_SPI1_Init
 .text.MX_SPI3_Init
                0x0000000008041104       0x7c Core/Src/spi.o
                0x0000000008041104                MX_SPI3_Init
 .text.HAL_SPI_MspInit
                0x0000000008041180      0x1e8 Core/Src/spi.o
                0x0000000008041180                HAL_SPI_MspInit
 .text.HAL_MspInit
                0x0000000008041368       0x54 Core/Src/stm32l5xx_hal_msp.o
                0x0000000008041368                HAL_MspInit
 .text.HAL_InitTick
                0x00000000080413bc       0xac Core/Src/stm32l5xx_hal_timebase_tim.o
                0x00000000080413bc                HAL_InitTick
 .text.MemManage_Handler
                0x0000000008041468        0x6 Core/Src/stm32l5xx_it.o
                0x0000000008041468                MemManage_Handler
 .text.UsageFault_Handler
                0x000000000804146e        0x6 Core/Src/stm32l5xx_it.o
                0x000000000804146e                UsageFault_Handler
 .text.SVC_Handler
                0x0000000008041474        0xe Core/Src/stm32l5xx_it.o
                0x0000000008041474                SVC_Handler
 .text.PendSV_Handler
                0x0000000008041482        0xe Core/Src/stm32l5xx_it.o
                0x0000000008041482                PendSV_Handler
 .text.SysTick_Handler
                0x0000000008041490        0xe Core/Src/stm32l5xx_it.o
                0x0000000008041490                SysTick_Handler
 *fill*         0x000000000804149e        0x2 
 .text.RTC_IRQHandler
                0x00000000080414a0       0x20 Core/Src/stm32l5xx_it.o
                0x00000000080414a0                RTC_IRQHandler
 .text.EXTI1_IRQHandler
                0x00000000080414c0        0xe Core/Src/stm32l5xx_it.o
                0x00000000080414c0                EXTI1_IRQHandler
 .text.EXTI3_IRQHandler
                0x00000000080414ce        0xe Core/Src/stm32l5xx_it.o
                0x00000000080414ce                EXTI3_IRQHandler
 .text.DMA1_Channel5_IRQHandler
                0x00000000080414dc       0x14 Core/Src/stm32l5xx_it.o
                0x00000000080414dc                DMA1_Channel5_IRQHandler
 .text.DMA1_Channel6_IRQHandler
                0x00000000080414f0       0x14 Core/Src/stm32l5xx_it.o
                0x00000000080414f0                DMA1_Channel6_IRQHandler
 .text.DMA1_Channel8_IRQHandler
                0x0000000008041504       0x14 Core/Src/stm32l5xx_it.o
                0x0000000008041504                DMA1_Channel8_IRQHandler
 .text.ADC1_2_IRQHandler
                0x0000000008041518       0x1c Core/Src/stm32l5xx_it.o
                0x0000000008041518                ADC1_2_IRQHandler
 .text.TIM1_BRK_IRQHandler
                0x0000000008041534       0x14 Core/Src/stm32l5xx_it.o
                0x0000000008041534                TIM1_BRK_IRQHandler
 .text.TIM1_UP_IRQHandler
                0x0000000008041548       0x14 Core/Src/stm32l5xx_it.o
                0x0000000008041548                TIM1_UP_IRQHandler
 .text.TIM1_TRG_COM_IRQHandler
                0x000000000804155c       0x14 Core/Src/stm32l5xx_it.o
                0x000000000804155c                TIM1_TRG_COM_IRQHandler
 .text.TIM1_CC_IRQHandler
                0x0000000008041570       0x14 Core/Src/stm32l5xx_it.o
                0x0000000008041570                TIM1_CC_IRQHandler
 .text.TIM6_IRQHandler
                0x0000000008041584       0x14 Core/Src/stm32l5xx_it.o
                0x0000000008041584                TIM6_IRQHandler
 .text.I2C1_EV_IRQHandler
                0x0000000008041598       0x14 Core/Src/stm32l5xx_it.o
                0x0000000008041598                I2C1_EV_IRQHandler
 .text.I2C1_ER_IRQHandler
                0x00000000080415ac       0x14 Core/Src/stm32l5xx_it.o
                0x00000000080415ac                I2C1_ER_IRQHandler
 .text.SPI1_IRQHandler
                0x00000000080415c0       0x14 Core/Src/stm32l5xx_it.o
                0x00000000080415c0                SPI1_IRQHandler
 .text.USART3_IRQHandler
                0x00000000080415d4       0x14 Core/Src/stm32l5xx_it.o
                0x00000000080415d4                USART3_IRQHandler
 .text.LPUART1_IRQHandler
                0x00000000080415e8       0x14 Core/Src/stm32l5xx_it.o
                0x00000000080415e8                LPUART1_IRQHandler
 .text.DMA2_Channel1_IRQHandler
                0x00000000080415fc       0x14 Core/Src/stm32l5xx_it.o
                0x00000000080415fc                DMA2_Channel1_IRQHandler
 .text.DMA2_Channel2_IRQHandler
                0x0000000008041610       0x14 Core/Src/stm32l5xx_it.o
                0x0000000008041610                DMA2_Channel2_IRQHandler
 .text.DMA2_Channel3_IRQHandler
                0x0000000008041624       0x14 Core/Src/stm32l5xx_it.o
                0x0000000008041624                DMA2_Channel3_IRQHandler
 .text.DMA2_Channel6_IRQHandler
                0x0000000008041638       0x14 Core/Src/stm32l5xx_it.o
                0x0000000008041638                DMA2_Channel6_IRQHandler
 .text.RNG_IRQHandler
                0x000000000804164c       0x14 Core/Src/stm32l5xx_it.o
                0x000000000804164c                RNG_IRQHandler
 .text.FPU_IRQHandler
                0x0000000008041660        0xe Core/Src/stm32l5xx_it.o
                0x0000000008041660                FPU_IRQHandler
 *fill*         0x000000000804166e        0x2 
 .text.SPI3_IRQHandler
                0x0000000008041670       0x14 Core/Src/stm32l5xx_it.o
                0x0000000008041670                SPI3_IRQHandler
 .text.SystemInit
                0x0000000008041684        0xe Core/Src/system_stm32l5xx_ns.o
                0x0000000008041684                SystemInit
 *fill*         0x0000000008041692        0x2 
 .text.SystemCoreClockUpdate
                0x0000000008041694       0x18 Core/Src/system_stm32l5xx_ns.o
                0x0000000008041694                SystemCoreClockUpdate
 .text.MX_TIM1_Init
                0x00000000080416ac       0xb4 Core/Src/tim.o
                0x00000000080416ac                MX_TIM1_Init
 .text.HAL_TIM_Encoder_MspInit
                0x0000000008041760       0xc8 Core/Src/tim.o
                0x0000000008041760                HAL_TIM_Encoder_MspInit
 .text.MX_LPUART1_UART_Init
                0x0000000008041828       0x9c Core/Src/usart.o
                0x0000000008041828                MX_LPUART1_UART_Init
 .text.MX_USART3_UART_Init
                0x00000000080418c4       0x98 Core/Src/usart.o
                0x00000000080418c4                MX_USART3_UART_Init
 .text.HAL_UART_MspInit
                0x000000000804195c      0x320 Core/Src/usart.o
                0x000000000804195c                HAL_UART_MspInit
 .text.Reset_Handler
                0x0000000008041c7c       0x50 Core/Startup/startup_stm32l552vetx.o
                0x0000000008041c7c                Reset_Handler
 .text.Default_Handler
                0x0000000008041ccc        0x2 Core/Startup/startup_stm32l552vetx.o
                0x0000000008041ccc                EXTI2_IRQHandler
                0x0000000008041ccc                TIM8_TRG_COM_IRQHandler
                0x0000000008041ccc                TIM8_CC_IRQHandler
                0x0000000008041ccc                EXTI5_IRQHandler
                0x0000000008041ccc                DebugMon_Handler
                0x0000000008041ccc                FLASH_S_IRQHandler
                0x0000000008041ccc                EXTI13_IRQHandler
                0x0000000008041ccc                TSC_IRQHandler
                0x0000000008041ccc                HardFault_Handler
                0x0000000008041ccc                TAMP_IRQHandler
                0x0000000008041ccc                EXTI12_IRQHandler
                0x0000000008041ccc                DMA2_Channel8_IRQHandler
                0x0000000008041ccc                NMI_Handler
                0x0000000008041ccc                EXTI8_IRQHandler
                0x0000000008041ccc                LPTIM2_IRQHandler
                0x0000000008041ccc                DFSDM1_FLT1_IRQHandler
                0x0000000008041ccc                USB_FS_IRQHandler
                0x0000000008041ccc                I2C3_ER_IRQHandler
                0x0000000008041ccc                DFSDM1_FLT2_IRQHandler
                0x0000000008041ccc                DMAMUX1_IRQHandler
                0x0000000008041ccc                LPTIM3_IRQHandler
                0x0000000008041ccc                EXTI0_IRQHandler
                0x0000000008041ccc                I2C2_EV_IRQHandler
                0x0000000008041ccc                FDCAN1_IT1_IRQHandler
                0x0000000008041ccc                OCTOSPI1_IRQHandler
                0x0000000008041ccc                TIM8_UP_IRQHandler
                0x0000000008041ccc                RCC_S_IRQHandler
                0x0000000008041ccc                DMA1_Channel4_IRQHandler
                0x0000000008041ccc                SAI2_IRQHandler
                0x0000000008041ccc                DFSDM1_FLT3_IRQHandler
                0x0000000008041ccc                EXTI15_IRQHandler
                0x0000000008041ccc                TIM17_IRQHandler
                0x0000000008041ccc                EXTI9_IRQHandler
                0x0000000008041ccc                DMA1_Channel7_IRQHandler
                0x0000000008041ccc                UART5_IRQHandler
                0x0000000008041ccc                TIM4_IRQHandler
                0x0000000008041ccc                TIM16_IRQHandler
                0x0000000008041ccc                UART4_IRQHandler
                0x0000000008041ccc                DMA2_Channel4_IRQHandler
                0x0000000008041ccc                SecureFault_Handler
                0x0000000008041ccc                TIM3_IRQHandler
                0x0000000008041ccc                RCC_IRQHandler
                0x0000000008041ccc                DMA1_Channel1_IRQHandler
                0x0000000008041ccc                Default_Handler
                0x0000000008041ccc                DMA2_Channel7_IRQHandler
                0x0000000008041ccc                TIM7_IRQHandler
                0x0000000008041ccc                SDMMC1_IRQHandler
                0x0000000008041ccc                TIM5_IRQHandler
                0x0000000008041ccc                UCPD1_IRQHandler
                0x0000000008041ccc                TIM15_IRQHandler
                0x0000000008041ccc                I2C3_EV_IRQHandler
                0x0000000008041ccc                PVD_PVM_IRQHandler
                0x0000000008041ccc                SPI2_IRQHandler
                0x0000000008041ccc                EXTI14_IRQHandler
                0x0000000008041ccc                EXTI11_IRQHandler
                0x0000000008041ccc                DMA2_Channel5_IRQHandler
                0x0000000008041ccc                CRS_IRQHandler
                0x0000000008041ccc                EXTI4_IRQHandler
                0x0000000008041ccc                RTC_S_IRQHandler
                0x0000000008041ccc                DMAMUX1_S_IRQHandler
                0x0000000008041ccc                DMA1_Channel3_IRQHandler
                0x0000000008041ccc                COMP_IRQHandler
                0x0000000008041ccc                WWDG_IRQHandler
                0x0000000008041ccc                I2C4_EV_IRQHandler
                0x0000000008041ccc                FDCAN1_IT0_IRQHandler
                0x0000000008041ccc                TIM2_IRQHandler
                0x0000000008041ccc                TAMP_S_IRQHandler
                0x0000000008041ccc                EXTI7_IRQHandler
                0x0000000008041ccc                DAC_IRQHandler
                0x0000000008041ccc                GTZC_IRQHandler
                0x0000000008041ccc                USART2_IRQHandler
                0x0000000008041ccc                DFSDM1_FLT0_IRQHandler
                0x0000000008041ccc                I2C2_ER_IRQHandler
                0x0000000008041ccc                DMA1_Channel2_IRQHandler
                0x0000000008041ccc                TIM8_BRK_IRQHandler
                0x0000000008041ccc                FLASH_IRQHandler
                0x0000000008041ccc                BusFault_Handler
                0x0000000008041ccc                USART1_IRQHandler
                0x0000000008041ccc                EXTI10_IRQHandler
                0x0000000008041ccc                FMC_IRQHandler
                0x0000000008041ccc                EXTI6_IRQHandler
                0x0000000008041ccc                LPTIM1_IRQHandler
                0x0000000008041ccc                I2C4_ER_IRQHandler
                0x0000000008041ccc                ICACHE_IRQHandler
                0x0000000008041ccc                SAI1_IRQHandler
                0x0000000008041ccc                HASH_IRQHandler
 *fill*         0x0000000008041cce        0x2 
 .text.ICG20330_Init
                0x0000000008041cd0       0x7c Drivers/BSP/Components/icg20330/icg20330.o
                0x0000000008041cd0                ICG20330_Init
 .text.ICG20330_DeInit
                0x0000000008041d4c        0xe Drivers/BSP/Components/icg20330/icg20330.o
                0x0000000008041d4c                ICG20330_DeInit
 .text.ICG20330_ReadID
                0x0000000008041d5a       0x20 Drivers/BSP/Components/icg20330/icg20330.o
                0x0000000008041d5a                ICG20330_ReadID
 .text.ICG20330_RebootCmd
                0x0000000008041d7a       0x30 Drivers/BSP/Components/icg20330/icg20330.o
                0x0000000008041d7a                ICG20330_RebootCmd
 .text.ICG20330_LowPower
                0x0000000008041daa       0x2a Drivers/BSP/Components/icg20330/icg20330.o
                0x0000000008041daa                ICG20330_LowPower
 .text.ICG20330_INT1InterruptConfig
                0x0000000008041dd4       0x86 Drivers/BSP/Components/icg20330/icg20330.o
                0x0000000008041dd4                ICG20330_INT1InterruptConfig
 .text.ICG20330_EnableIT
                0x0000000008041e5a       0x2c Drivers/BSP/Components/icg20330/icg20330.o
                0x0000000008041e5a                ICG20330_EnableIT
 .text.ICG20330_DisableIT
                0x0000000008041e86       0x42 Drivers/BSP/Components/icg20330/icg20330.o
                0x0000000008041e86                ICG20330_DisableIT
 .text.ICG20330_FilterConfig
                0x0000000008041ec8       0x2c Drivers/BSP/Components/icg20330/icg20330.o
                0x0000000008041ec8                ICG20330_FilterConfig
 .text.ICG20330_FilterCmd
                0x0000000008041ef4       0x2c Drivers/BSP/Components/icg20330/icg20330.o
                0x0000000008041ef4                ICG20330_FilterCmd
 .text.ICG20330_ReadXYZAngRate
                0x0000000008041f20      0x188 Drivers/BSP/Components/icg20330/icg20330.o
                0x0000000008041f20                ICG20330_ReadXYZAngRate
 .text.BSP_I2C1_Init
                0x00000000080420a8       0xa4 Drivers/BSP/STM32L552E-EV/stm32l552e_eval_bus.o
                0x00000000080420a8                BSP_I2C1_Init
 .text.BSP_I2C1_WriteReg
                0x000000000804214c       0x30 Drivers/BSP/STM32L552E-EV/stm32l552e_eval_bus.o
                0x000000000804214c                BSP_I2C1_WriteReg
 .text.BSP_I2C1_ReadReg
                0x000000000804217c       0x30 Drivers/BSP/STM32L552E-EV/stm32l552e_eval_bus.o
                0x000000000804217c                BSP_I2C1_ReadReg
 .text.BSP_I2C1_RegisterDefaultMspCallbacks
                0x00000000080421ac       0x70 Drivers/BSP/STM32L552E-EV/stm32l552e_eval_bus.o
                0x00000000080421ac                BSP_I2C1_RegisterDefaultMspCallbacks
 .text.I2C1_MspInit
                0x000000000804221c       0xb4 Drivers/BSP/STM32L552E-EV/stm32l552e_eval_bus.o
 .text.I2C1_MspDeInit
                0x00000000080422d0       0x44 Drivers/BSP/STM32L552E-EV/stm32l552e_eval_bus.o
 .text.I2C1_WriteReg
                0x0000000008042314       0xa8 Drivers/BSP/STM32L552E-EV/stm32l552e_eval_bus.o
 .text.I2C1_ReadReg
                0x00000000080423bc       0xa8 Drivers/BSP/STM32L552E-EV/stm32l552e_eval_bus.o
 .text.I2C_GetTiming
                0x0000000008042464      0x100 Drivers/BSP/STM32L552E-EV/stm32l552e_eval_bus.o
 .text.I2C_Compute_PRESC_SCLDEL_SDADEL
                0x0000000008042564      0x1dc Drivers/BSP/STM32L552E-EV/stm32l552e_eval_bus.o
 .text.I2C_Compute_SCLL_SCLH
                0x0000000008042740      0x210 Drivers/BSP/STM32L552E-EV/stm32l552e_eval_bus.o
 .text.BSP_GYRO_Init
                0x0000000008042950       0x80 Drivers/BSP/STM32L552E-EV/stm32l5xx_gyroscope.o
                0x0000000008042950                BSP_GYRO_Init
 .text.BSP_GYRO_GetXYZ
                0x00000000080429d0       0x28 Drivers/BSP/STM32L552E-EV/stm32l5xx_gyroscope.o
                0x00000000080429d0                BSP_GYRO_GetXYZ
 .text.GYRO_IO_Init
                0x00000000080429f8       0x3c Drivers/BSP/STM32L552E-EV/stm32l5xx_gyroscope.o
                0x00000000080429f8                GYRO_IO_Init
 .text.GYRO_IO_Write
                0x0000000008042a34       0x2a Drivers/BSP/STM32L552E-EV/stm32l5xx_gyroscope.o
                0x0000000008042a34                GYRO_IO_Write
 .text.GYRO_IO_Read
                0x0000000008042a5e       0x2a Drivers/BSP/STM32L552E-EV/stm32l5xx_gyroscope.o
                0x0000000008042a5e                GYRO_IO_Read
 .text.HAL_Init
                0x0000000008042a88       0x34 Drivers/STM32L5xx_HAL_Driver/stm32l5xx_hal.o
                0x0000000008042a88                HAL_Init
 .text.HAL_IncTick
                0x0000000008042abc       0x28 Drivers/STM32L5xx_HAL_Driver/stm32l5xx_hal.o
                0x0000000008042abc                HAL_IncTick
 .text.HAL_GetTick
                0x0000000008042ae4       0x18 Drivers/STM32L5xx_HAL_Driver/stm32l5xx_hal.o
                0x0000000008042ae4                HAL_GetTick
 .text.HAL_Delay
                0x0000000008042afc       0x48 Drivers/STM32L5xx_HAL_Driver/stm32l5xx_hal.o
                0x0000000008042afc                HAL_Delay
 .text.LL_ADC_SetCommonClock
                0x0000000008042b44       0x26 Drivers/STM32L5xx_HAL_Driver/stm32l5xx_hal_adc.o
 .text.LL_ADC_SetCommonPathInternalCh
                0x0000000008042b6a       0x26 Drivers/STM32L5xx_HAL_Driver/stm32l5xx_hal_adc.o
 .text.LL_ADC_GetCommonPathInternalCh
                0x0000000008042b90       0x1c Drivers/STM32L5xx_HAL_Driver/stm32l5xx_hal_adc.o
 .text.LL_ADC_SetOffset
                0x0000000008042bac       0x48 Drivers/STM32L5xx_HAL_Driver/stm32l5xx_hal_adc.o
 .text.LL_ADC_GetOffsetChannel
                0x0000000008042bf4       0x2c Drivers/STM32L5xx_HAL_Driver/stm32l5xx_hal_adc.o
 .text.LL_ADC_SetOffsetState
                0x0000000008042c20       0x36 Drivers/STM32L5xx_HAL_Driver/stm32l5xx_hal_adc.o
 .text.LL_ADC_SetSamplingTimeCommonConfig
                0x0000000008042c56       0x26 Drivers/STM32L5xx_HAL_Driver/stm32l5xx_hal_adc.o
 .text.LL_ADC_REG_IsTriggerSourceSWStart
                0x0000000008042c7c       0x26 Drivers/STM32L5xx_HAL_Driver/stm32l5xx_hal_adc.o
 .text.LL_ADC_REG_SetSequencerRanks
                0x0000000008042ca2       0x58 Drivers/STM32L5xx_HAL_Driver/stm32l5xx_hal_adc.o
 .text.LL_ADC_INJ_IsTriggerSourceSWStart
                0x0000000008042cfa       0x26 Drivers/STM32L5xx_HAL_Driver/stm32l5xx_hal_adc.o
 .text.LL_ADC_SetChannelSamplingTime
                0x0000000008042d20       0x56 Drivers/STM32L5xx_HAL_Driver/stm32l5xx_hal_adc.o
 *fill*         0x0000000008042d76        0x2 
 .text.LL_ADC_SetChannelSingleDiff
                0x0000000008042d78       0x48 Drivers/STM32L5xx_HAL_Driver/stm32l5xx_hal_adc.o
 .text.LL_ADC_GetMultimode
                0x0000000008042dc0       0x1c Drivers/STM32L5xx_HAL_Driver/stm32l5xx_hal_adc.o
 .text.LL_ADC_GetMultiDMATransfer
                0x0000000008042ddc       0x1c Drivers/STM32L5xx_HAL_Driver/stm32l5xx_hal_adc.o
 .text.LL_ADC_DisableDeepPowerDown
                0x0000000008042df8       0x24 Drivers/STM32L5xx_HAL_Driver/stm32l5xx_hal_adc.o
 .text.LL_ADC_IsDeepPowerDownEnabled
                0x0000000008042e1c       0x28 Drivers/STM32L5xx_HAL_Driver/stm32l5xx_hal_adc.o
 .text.LL_ADC_EnableInternalRegulator
                0x0000000008042e44       0x28 Drivers/STM32L5xx_HAL_Driver/stm32l5xx_hal_adc.o
 .text.LL_ADC_IsInternalRegulatorEnabled
                0x0000000008042e6c       0x28 Drivers/STM32L5xx_HAL_Driver/stm32l5xx_hal_adc.o
 .text.LL_ADC_IsEnabled
                0x0000000008042e94       0x26 Drivers/STM32L5xx_HAL_Driver/stm32l5xx_hal_adc.o
 .text.LL_ADC_REG_IsConversionOngoing
                0x0000000008042eba       0x26 Drivers/STM32L5xx_HAL_Driver/stm32l5xx_hal_adc.o
 .text.LL_ADC_INJ_IsConversionOngoing
                0x0000000008042ee0       0x26 Drivers/STM32L5xx_HAL_Driver/stm32l5xx_hal_adc.o
 *fill*         0x0000000008042f06        0x2 
 .text.HAL_ADC_Init
                0x0000000008042f08      0x31c Drivers/STM32L5xx_HAL_Driver/stm32l5xx_hal_adc.o
                0x0000000008042f08                HAL_ADC_Init
 .text.HAL_ADC_IRQHandler
                0x0000000008043224      0x448 Drivers/STM32L5xx_HAL_Driver/stm32l5xx_hal_adc.o
                0x0000000008043224                HAL_ADC_IRQHandler
 .text.HAL_ADC_ConvCpltCallback
                0x000000000804366c       0x14 Drivers/STM32L5xx_HAL_Driver/stm32l5xx_hal_adc.o
                0x000000000804366c                HAL_ADC_ConvCpltCallback
 .text.HAL_ADC_ConvHalfCpltCallback
                0x0000000008043680       0x14 Drivers/STM32L5xx_HAL_Driver/stm32l5xx_hal_adc.o
                0x0000000008043680                HAL_ADC_ConvHalfCpltCallback
 .text.HAL_ADC_LevelOutOfWindowCallback
                0x0000000008043694       0x14 Drivers/STM32L5xx_HAL_Driver/stm32l5xx_hal_adc.o
                0x0000000008043694                HAL_ADC_LevelOutOfWindowCallback
 .text.HAL_ADC_ErrorCallback
                0x00000000080436a8       0x14 Drivers/STM32L5xx_HAL_Driver/stm32l5xx_hal_adc.o
                0x00000000080436a8                HAL_ADC_ErrorCallback
 .text.HAL_ADC_ConfigChannel
                0x00000000080436bc      0x7d0 Drivers/STM32L5xx_HAL_Driver/stm32l5xx_hal_adc.o
                0x00000000080436bc                HAL_ADC_ConfigChannel
 .text.LL_ADC_IsEnabled
                0x0000000008043e8c       0x26 Drivers/STM32L5xx_HAL_Driver/stm32l5xx_hal_adc_ex.o
 .text.LL_ADC_REG_IsConversionOngoing
                0x0000000008043eb2       0x26 Drivers/STM32L5xx_HAL_Driver/stm32l5xx_hal_adc_ex.o
 .text.HAL_ADCEx_InjectedConvCpltCallback
                0x0000000008043ed8       0x14 Drivers/STM32L5xx_HAL_Driver/stm32l5xx_hal_adc_ex.o
                0x0000000008043ed8                HAL_ADCEx_InjectedConvCpltCallback
 .text.HAL_ADCEx_InjectedQueueOverflowCallback
                0x0000000008043eec       0x14 Drivers/STM32L5xx_HAL_Driver/stm32l5xx_hal_adc_ex.o
                0x0000000008043eec                HAL_ADCEx_InjectedQueueOverflowCallback
 .text.HAL_ADCEx_LevelOutOfWindow2Callback
                0x0000000008043f00       0x14 Drivers/STM32L5xx_HAL_Driver/stm32l5xx_hal_adc_ex.o
                0x0000000008043f00                HAL_ADCEx_LevelOutOfWindow2Callback
 .text.HAL_ADCEx_LevelOutOfWindow3Callback
                0x0000000008043f14       0x14 Drivers/STM32L5xx_HAL_Driver/stm32l5xx_hal_adc_ex.o
                0x0000000008043f14                HAL_ADCEx_LevelOutOfWindow3Callback
 .text.HAL_ADCEx_EndOfSamplingCallback
                0x0000000008043f28       0x14 Drivers/STM32L5xx_HAL_Driver/stm32l5xx_hal_adc_ex.o
                0x0000000008043f28                HAL_ADCEx_EndOfSamplingCallback
 .text.HAL_ADCEx_MultiModeConfigChannel
                0x0000000008043f3c      0x154 Drivers/STM32L5xx_HAL_Driver/stm32l5xx_hal_adc_ex.o
                0x0000000008043f3c                HAL_ADCEx_MultiModeConfigChannel
 .text.__NVIC_SetPriorityGrouping
                0x0000000008044090       0x48 Drivers/STM32L5xx_HAL_Driver/stm32l5xx_hal_cortex.o
 .text.__NVIC_GetPriorityGrouping
                0x00000000080440d8       0x1c Drivers/STM32L5xx_HAL_Driver/stm32l5xx_hal_cortex.o
 .text.__NVIC_EnableIRQ
                0x00000000080440f4       0x3c Drivers/STM32L5xx_HAL_Driver/stm32l5xx_hal_cortex.o
 .text.__NVIC_DisableIRQ
                0x0000000008044130       0x48 Drivers/STM32L5xx_HAL_Driver/stm32l5xx_hal_cortex.o
 .text.__NVIC_SetPriority
                0x0000000008044178       0x54 Drivers/STM32L5xx_HAL_Driver/stm32l5xx_hal_cortex.o
 .text.NVIC_EncodePriority
                0x00000000080441cc       0x66 Drivers/STM32L5xx_HAL_Driver/stm32l5xx_hal_cortex.o
 .text.HAL_NVIC_SetPriorityGrouping
                0x0000000008044232       0x16 Drivers/STM32L5xx_HAL_Driver/stm32l5xx_hal_cortex.o
                0x0000000008044232                HAL_NVIC_SetPriorityGrouping
 .text.HAL_NVIC_SetPriority
                0x0000000008044248       0x34 Drivers/STM32L5xx_HAL_Driver/stm32l5xx_hal_cortex.o
                0x0000000008044248                HAL_NVIC_SetPriority
 .text.HAL_NVIC_EnableIRQ
                0x000000000804427c       0x1c Drivers/STM32L5xx_HAL_Driver/stm32l5xx_hal_cortex.o
                0x000000000804427c                HAL_NVIC_EnableIRQ
 .text.HAL_NVIC_DisableIRQ
                0x0000000008044298       0x1c Drivers/STM32L5xx_HAL_Driver/stm32l5xx_hal_cortex.o
                0x0000000008044298                HAL_NVIC_DisableIRQ
 .text.HAL_CRC_Init
                0x00000000080442b4       0xc8 Drivers/STM32L5xx_HAL_Driver/stm32l5xx_hal_crc.o
                0x00000000080442b4                HAL_CRC_Init
 .text.HAL_CRCEx_Polynomial_Set
                0x000000000804437c      0x10c Drivers/STM32L5xx_HAL_Driver/stm32l5xx_hal_crc_ex.o
                0x000000000804437c                HAL_CRCEx_Polynomial_Set
 .text.HAL_DMA_Init
                0x0000000008044488      0x150 Drivers/STM32L5xx_HAL_Driver/stm32l5xx_hal_dma.o
                0x0000000008044488                HAL_DMA_Init
 .text.HAL_DMA_Abort
                0x00000000080445d8       0xb8 Drivers/STM32L5xx_HAL_Driver/stm32l5xx_hal_dma.o
                0x00000000080445d8                HAL_DMA_Abort
 .text.HAL_DMA_Abort_IT
                0x0000000008044690       0xbe Drivers/STM32L5xx_HAL_Driver/stm32l5xx_hal_dma.o
                0x0000000008044690                HAL_DMA_Abort_IT
 .text.HAL_DMA_IRQHandler
                0x000000000804474e      0x200 Drivers/STM32L5xx_HAL_Driver/stm32l5xx_hal_dma.o
                0x000000000804474e                HAL_DMA_IRQHandler
 .text.HAL_DMA_GetState
                0x000000000804494e       0x1c Drivers/STM32L5xx_HAL_Driver/stm32l5xx_hal_dma.o
                0x000000000804494e                HAL_DMA_GetState
 .text.HAL_DMA_ConfigChannelAttributes
                0x000000000804496a       0x60 Drivers/STM32L5xx_HAL_Driver/stm32l5xx_hal_dma.o
                0x000000000804496a                HAL_DMA_ConfigChannelAttributes
 *fill*         0x00000000080449ca        0x2 
 .text.DMA_CalcDMAMUXChannelBaseAndMask
                0x00000000080449cc       0x7c Drivers/STM32L5xx_HAL_Driver/stm32l5xx_hal_dma.o
 .text.DMA_CalcDMAMUXRequestGenBaseAndMask
                0x0000000008044a48       0x48 Drivers/STM32L5xx_HAL_Driver/stm32l5xx_hal_dma.o
 .text.HAL_GPIO_Init
                0x0000000008044a90      0x300 Drivers/STM32L5xx_HAL_Driver/stm32l5xx_hal_gpio.o
                0x0000000008044a90                HAL_GPIO_Init
 .text.HAL_GPIO_DeInit
                0x0000000008044d90      0x1dc Drivers/STM32L5xx_HAL_Driver/stm32l5xx_hal_gpio.o
                0x0000000008044d90                HAL_GPIO_DeInit
 .text.HAL_GPIO_WritePin
                0x0000000008044f6c       0x30 Drivers/STM32L5xx_HAL_Driver/stm32l5xx_hal_gpio.o
                0x0000000008044f6c                HAL_GPIO_WritePin
 .text.HAL_GPIO_EXTI_IRQHandler
                0x0000000008044f9c       0x4c Drivers/STM32L5xx_HAL_Driver/stm32l5xx_hal_gpio.o
                0x0000000008044f9c                HAL_GPIO_EXTI_IRQHandler
 .text.HAL_GPIO_EXTI_Rising_Callback
                0x0000000008044fe8       0x16 Drivers/STM32L5xx_HAL_Driver/stm32l5xx_hal_gpio.o
                0x0000000008044fe8                HAL_GPIO_EXTI_Rising_Callback
 .text.HAL_GPIO_EXTI_Falling_Callback
                0x0000000008044ffe       0x16 Drivers/STM32L5xx_HAL_Driver/stm32l5xx_hal_gpio.o
                0x0000000008044ffe                HAL_GPIO_EXTI_Falling_Callback
 .text.HAL_I2C_Init
                0x0000000008045014      0x198 Drivers/STM32L5xx_HAL_Driver/stm32l5xx_hal_i2c.o
                0x0000000008045014                HAL_I2C_Init
 .text.HAL_I2C_RegisterCallback
                0x00000000080451ac      0x150 Drivers/STM32L5xx_HAL_Driver/stm32l5xx_hal_i2c.o
                0x00000000080451ac                HAL_I2C_RegisterCallback
 .text.HAL_I2C_Mem_Write
                0x00000000080452fc      0x228 Drivers/STM32L5xx_HAL_Driver/stm32l5xx_hal_i2c.o
                0x00000000080452fc                HAL_I2C_Mem_Write
 .text.HAL_I2C_Mem_Read
                0x0000000008045524      0x234 Drivers/STM32L5xx_HAL_Driver/stm32l5xx_hal_i2c.o
                0x0000000008045524                HAL_I2C_Mem_Read
 .text.HAL_I2C_EV_IRQHandler
                0x0000000008045758       0x34 Drivers/STM32L5xx_HAL_Driver/stm32l5xx_hal_i2c.o
                0x0000000008045758                HAL_I2C_EV_IRQHandler
 .text.HAL_I2C_ER_IRQHandler
                0x000000000804578c       0xc2 Drivers/STM32L5xx_HAL_Driver/stm32l5xx_hal_i2c.o
                0x000000000804578c                HAL_I2C_ER_IRQHandler
 .text.HAL_I2C_MasterTxCpltCallback
                0x000000000804584e       0x14 Drivers/STM32L5xx_HAL_Driver/stm32l5xx_hal_i2c.o
                0x000000000804584e                HAL_I2C_MasterTxCpltCallback
 .text.HAL_I2C_MasterRxCpltCallback
                0x0000000008045862       0x14 Drivers/STM32L5xx_HAL_Driver/stm32l5xx_hal_i2c.o
                0x0000000008045862                HAL_I2C_MasterRxCpltCallback
 .text.HAL_I2C_SlaveTxCpltCallback
                0x0000000008045876       0x14 Drivers/STM32L5xx_HAL_Driver/stm32l5xx_hal_i2c.o
                0x0000000008045876                HAL_I2C_SlaveTxCpltCallback
 .text.HAL_I2C_SlaveRxCpltCallback
                0x000000000804588a       0x14 Drivers/STM32L5xx_HAL_Driver/stm32l5xx_hal_i2c.o
                0x000000000804588a                HAL_I2C_SlaveRxCpltCallback
 .text.HAL_I2C_AddrCallback
                0x000000000804589e       0x1c Drivers/STM32L5xx_HAL_Driver/stm32l5xx_hal_i2c.o
                0x000000000804589e                HAL_I2C_AddrCallback
 .text.HAL_I2C_ListenCpltCallback
                0x00000000080458ba       0x14 Drivers/STM32L5xx_HAL_Driver/stm32l5xx_hal_i2c.o
                0x00000000080458ba                HAL_I2C_ListenCpltCallback
 .text.HAL_I2C_MemTxCpltCallback
                0x00000000080458ce       0x14 Drivers/STM32L5xx_HAL_Driver/stm32l5xx_hal_i2c.o
                0x00000000080458ce                HAL_I2C_MemTxCpltCallback
 .text.HAL_I2C_MemRxCpltCallback
                0x00000000080458e2       0x14 Drivers/STM32L5xx_HAL_Driver/stm32l5xx_hal_i2c.o
                0x00000000080458e2                HAL_I2C_MemRxCpltCallback
 .text.HAL_I2C_ErrorCallback
                0x00000000080458f6       0x14 Drivers/STM32L5xx_HAL_Driver/stm32l5xx_hal_i2c.o
                0x00000000080458f6                HAL_I2C_ErrorCallback
 .text.HAL_I2C_AbortCpltCallback
                0x000000000804590a       0x14 Drivers/STM32L5xx_HAL_Driver/stm32l5xx_hal_i2c.o
                0x000000000804590a                HAL_I2C_AbortCpltCallback
 .text.HAL_I2C_GetState
                0x000000000804591e       0x1c Drivers/STM32L5xx_HAL_Driver/stm32l5xx_hal_i2c.o
                0x000000000804591e                HAL_I2C_GetState
 .text.HAL_I2C_GetError
                0x000000000804593a       0x18 Drivers/STM32L5xx_HAL_Driver/stm32l5xx_hal_i2c.o
                0x000000000804593a                HAL_I2C_GetError
 .text.I2C_Slave_ISR_IT
                0x0000000008045952      0x206 Drivers/STM32L5xx_HAL_Driver/stm32l5xx_hal_i2c.o
 .text.I2C_RequestMemoryWrite
                0x0000000008045b58       0xa8 Drivers/STM32L5xx_HAL_Driver/stm32l5xx_hal_i2c.o
 .text.I2C_RequestMemoryRead
                0x0000000008045c00       0xa8 Drivers/STM32L5xx_HAL_Driver/stm32l5xx_hal_i2c.o
 .text.I2C_ITAddrCplt
                0x0000000008045ca8      0x108 Drivers/STM32L5xx_HAL_Driver/stm32l5xx_hal_i2c.o
 .text.I2C_ITSlaveSeqCplt
                0x0000000008045db0       0xc0 Drivers/STM32L5xx_HAL_Driver/stm32l5xx_hal_i2c.o
 .text.I2C_ITSlaveCplt
                0x0000000008045e70      0x218 Drivers/STM32L5xx_HAL_Driver/stm32l5xx_hal_i2c.o
 .text.I2C_ITListenCplt
                0x0000000008046088       0xac Drivers/STM32L5xx_HAL_Driver/stm32l5xx_hal_i2c.o
 .text.I2C_ITError
                0x0000000008046134      0x1a0 Drivers/STM32L5xx_HAL_Driver/stm32l5xx_hal_i2c.o
 .text.I2C_TreatErrorCallback
                0x00000000080462d4       0x52 Drivers/STM32L5xx_HAL_Driver/stm32l5xx_hal_i2c.o
 .text.I2C_Flush_TXDR
                0x0000000008046326       0x48 Drivers/STM32L5xx_HAL_Driver/stm32l5xx_hal_i2c.o
 .text.I2C_DMAAbort
                0x000000000804636e       0x3c Drivers/STM32L5xx_HAL_Driver/stm32l5xx_hal_i2c.o
 .text.I2C_WaitOnFlagUntilTimeout
                0x00000000080463aa       0x80 Drivers/STM32L5xx_HAL_Driver/stm32l5xx_hal_i2c.o
 .text.I2C_WaitOnTXISFlagUntilTimeout
                0x000000000804642a       0x80 Drivers/STM32L5xx_HAL_Driver/stm32l5xx_hal_i2c.o
 .text.I2C_WaitOnSTOPFlagUntilTimeout
                0x00000000080464aa       0x78 Drivers/STM32L5xx_HAL_Driver/stm32l5xx_hal_i2c.o
 *fill*         0x0000000008046522        0x2 
 .text.I2C_IsAcknowledgeFailed
                0x0000000008046524       0xcc Drivers/STM32L5xx_HAL_Driver/stm32l5xx_hal_i2c.o
 .text.I2C_TransferConfig
                0x00000000080465f0       0x5c Drivers/STM32L5xx_HAL_Driver/stm32l5xx_hal_i2c.o
 .text.I2C_Disable_IRQ
                0x000000000804664c       0xbc Drivers/STM32L5xx_HAL_Driver/stm32l5xx_hal_i2c.o
 .text.HAL_I2CEx_ConfigAnalogFilter
                0x0000000008046708       0x96 Drivers/STM32L5xx_HAL_Driver/stm32l5xx_hal_i2c_ex.o
                0x0000000008046708                HAL_I2CEx_ConfigAnalogFilter
 .text.HAL_I2CEx_ConfigDigitalFilter
                0x000000000804679e       0x98 Drivers/STM32L5xx_HAL_Driver/stm32l5xx_hal_i2c_ex.o
                0x000000000804679e                HAL_I2CEx_ConfigDigitalFilter
 *fill*         0x0000000008046836        0x2 
 .text.HAL_PWREx_EnableVddIO2
                0x0000000008046838       0x20 Drivers/STM32L5xx_HAL_Driver/stm32l5xx_hal_pwr_ex.o
                0x0000000008046838                HAL_PWREx_EnableVddIO2
 .text.HAL_RCC_GetSysClockFreq
                0x0000000008046858      0x13c Drivers/STM32L5xx_HAL_Driver/stm32l5xx_hal_rcc.o
                0x0000000008046858                HAL_RCC_GetSysClockFreq
 .text.HAL_RCC_GetHCLKFreq
                0x0000000008046994       0x28 Drivers/STM32L5xx_HAL_Driver/stm32l5xx_hal_rcc.o
                0x0000000008046994                HAL_RCC_GetHCLKFreq
 .text.HAL_RCC_GetPCLK1Freq
                0x00000000080469bc       0x28 Drivers/STM32L5xx_HAL_Driver/stm32l5xx_hal_rcc.o
                0x00000000080469bc                HAL_RCC_GetPCLK1Freq
 .text.HAL_RCC_GetPCLK2Freq
                0x00000000080469e4       0x28 Drivers/STM32L5xx_HAL_Driver/stm32l5xx_hal_rcc.o
                0x00000000080469e4                HAL_RCC_GetPCLK2Freq
 .text.HAL_RCC_GetClockConfig
                0x0000000008046a0c       0x64 Drivers/STM32L5xx_HAL_Driver/stm32l5xx_hal_rcc.o
                0x0000000008046a0c                HAL_RCC_GetClockConfig
 .text.HAL_RCCEx_PeriphCLKConfig
                0x0000000008046a70      0x6e8 Drivers/STM32L5xx_HAL_Driver/stm32l5xx_hal_rcc_ex.o
                0x0000000008046a70                HAL_RCCEx_PeriphCLKConfig
 .text.RCCEx_PLLSAI1_Config
                0x0000000008047158      0x1ac Drivers/STM32L5xx_HAL_Driver/stm32l5xx_hal_rcc_ex.o
 .text.RCCEx_PLLSAI2_Config
                0x0000000008047304      0x138 Drivers/STM32L5xx_HAL_Driver/stm32l5xx_hal_rcc_ex.o
 .text.HAL_RNG_Init
                0x000000000804743c      0x154 Drivers/STM32L5xx_HAL_Driver/stm32l5xx_hal_rng.o
                0x000000000804743c                HAL_RNG_Init
 .text.HAL_RNG_IRQHandler
                0x0000000008047590       0xe0 Drivers/STM32L5xx_HAL_Driver/stm32l5xx_hal_rng.o
                0x0000000008047590                HAL_RNG_IRQHandler
 .text.HAL_RNG_ReadyDataCallback
                0x0000000008047670       0x16 Drivers/STM32L5xx_HAL_Driver/stm32l5xx_hal_rng.o
                0x0000000008047670                HAL_RNG_ReadyDataCallback
 .text.HAL_RNG_ErrorCallback
                0x0000000008047686       0x14 Drivers/STM32L5xx_HAL_Driver/stm32l5xx_hal_rng.o
                0x0000000008047686                HAL_RNG_ErrorCallback
 *fill*         0x000000000804769a        0x2 
 .text.HAL_RTC_Init
                0x000000000804769c      0x1ac Drivers/STM32L5xx_HAL_Driver/stm32l5xx_hal_rtc.o
                0x000000000804769c                HAL_RTC_Init
 .text.HAL_RTC_SetAlarm_IT
                0x0000000008047848      0x194 Drivers/STM32L5xx_HAL_Driver/stm32l5xx_hal_rtc.o
                0x0000000008047848                HAL_RTC_SetAlarm_IT
 .text.HAL_RTC_AlarmIRQHandler
                0x00000000080479dc       0x54 Drivers/STM32L5xx_HAL_Driver/stm32l5xx_hal_rtc.o
                0x00000000080479dc                HAL_RTC_AlarmIRQHandler
 .text.HAL_RTC_AlarmAEventCallback
                0x0000000008047a30       0x14 Drivers/STM32L5xx_HAL_Driver/stm32l5xx_hal_rtc.o
                0x0000000008047a30                HAL_RTC_AlarmAEventCallback
 .text.HAL_RTC_WaitForSynchro
                0x0000000008047a44       0x4c Drivers/STM32L5xx_HAL_Driver/stm32l5xx_hal_rtc.o
                0x0000000008047a44                HAL_RTC_WaitForSynchro
 .text.RTC_EnterInitMode
                0x0000000008047a90       0x68 Drivers/STM32L5xx_HAL_Driver/stm32l5xx_hal_rtc.o
                0x0000000008047a90                RTC_EnterInitMode
 .text.RTC_ExitInitMode
                0x0000000008047af8       0x7c Drivers/STM32L5xx_HAL_Driver/stm32l5xx_hal_rtc.o
                0x0000000008047af8                RTC_ExitInitMode
 .text.RTC_ByteToBcd2
                0x0000000008047b74       0x40 Drivers/STM32L5xx_HAL_Driver/stm32l5xx_hal_rtc.o
                0x0000000008047b74                RTC_ByteToBcd2
 .text.HAL_RTCEx_SetTimeStamp_IT
                0x0000000008047bb4       0x9c Drivers/STM32L5xx_HAL_Driver/stm32l5xx_hal_rtc_ex.o
                0x0000000008047bb4                HAL_RTCEx_SetTimeStamp_IT
 .text.HAL_RTCEx_TimeStampIRQHandler
                0x0000000008047c50       0x38 Drivers/STM32L5xx_HAL_Driver/stm32l5xx_hal_rtc_ex.o
                0x0000000008047c50                HAL_RTCEx_TimeStampIRQHandler
 .text.HAL_RTCEx_TimeStampEventCallback
                0x0000000008047c88       0x14 Drivers/STM32L5xx_HAL_Driver/stm32l5xx_hal_rtc_ex.o
                0x0000000008047c88                HAL_RTCEx_TimeStampEventCallback
 .text.HAL_RTCEx_SetWakeUpTimer_IT
                0x0000000008047c9c      0x10c Drivers/STM32L5xx_HAL_Driver/stm32l5xx_hal_rtc_ex.o
                0x0000000008047c9c                HAL_RTCEx_SetWakeUpTimer_IT
 .text.HAL_RTCEx_WakeUpTimerIRQHandler
                0x0000000008047da8       0x38 Drivers/STM32L5xx_HAL_Driver/stm32l5xx_hal_rtc_ex.o
                0x0000000008047da8                HAL_RTCEx_WakeUpTimerIRQHandler
 .text.HAL_RTCEx_WakeUpTimerEventCallback
                0x0000000008047de0       0x14 Drivers/STM32L5xx_HAL_Driver/stm32l5xx_hal_rtc_ex.o
                0x0000000008047de0                HAL_RTCEx_WakeUpTimerEventCallback
 .text.HAL_RTCEx_SetCalibrationOutPut
                0x0000000008047df4       0x78 Drivers/STM32L5xx_HAL_Driver/stm32l5xx_hal_rtc_ex.o
                0x0000000008047df4                HAL_RTCEx_SetCalibrationOutPut
 .text.HAL_RTCEx_AlarmBEventCallback
                0x0000000008047e6c       0x14 Drivers/STM32L5xx_HAL_Driver/stm32l5xx_hal_rtc_ex.o
                0x0000000008047e6c                HAL_RTCEx_AlarmBEventCallback
 .text.HAL_RTCEx_Tamper1EventCallback
                0x0000000008047e80       0x14 Drivers/STM32L5xx_HAL_Driver/stm32l5xx_hal_rtc_ex.o
                0x0000000008047e80                HAL_RTCEx_Tamper1EventCallback
 .text.HAL_RTCEx_Tamper2EventCallback
                0x0000000008047e94       0x14 Drivers/STM32L5xx_HAL_Driver/stm32l5xx_hal_rtc_ex.o
                0x0000000008047e94                HAL_RTCEx_Tamper2EventCallback
 .text.HAL_RTCEx_Tamper3EventCallback
                0x0000000008047ea8       0x14 Drivers/STM32L5xx_HAL_Driver/stm32l5xx_hal_rtc_ex.o
                0x0000000008047ea8                HAL_RTCEx_Tamper3EventCallback
 .text.HAL_RTCEx_Tamper4EventCallback
                0x0000000008047ebc       0x14 Drivers/STM32L5xx_HAL_Driver/stm32l5xx_hal_rtc_ex.o
                0x0000000008047ebc                HAL_RTCEx_Tamper4EventCallback
 .text.HAL_RTCEx_Tamper5EventCallback
                0x0000000008047ed0       0x14 Drivers/STM32L5xx_HAL_Driver/stm32l5xx_hal_rtc_ex.o
                0x0000000008047ed0                HAL_RTCEx_Tamper5EventCallback
 .text.HAL_RTCEx_Tamper6EventCallback
                0x0000000008047ee4       0x14 Drivers/STM32L5xx_HAL_Driver/stm32l5xx_hal_rtc_ex.o
                0x0000000008047ee4                HAL_RTCEx_Tamper6EventCallback
 .text.HAL_RTCEx_Tamper7EventCallback
                0x0000000008047ef8       0x14 Drivers/STM32L5xx_HAL_Driver/stm32l5xx_hal_rtc_ex.o
                0x0000000008047ef8                HAL_RTCEx_Tamper7EventCallback
 .text.HAL_RTCEx_Tamper8EventCallback
                0x0000000008047f0c       0x14 Drivers/STM32L5xx_HAL_Driver/stm32l5xx_hal_rtc_ex.o
                0x0000000008047f0c                HAL_RTCEx_Tamper8EventCallback
 .text.HAL_RTCEx_InternalTamper1EventCallback
                0x0000000008047f20       0x14 Drivers/STM32L5xx_HAL_Driver/stm32l5xx_hal_rtc_ex.o
                0x0000000008047f20                HAL_RTCEx_InternalTamper1EventCallback
 .text.HAL_RTCEx_InternalTamper2EventCallback
                0x0000000008047f34       0x14 Drivers/STM32L5xx_HAL_Driver/stm32l5xx_hal_rtc_ex.o
                0x0000000008047f34                HAL_RTCEx_InternalTamper2EventCallback
 .text.HAL_RTCEx_InternalTamper3EventCallback
                0x0000000008047f48       0x14 Drivers/STM32L5xx_HAL_Driver/stm32l5xx_hal_rtc_ex.o
                0x0000000008047f48                HAL_RTCEx_InternalTamper3EventCallback
 .text.HAL_RTCEx_InternalTamper5EventCallback
                0x0000000008047f5c       0x14 Drivers/STM32L5xx_HAL_Driver/stm32l5xx_hal_rtc_ex.o
                0x0000000008047f5c                HAL_RTCEx_InternalTamper5EventCallback
 .text.HAL_RTCEx_InternalTamper8EventCallback
                0x0000000008047f70       0x14 Drivers/STM32L5xx_HAL_Driver/stm32l5xx_hal_rtc_ex.o
                0x0000000008047f70                HAL_RTCEx_InternalTamper8EventCallback
 .text.HAL_SPI_Init
                0x0000000008047f84      0x1b4 Drivers/STM32L5xx_HAL_Driver/stm32l5xx_hal_spi.o
                0x0000000008047f84                HAL_SPI_Init
 .text.HAL_SPI_IRQHandler
                0x0000000008048138      0x200 Drivers/STM32L5xx_HAL_Driver/stm32l5xx_hal_spi.o
                0x0000000008048138                HAL_SPI_IRQHandler
 .text.HAL_SPI_TxCpltCallback
                0x0000000008048338       0x14 Drivers/STM32L5xx_HAL_Driver/stm32l5xx_hal_spi.o
                0x0000000008048338                HAL_SPI_TxCpltCallback
 .text.HAL_SPI_RxCpltCallback
                0x000000000804834c       0x14 Drivers/STM32L5xx_HAL_Driver/stm32l5xx_hal_spi.o
                0x000000000804834c                HAL_SPI_RxCpltCallback
 .text.HAL_SPI_TxRxCpltCallback
                0x0000000008048360       0x14 Drivers/STM32L5xx_HAL_Driver/stm32l5xx_hal_spi.o
                0x0000000008048360                HAL_SPI_TxRxCpltCallback
 .text.HAL_SPI_TxHalfCpltCallback
                0x0000000008048374       0x14 Drivers/STM32L5xx_HAL_Driver/stm32l5xx_hal_spi.o
                0x0000000008048374                HAL_SPI_TxHalfCpltCallback
 .text.HAL_SPI_RxHalfCpltCallback
                0x0000000008048388       0x14 Drivers/STM32L5xx_HAL_Driver/stm32l5xx_hal_spi.o
                0x0000000008048388                HAL_SPI_RxHalfCpltCallback
 .text.HAL_SPI_TxRxHalfCpltCallback
                0x000000000804839c       0x14 Drivers/STM32L5xx_HAL_Driver/stm32l5xx_hal_spi.o
                0x000000000804839c                HAL_SPI_TxRxHalfCpltCallback
 .text.HAL_SPI_ErrorCallback
                0x00000000080483b0       0x14 Drivers/STM32L5xx_HAL_Driver/stm32l5xx_hal_spi.o
                0x00000000080483b0                HAL_SPI_ErrorCallback
 .text.HAL_SPI_AbortCpltCallback
                0x00000000080483c4       0x14 Drivers/STM32L5xx_HAL_Driver/stm32l5xx_hal_spi.o
                0x00000000080483c4                HAL_SPI_AbortCpltCallback
 .text.SPI_DMAAbortOnError
                0x00000000080483d8       0x2c Drivers/STM32L5xx_HAL_Driver/stm32l5xx_hal_spi.o
 .text.HAL_TIM_Base_Init
                0x0000000008048404       0xc8 Drivers/STM32L5xx_HAL_Driver/stm32l5xx_hal_tim.o
                0x0000000008048404                HAL_TIM_Base_Init
 .text.HAL_TIM_Base_MspInit
                0x00000000080484cc       0x14 Drivers/STM32L5xx_HAL_Driver/stm32l5xx_hal_tim.o
                0x00000000080484cc                HAL_TIM_Base_MspInit
 .text.HAL_TIM_Base_Start_IT
                0x00000000080484e0       0xe0 Drivers/STM32L5xx_HAL_Driver/stm32l5xx_hal_tim.o
                0x00000000080484e0                HAL_TIM_Base_Start_IT
 .text.HAL_TIM_Encoder_Init
                0x00000000080485c0      0x168 Drivers/STM32L5xx_HAL_Driver/stm32l5xx_hal_tim.o
                0x00000000080485c0                HAL_TIM_Encoder_Init
 .text.HAL_TIM_IRQHandler
                0x0000000008048728      0x282 Drivers/STM32L5xx_HAL_Driver/stm32l5xx_hal_tim.o
                0x0000000008048728                HAL_TIM_IRQHandler
 .text.HAL_TIM_PeriodElapsedHalfCpltCallback
                0x00000000080489aa       0x14 Drivers/STM32L5xx_HAL_Driver/stm32l5xx_hal_tim.o
                0x00000000080489aa                HAL_TIM_PeriodElapsedHalfCpltCallback
 .text.HAL_TIM_OC_DelayElapsedCallback
                0x00000000080489be       0x14 Drivers/STM32L5xx_HAL_Driver/stm32l5xx_hal_tim.o
                0x00000000080489be                HAL_TIM_OC_DelayElapsedCallback
 .text.HAL_TIM_IC_CaptureCallback
                0x00000000080489d2       0x14 Drivers/STM32L5xx_HAL_Driver/stm32l5xx_hal_tim.o
                0x00000000080489d2                HAL_TIM_IC_CaptureCallback
 .text.HAL_TIM_IC_CaptureHalfCpltCallback
                0x00000000080489e6       0x14 Drivers/STM32L5xx_HAL_Driver/stm32l5xx_hal_tim.o
                0x00000000080489e6                HAL_TIM_IC_CaptureHalfCpltCallback
 .text.HAL_TIM_PWM_PulseFinishedCallback
                0x00000000080489fa       0x14 Drivers/STM32L5xx_HAL_Driver/stm32l5xx_hal_tim.o
                0x00000000080489fa                HAL_TIM_PWM_PulseFinishedCallback
 .text.HAL_TIM_PWM_PulseFinishedHalfCpltCallback
                0x0000000008048a0e       0x14 Drivers/STM32L5xx_HAL_Driver/stm32l5xx_hal_tim.o
                0x0000000008048a0e                HAL_TIM_PWM_PulseFinishedHalfCpltCallback
 .text.HAL_TIM_TriggerCallback
                0x0000000008048a22       0x14 Drivers/STM32L5xx_HAL_Driver/stm32l5xx_hal_tim.o
                0x0000000008048a22                HAL_TIM_TriggerCallback
 .text.HAL_TIM_TriggerHalfCpltCallback
                0x0000000008048a36       0x14 Drivers/STM32L5xx_HAL_Driver/stm32l5xx_hal_tim.o
                0x0000000008048a36                HAL_TIM_TriggerHalfCpltCallback
 .text.HAL_TIM_ErrorCallback
                0x0000000008048a4a       0x14 Drivers/STM32L5xx_HAL_Driver/stm32l5xx_hal_tim.o
                0x0000000008048a4a                HAL_TIM_ErrorCallback
 *fill*         0x0000000008048a5e        0x2 
 .text.TIM_Base_SetConfig
                0x0000000008048a60      0x134 Drivers/STM32L5xx_HAL_Driver/stm32l5xx_hal_tim.o
                0x0000000008048a60                TIM_Base_SetConfig
 .text.TIM_ResetCallback
                0x0000000008048b94       0xbc Drivers/STM32L5xx_HAL_Driver/stm32l5xx_hal_tim.o
                0x0000000008048b94                TIM_ResetCallback
 .text.HAL_TIMEx_MasterConfigSynchronization
                0x0000000008048c50      0x110 Drivers/STM32L5xx_HAL_Driver/stm32l5xx_hal_tim_ex.o
                0x0000000008048c50                HAL_TIMEx_MasterConfigSynchronization
 .text.HAL_TIMEx_CommutCallback
                0x0000000008048d60       0x14 Drivers/STM32L5xx_HAL_Driver/stm32l5xx_hal_tim_ex.o
                0x0000000008048d60                HAL_TIMEx_CommutCallback
 .text.HAL_TIMEx_CommutHalfCpltCallback
                0x0000000008048d74       0x14 Drivers/STM32L5xx_HAL_Driver/stm32l5xx_hal_tim_ex.o
                0x0000000008048d74                HAL_TIMEx_CommutHalfCpltCallback
 .text.HAL_TIMEx_BreakCallback
                0x0000000008048d88       0x14 Drivers/STM32L5xx_HAL_Driver/stm32l5xx_hal_tim_ex.o
                0x0000000008048d88                HAL_TIMEx_BreakCallback
 .text.HAL_TIMEx_Break2Callback
                0x0000000008048d9c       0x14 Drivers/STM32L5xx_HAL_Driver/stm32l5xx_hal_tim_ex.o
                0x0000000008048d9c                HAL_TIMEx_Break2Callback
 .text.HAL_UART_Init
                0x0000000008048db0       0xa0 Drivers/STM32L5xx_HAL_Driver/stm32l5xx_hal_uart.o
                0x0000000008048db0                HAL_UART_Init
 .text.HAL_UART_IRQHandler
                0x0000000008048e50      0x468 Drivers/STM32L5xx_HAL_Driver/stm32l5xx_hal_uart.o
                0x0000000008048e50                HAL_UART_IRQHandler
 .text.HAL_UART_TxCpltCallback
                0x00000000080492b8       0x14 Drivers/STM32L5xx_HAL_Driver/stm32l5xx_hal_uart.o
                0x00000000080492b8                HAL_UART_TxCpltCallback
 .text.HAL_UART_ErrorCallback
                0x00000000080492cc       0x14 Drivers/STM32L5xx_HAL_Driver/stm32l5xx_hal_uart.o
                0x00000000080492cc                HAL_UART_ErrorCallback
 .text.HAL_UARTEx_RxEventCallback
                0x00000000080492e0       0x18 Drivers/STM32L5xx_HAL_Driver/stm32l5xx_hal_uart.o
                0x00000000080492e0                HAL_UARTEx_RxEventCallback
 .text.UART_SetConfig
                0x00000000080492f8      0x5a8 Drivers/STM32L5xx_HAL_Driver/stm32l5xx_hal_uart.o
                0x00000000080492f8                UART_SetConfig
 .text.UART_AdvFeatureConfig
                0x00000000080498a0      0x144 Drivers/STM32L5xx_HAL_Driver/stm32l5xx_hal_uart.o
                0x00000000080498a0                UART_AdvFeatureConfig
 .text.UART_CheckIdleState
                0x00000000080499e4       0x96 Drivers/STM32L5xx_HAL_Driver/stm32l5xx_hal_uart.o
                0x00000000080499e4                UART_CheckIdleState
 .text.UART_WaitOnFlagUntilTimeout
                0x0000000008049a7a      0x100 Drivers/STM32L5xx_HAL_Driver/stm32l5xx_hal_uart.o
                0x0000000008049a7a                UART_WaitOnFlagUntilTimeout
 .text.UART_EndRxTransfer
                0x0000000008049b7a       0x64 Drivers/STM32L5xx_HAL_Driver/stm32l5xx_hal_uart.o
 .text.UART_DMAAbortOnError
                0x0000000008049bde       0x2c Drivers/STM32L5xx_HAL_Driver/stm32l5xx_hal_uart.o
 .text.UART_EndTransmit_IT
                0x0000000008049c0a       0x34 Drivers/STM32L5xx_HAL_Driver/stm32l5xx_hal_uart.o
 .text.HAL_UARTEx_WakeupCallback
                0x0000000008049c3e       0x14 Drivers/STM32L5xx_HAL_Driver/stm32l5xx_hal_uart_ex.o
                0x0000000008049c3e                HAL_UARTEx_WakeupCallback
 .text.HAL_UARTEx_RxFifoFullCallback
                0x0000000008049c52       0x14 Drivers/STM32L5xx_HAL_Driver/stm32l5xx_hal_uart_ex.o
                0x0000000008049c52                HAL_UARTEx_RxFifoFullCallback
 .text.HAL_UARTEx_TxFifoEmptyCallback
                0x0000000008049c66       0x14 Drivers/STM32L5xx_HAL_Driver/stm32l5xx_hal_uart_ex.o
                0x0000000008049c66                HAL_UARTEx_TxFifoEmptyCallback
 .text.HAL_UARTEx_DisableFifoMode
                0x0000000008049c7a       0x72 Drivers/STM32L5xx_HAL_Driver/stm32l5xx_hal_uart_ex.o
                0x0000000008049c7a                HAL_UARTEx_DisableFifoMode
 .text.HAL_UARTEx_SetTxFifoThreshold
                0x0000000008049cec       0x7c Drivers/STM32L5xx_HAL_Driver/stm32l5xx_hal_uart_ex.o
                0x0000000008049cec                HAL_UARTEx_SetTxFifoThreshold
 .text.HAL_UARTEx_SetRxFifoThreshold
                0x0000000008049d68       0x7c Drivers/STM32L5xx_HAL_Driver/stm32l5xx_hal_uart_ex.o
                0x0000000008049d68                HAL_UARTEx_SetRxFifoThreshold
 .text.UARTEx_SetNbDataToProcess
                0x0000000008049de4       0xd0 Drivers/STM32L5xx_HAL_Driver/stm32l5xx_hal_uart_ex.o
 .text.__libc_init_array
                0x0000000008049eb4       0x48 c:/st/stm32cubeide_1.6.0/stm32cubeide/plugins/com.st.stm32cube.ide.mcu.externaltools.gnu-tools-for-stm32.9-2020-q2-update.win32_1.5.0.202011040924/tools/bin/../lib/gcc/arm-none-eabi/9.3.1/../../../../arm-none-eabi/lib/thumb/v8-m.main+fp/hard\libc_nano.a(lib_a-init.o)
                0x0000000008049eb4                __libc_init_array
 .text.memcpy   0x0000000008049efc       0x1a c:/st/stm32cubeide_1.6.0/stm32cubeide/plugins/com.st.stm32cube.ide.mcu.externaltools.gnu-tools-for-stm32.9-2020-q2-update.win32_1.5.0.202011040924/tools/bin/../lib/gcc/arm-none-eabi/9.3.1/../../../../arm-none-eabi/lib/thumb/v8-m.main+fp/hard\libc_nano.a(lib_a-memcpy-stub.o)
                0x0000000008049efc                memcpy
 .text.memset   0x0000000008049f16       0x10 c:/st/stm32cubeide_1.6.0/stm32cubeide/plugins/com.st.stm32cube.ide.mcu.externaltools.gnu-tools-for-stm32.9-2020-q2-update.win32_1.5.0.202011040924/tools/bin/../lib/gcc/arm-none-eabi/9.3.1/../../../../arm-none-eabi/lib/thumb/v8-m.main+fp/hard\libc_nano.a(lib_a-memset.o)
                0x0000000008049f16                memset
 *(.glue_7)
 .glue_7        0x0000000008049f26        0x0 linker stubs
 *(.glue_7t)
 .glue_7t       0x0000000008049f26        0x0 linker stubs
 *(.eh_frame)
 *fill*         0x0000000008049f26        0x2 
 .eh_frame      0x0000000008049f28        0x0 c:/st/stm32cubeide_1.6.0/stm32cubeide/plugins/com.st.stm32cube.ide.mcu.externaltools.gnu-tools-for-stm32.9-2020-q2-update.win32_1.5.0.202011040924/tools/bin/../lib/gcc/arm-none-eabi/9.3.1/thumb/v8-m.main+fp/hard/crtbegin.o
 *(.init)
 .init          0x0000000008049f28        0x4 c:/st/stm32cubeide_1.6.0/stm32cubeide/plugins/com.st.stm32cube.ide.mcu.externaltools.gnu-tools-for-stm32.9-2020-q2-update.win32_1.5.0.202011040924/tools/bin/../lib/gcc/arm-none-eabi/9.3.1/thumb/v8-m.main+fp/hard/crti.o
                0x0000000008049f28                _init
 .init          0x0000000008049f2c        0x8 c:/st/stm32cubeide_1.6.0/stm32cubeide/plugins/com.st.stm32cube.ide.mcu.externaltools.gnu-tools-for-stm32.9-2020-q2-update.win32_1.5.0.202011040924/tools/bin/../lib/gcc/arm-none-eabi/9.3.1/thumb/v8-m.main+fp/hard/crtn.o
 *(.fini)
 .fini          0x0000000008049f34        0x4 c:/st/stm32cubeide_1.6.0/stm32cubeide/plugins/com.st.stm32cube.ide.mcu.externaltools.gnu-tools-for-stm32.9-2020-q2-update.win32_1.5.0.202011040924/tools/bin/../lib/gcc/arm-none-eabi/9.3.1/thumb/v8-m.main+fp/hard/crti.o
                0x0000000008049f34                _fini
 .fini          0x0000000008049f38        0x8 c:/st/stm32cubeide_1.6.0/stm32cubeide/plugins/com.st.stm32cube.ide.mcu.externaltools.gnu-tools-for-stm32.9-2020-q2-update.win32_1.5.0.202011040924/tools/bin/../lib/gcc/arm-none-eabi/9.3.1/thumb/v8-m.main+fp/hard/crtn.o
 .fini.__stub   0x0000000008049f40       0x40 linker stubs
                0x0000000008049f80                . = ALIGN (0x4)
                0x0000000008049f80                _etext = .

.vfp11_veneer   0x0000000008049f80        0x0
 .vfp11_veneer  0x0000000008049f80        0x0 linker stubs

.v4_bx          0x0000000008049f80        0x0
 .v4_bx         0x0000000008049f80        0x0 linker stubs

.iplt           0x0000000008049f80        0x0
 .iplt          0x0000000008049f80        0x0 c:/st/stm32cubeide_1.6.0/stm32cubeide/plugins/com.st.stm32cube.ide.mcu.externaltools.gnu-tools-for-stm32.9-2020-q2-update.win32_1.5.0.202011040924/tools/bin/../lib/gcc/arm-none-eabi/9.3.1/thumb/v8-m.main+fp/hard/crtbegin.o

.rodata         0x0000000008049f80      0x104
                0x0000000008049f80                . = ALIGN (0x4)
 *(.rodata)
 .rodata        0x0000000008049f80       0x10 Drivers/STM32L5xx_HAL_Driver/stm32l5xx_hal_uart_ex.o
 *(.rodata*)
 .rodata.AHBPrescTable
                0x0000000008049f90       0x10 Core/Src/system_stm32l5xx_ns.o
                0x0000000008049f90                AHBPrescTable
 .rodata.APBPrescTable
                0x0000000008049fa0        0x8 Core/Src/system_stm32l5xx_ns.o
                0x0000000008049fa0                APBPrescTable
 .rodata.MSIRangeTable
                0x0000000008049fa8       0x40 Core/Src/system_stm32l5xx_ns.o
                0x0000000008049fa8                MSIRangeTable
 .rodata.I2C_Charac
                0x0000000008049fe8       0x84 Drivers/BSP/STM32L552E-EV/stm32l552e_eval_bus.o
 .rodata.UARTPrescTable
                0x000000000804a06c       0x18 Drivers/STM32L5xx_HAL_Driver/stm32l5xx_hal_uart.o
                0x000000000804a06c                UARTPrescTable
                0x000000000804a084                . = ALIGN (0x4)

.ARM.extab      0x000000000804a084        0x0
                0x000000000804a084                . = ALIGN (0x4)
 *(.ARM.extab* .gnu.linkonce.armextab.*)
                0x000000000804a084                . = ALIGN (0x4)

.ARM            0x000000000804a084        0x8
                0x000000000804a084                . = ALIGN (0x4)
                0x000000000804a084                __exidx_start = .
 *(.ARM.exidx*)
 .ARM.exidx     0x000000000804a084        0x8 c:/st/stm32cubeide_1.6.0/stm32cubeide/plugins/com.st.stm32cube.ide.mcu.externaltools.gnu-tools-for-stm32.9-2020-q2-update.win32_1.5.0.202011040924/tools/bin/../lib/gcc/arm-none-eabi/9.3.1/thumb/v8-m.main+fp/hard\libgcc.a(_udivmoddi4.o)
                0x000000000804a08c                __exidx_end = .
                0x000000000804a08c                . = ALIGN (0x4)

.rel.dyn        0x000000000804a08c        0x0
 .rel.iplt      0x000000000804a08c        0x0 c:/st/stm32cubeide_1.6.0/stm32cubeide/plugins/com.st.stm32cube.ide.mcu.externaltools.gnu-tools-for-stm32.9-2020-q2-update.win32_1.5.0.202011040924/tools/bin/../lib/gcc/arm-none-eabi/9.3.1/thumb/v8-m.main+fp/hard/crtbegin.o

.preinit_array  0x000000000804a08c        0x0
                0x000000000804a08c                . = ALIGN (0x4)
                0x000000000804a08c                PROVIDE (__preinit_array_start = .)
 *(.preinit_array*)
                0x000000000804a08c                PROVIDE (__preinit_array_end = .)
                0x000000000804a08c                . = ALIGN (0x4)

.init_array     0x000000000804a08c        0x4
                0x000000000804a08c                . = ALIGN (0x4)
                0x000000000804a08c                PROVIDE (__init_array_start = .)
 *(SORT_BY_NAME(.init_array.*))
 *(.init_array*)
 .init_array    0x000000000804a08c        0x4 c:/st/stm32cubeide_1.6.0/stm32cubeide/plugins/com.st.stm32cube.ide.mcu.externaltools.gnu-tools-for-stm32.9-2020-q2-update.win32_1.5.0.202011040924/tools/bin/../lib/gcc/arm-none-eabi/9.3.1/thumb/v8-m.main+fp/hard/crtbegin.o
                0x000000000804a090                PROVIDE (__init_array_end = .)
                0x000000000804a090                . = ALIGN (0x4)

.fini_array     0x000000000804a090        0x4
                0x000000000804a090                . = ALIGN (0x4)
                [!provide]                        PROVIDE (__fini_array_start = .)
 *(SORT_BY_NAME(.fini_array.*))
 *(.fini_array*)
 .fini_array    0x000000000804a090        0x4 c:/st/stm32cubeide_1.6.0/stm32cubeide/plugins/com.st.stm32cube.ide.mcu.externaltools.gnu-tools-for-stm32.9-2020-q2-update.win32_1.5.0.202011040924/tools/bin/../lib/gcc/arm-none-eabi/9.3.1/thumb/v8-m.main+fp/hard/crtbegin.o
                [!provide]                        PROVIDE (__fini_array_end = .)
                0x000000000804a094                . = ALIGN (0x4)
                0x000000000804a094                _sidata = LOADADDR (.data)

.data           0x0000000020018000       0x3c load address 0x000000000804a094
                0x0000000020018000                . = ALIGN (0x4)
                0x0000000020018000                _sdata = .
 *(.data)
 *(.data*)
 .data.SystemCoreClock
                0x0000000020018000        0x4 Core/Src/system_stm32l5xx_ns.o
                0x0000000020018000                SystemCoreClock
 .data.icg20330Drv
                0x0000000020018004       0x34 Drivers/BSP/Components/icg20330/icg20330.o
                0x0000000020018004                icg20330Drv
 .data.uwTickFreq
                0x0000000020018038        0x1 Drivers/STM32L5xx_HAL_Driver/stm32l5xx_hal.o
                0x0000000020018038                uwTickFreq
 *(.RamFunc)
 *(.RamFunc*)
                0x000000002001803c                . = ALIGN (0x4)
 *fill*         0x0000000020018039        0x3 
                0x000000002001803c                _edata = .

.igot.plt       0x000000002001803c        0x0 load address 0x000000000804a0d0
 .igot.plt      0x000000002001803c        0x0 c:/st/stm32cubeide_1.6.0/stm32cubeide/plugins/com.st.stm32cube.ide.mcu.externaltools.gnu-tools-for-stm32.9-2020-q2-update.win32_1.5.0.202011040924/tools/bin/../lib/gcc/arm-none-eabi/9.3.1/thumb/v8-m.main+fp/hard/crtbegin.o
                0x000000002001803c                . = ALIGN (0x4)

.bss            0x000000002001803c     0x13a4 load address 0x000000000804a0d0
                0x000000002001803c                _sbss = .
                0x000000002001803c                __bss_start__ = _sbss
 *(.bss)
 .bss           0x000000002001803c       0x1c c:/st/stm32cubeide_1.6.0/stm32cubeide/plugins/com.st.stm32cube.ide.mcu.externaltools.gnu-tools-for-stm32.9-2020-q2-update.win32_1.5.0.202011040924/tools/bin/../lib/gcc/arm-none-eabi/9.3.1/thumb/v8-m.main+fp/hard/crtbegin.o
 *(.bss*)
 .bss.HAL_RCC_ADC_CLK_ENABLED
                0x0000000020018058        0x4 Core/Src/adc.o
 .bss.pfData    0x000000002001805c        0xc Core/Src/main.o
 .bss.I2c1InitCounter
                0x0000000020018068        0x4 Drivers/BSP/STM32L552E-EV/stm32l552e_eval_bus.o
 .bss.Bus_IsI2c1MspCbValid
                0x000000002001806c        0x4 Drivers/BSP/STM32L552E-EV/stm32l552e_eval_bus.o
 .bss.I2c_valid_timing
                0x0000000020018070      0xa00 Drivers/BSP/STM32L552E-EV/stm32l552e_eval_bus.o
 .bss.I2c_valid_timing_nbr
                0x0000000020018a70        0x4 Drivers/BSP/STM32L552E-EV/stm32l552e_eval_bus.o
 .bss.hbus_i2c1
                0x0000000020018a74       0x7c Drivers/BSP/STM32L552E-EV/stm32l552e_eval_bus.o
                0x0000000020018a74                hbus_i2c1
 .bss.GyroscopeDrv
                0x0000000020018af0        0x4 Drivers/BSP/STM32L552E-EV/stm32l5xx_gyroscope.o
 *(COMMON)
 COMMON         0x0000000020018af4      0x190 Core/Src/adc.o
                0x0000000020018af4                hadc2
                0x0000000020018b88                hadc1
                0x0000000020018c1c                hdma_adc1
 COMMON         0x0000000020018c84       0x24 Core/Src/crc.o
                0x0000000020018c84                hcrc
 COMMON         0x0000000020018ca8       0x7c Core/Src/i2c.o
                0x0000000020018ca8                hi2c1
 COMMON         0x0000000020018d24       0x24 Core/Src/rng.o
                0x0000000020018d24                hrng
 COMMON         0x0000000020018d48       0x74 Core/Src/rtc.o
                0x0000000020018d48                hrtc
 COMMON         0x0000000020018dbc      0x1e8 Core/Src/spi.o
                0x0000000020018dbc                hspi3
                0x0000000020018e48                hdma_spi3_tx
                0x0000000020018eb0                hspi1
                0x0000000020018f3c                hdma_spi3_rx
 COMMON         0x0000000020018fa4       0xbc Core/Src/stm32l5xx_hal_timebase_tim.o
                0x0000000020018fa4                htim6
 COMMON         0x0000000020019060       0xbc Core/Src/tim.o
                0x0000000020019060                htim1
 COMMON         0x000000002001911c      0x2c0 Core/Src/usart.o
                0x000000002001911c                hdma_usart3_rx
                0x0000000020019184                huart3
                0x0000000020019214                hdma_usart3_tx
                0x000000002001927c                hlpuart1
                0x000000002001930c                hdma_lpuart1_tx
                0x0000000020019374                hdma_lpuart1_rx
 COMMON         0x00000000200193dc        0x4 Drivers/STM32L5xx_HAL_Driver/stm32l5xx_hal.o
                0x00000000200193dc                uwTick
                0x00000000200193e0                . = ALIGN (0x4)
                0x00000000200193e0                _ebss = .
                0x00000000200193e0                __bss_end__ = _ebss

._user_heap_stack
                0x00000000200193e0      0x600 load address 0x000000000804a0d0
                0x00000000200193e0                . = ALIGN (0x8)
                [!provide]                        PROVIDE (end = .)
                0x00000000200193e0                PROVIDE (_end = .)
                0x00000000200195e0                . = (. + _Min_Heap_Size)
 *fill*         0x00000000200193e0      0x200 
                0x00000000200199e0                . = (. + _Min_Stack_Size)
 *fill*         0x00000000200195e0      0x400 
                0x00000000200199e0                . = ALIGN (0x8)

/DISCARD/
 libc.a(*)
 libm.a(*)
 libgcc.a(*)

.ARM.attributes
                0x0000000000000000       0x36
 *(.ARM.attributes)
 .ARM.attributes
                0x0000000000000000       0x22 c:/st/stm32cubeide_1.6.0/stm32cubeide/plugins/com.st.stm32cube.ide.mcu.externaltools.gnu-tools-for-stm32.9-2020-q2-update.win32_1.5.0.202011040924/tools/bin/../lib/gcc/arm-none-eabi/9.3.1/thumb/v8-m.main+fp/hard/crti.o
 .ARM.attributes
                0x0000000000000022       0x38 c:/st/stm32cubeide_1.6.0/stm32cubeide/plugins/com.st.stm32cube.ide.mcu.externaltools.gnu-tools-for-stm32.9-2020-q2-update.win32_1.5.0.202011040924/tools/bin/../lib/gcc/arm-none-eabi/9.3.1/thumb/v8-m.main+fp/hard/crtbegin.o
 .ARM.attributes
                0x000000000000005a       0x3a Core/Src/adc.o
 .ARM.attributes
                0x0000000000000094       0x3a Core/Src/crc.o
 .ARM.attributes
                0x00000000000000ce       0x3a Core/Src/dma.o
 .ARM.attributes
                0x0000000000000108       0x3a Core/Src/gpio.o
 .ARM.attributes
                0x0000000000000142       0x3a Core/Src/i2c.o
 .ARM.attributes
                0x000000000000017c       0x3a Core/Src/main.o
 .ARM.attributes
                0x00000000000001b6       0x3a Core/Src/rng.o
 .ARM.attributes
                0x00000000000001f0       0x3a Core/Src/rtc.o
 .ARM.attributes
                0x000000000000022a       0x3a Core/Src/spi.o
 .ARM.attributes
                0x0000000000000264       0x3a Core/Src/stm32l5xx_hal_msp.o
 .ARM.attributes
                0x000000000000029e       0x3a Core/Src/stm32l5xx_hal_timebase_tim.o
 .ARM.attributes
                0x00000000000002d8       0x3a Core/Src/stm32l5xx_it.o
 .ARM.attributes
                0x0000000000000312       0x3a Core/Src/system_stm32l5xx_ns.o
 .ARM.attributes
                0x000000000000034c       0x3a Core/Src/tim.o
 .ARM.attributes
                0x0000000000000386       0x3a Core/Src/usart.o
 .ARM.attributes
                0x00000000000003c0       0x24 Core/Startup/startup_stm32l552vetx.o
 .ARM.attributes
                0x00000000000003e4       0x3a Drivers/BSP/Components/icg20330/icg20330.o
 .ARM.attributes
                0x000000000000041e       0x3a Drivers/BSP/STM32L552E-EV/stm32l552e_eval_bus.o
 .ARM.attributes
                0x0000000000000458       0x3a Drivers/BSP/STM32L552E-EV/stm32l5xx_gyroscope.o
 .ARM.attributes
                0x0000000000000492       0x3a Drivers/STM32L5xx_HAL_Driver/stm32l5xx_hal.o
 .ARM.attributes
                0x00000000000004cc       0x3a Drivers/STM32L5xx_HAL_Driver/stm32l5xx_hal_adc.o
 .ARM.attributes
                0x0000000000000506       0x3a Drivers/STM32L5xx_HAL_Driver/stm32l5xx_hal_adc_ex.o
 .ARM.attributes
                0x0000000000000540       0x3a Drivers/STM32L5xx_HAL_Driver/stm32l5xx_hal_cortex.o
 .ARM.attributes
                0x000000000000057a       0x3a Drivers/STM32L5xx_HAL_Driver/stm32l5xx_hal_crc.o
 .ARM.attributes
                0x00000000000005b4       0x3a Drivers/STM32L5xx_HAL_Driver/stm32l5xx_hal_crc_ex.o
 .ARM.attributes
                0x00000000000005ee       0x3a Drivers/STM32L5xx_HAL_Driver/stm32l5xx_hal_dma.o
 .ARM.attributes
                0x0000000000000628       0x3a Drivers/STM32L5xx_HAL_Driver/stm32l5xx_hal_gpio.o
 .ARM.attributes
                0x0000000000000662       0x3a Drivers/STM32L5xx_HAL_Driver/stm32l5xx_hal_i2c.o
 .ARM.attributes
                0x000000000000069c       0x3a Drivers/STM32L5xx_HAL_Driver/stm32l5xx_hal_i2c_ex.o
 .ARM.attributes
                0x00000000000006d6       0x3a Drivers/STM32L5xx_HAL_Driver/stm32l5xx_hal_pwr_ex.o
 .ARM.attributes
                0x0000000000000710       0x3a Drivers/STM32L5xx_HAL_Driver/stm32l5xx_hal_rcc.o
 .ARM.attributes
                0x000000000000074a       0x3a Drivers/STM32L5xx_HAL_Driver/stm32l5xx_hal_rcc_ex.o
 .ARM.attributes
                0x0000000000000784       0x3a Drivers/STM32L5xx_HAL_Driver/stm32l5xx_hal_rng.o
 .ARM.attributes
                0x00000000000007be       0x3a Drivers/STM32L5xx_HAL_Driver/stm32l5xx_hal_rtc.o
 .ARM.attributes
                0x00000000000007f8       0x3a Drivers/STM32L5xx_HAL_Driver/stm32l5xx_hal_rtc_ex.o
 .ARM.attributes
                0x0000000000000832       0x3a Drivers/STM32L5xx_HAL_Driver/stm32l5xx_hal_spi.o
 .ARM.attributes
                0x000000000000086c       0x3a Drivers/STM32L5xx_HAL_Driver/stm32l5xx_hal_tim.o
 .ARM.attributes
                0x00000000000008a6       0x3a Drivers/STM32L5xx_HAL_Driver/stm32l5xx_hal_tim_ex.o
 .ARM.attributes
                0x00000000000008e0       0x3a Drivers/STM32L5xx_HAL_Driver/stm32l5xx_hal_uart.o
 .ARM.attributes
                0x000000000000091a       0x3a Drivers/STM32L5xx_HAL_Driver/stm32l5xx_hal_uart_ex.o
 .ARM.attributes
                0x0000000000000954       0x38 c:/st/stm32cubeide_1.6.0/stm32cubeide/plugins/com.st.stm32cube.ide.mcu.externaltools.gnu-tools-for-stm32.9-2020-q2-update.win32_1.5.0.202011040924/tools/bin/../lib/gcc/arm-none-eabi/9.3.1/../../../../arm-none-eabi/lib/thumb/v8-m.main+fp/hard\libc_nano.a(lib_a-init.o)
 .ARM.attributes
                0x000000000000098c       0x38 c:/st/stm32cubeide_1.6.0/stm32cubeide/plugins/com.st.stm32cube.ide.mcu.externaltools.gnu-tools-for-stm32.9-2020-q2-update.win32_1.5.0.202011040924/tools/bin/../lib/gcc/arm-none-eabi/9.3.1/../../../../arm-none-eabi/lib/thumb/v8-m.main+fp/hard\libc_nano.a(lib_a-memcpy-stub.o)
 .ARM.attributes
                0x00000000000009c4       0x38 c:/st/stm32cubeide_1.6.0/stm32cubeide/plugins/com.st.stm32cube.ide.mcu.externaltools.gnu-tools-for-stm32.9-2020-q2-update.win32_1.5.0.202011040924/tools/bin/../lib/gcc/arm-none-eabi/9.3.1/../../../../arm-none-eabi/lib/thumb/v8-m.main+fp/hard\libc_nano.a(lib_a-memset.o)
 .ARM.attributes
                0x00000000000009fc       0x22 c:/st/stm32cubeide_1.6.0/stm32cubeide/plugins/com.st.stm32cube.ide.mcu.externaltools.gnu-tools-for-stm32.9-2020-q2-update.win32_1.5.0.202011040924/tools/bin/../lib/gcc/arm-none-eabi/9.3.1/thumb/v8-m.main+fp/hard\libgcc.a(_aeabi_uldivmod.o)
 .ARM.attributes
                0x0000000000000a1e       0x38 c:/st/stm32cubeide_1.6.0/stm32cubeide/plugins/com.st.stm32cube.ide.mcu.externaltools.gnu-tools-for-stm32.9-2020-q2-update.win32_1.5.0.202011040924/tools/bin/../lib/gcc/arm-none-eabi/9.3.1/thumb/v8-m.main+fp/hard\libgcc.a(_udivmoddi4.o)
 .ARM.attributes
                0x0000000000000a56       0x22 c:/st/stm32cubeide_1.6.0/stm32cubeide/plugins/com.st.stm32cube.ide.mcu.externaltools.gnu-tools-for-stm32.9-2020-q2-update.win32_1.5.0.202011040924/tools/bin/../lib/gcc/arm-none-eabi/9.3.1/thumb/v8-m.main+fp/hard\libgcc.a(_dvmd_tls.o)
 .ARM.attributes
                0x0000000000000a78       0x22 c:/st/stm32cubeide_1.6.0/stm32cubeide/plugins/com.st.stm32cube.ide.mcu.externaltools.gnu-tools-for-stm32.9-2020-q2-update.win32_1.5.0.202011040924/tools/bin/../lib/gcc/arm-none-eabi/9.3.1/thumb/v8-m.main+fp/hard/crtn.o
OUTPUT(LR111x_L552VE_NonSecure.elf elf32-littlearm)
LOAD linker stubs
LOAD c:/st/stm32cubeide_1.6.0/stm32cubeide/plugins/com.st.stm32cube.ide.mcu.externaltools.gnu-tools-for-stm32.9-2020-q2-update.win32_1.5.0.202011040924/tools/bin/../lib/gcc/arm-none-eabi/9.3.1/../../../../arm-none-eabi/lib/thumb/v8-m.main+fp/hard\libc.a
LOAD c:/st/stm32cubeide_1.6.0/stm32cubeide/plugins/com.st.stm32cube.ide.mcu.externaltools.gnu-tools-for-stm32.9-2020-q2-update.win32_1.5.0.202011040924/tools/bin/../lib/gcc/arm-none-eabi/9.3.1/../../../../arm-none-eabi/lib/thumb/v8-m.main+fp/hard\libm.a
LOAD c:/st/stm32cubeide_1.6.0/stm32cubeide/plugins/com.st.stm32cube.ide.mcu.externaltools.gnu-tools-for-stm32.9-2020-q2-update.win32_1.5.0.202011040924/tools/bin/../lib/gcc/arm-none-eabi/9.3.1/thumb/v8-m.main+fp/hard\libgcc.a

.debug_info     0x0000000000000000    0x2e887
 .debug_info    0x0000000000000000     0x1658 Core/Src/adc.o
 .debug_info    0x0000000000001658      0x7c4 Core/Src/crc.o
 .debug_info    0x0000000000001e1c      0x8b7 Core/Src/dma.o
 .debug_info    0x00000000000026d3      0xa47 Core/Src/gpio.o
 .debug_info    0x000000000000311a     0x13c5 Core/Src/i2c.o
 .debug_info    0x00000000000044df     0x23b6 Core/Src/main.o
 .debug_info    0x0000000000006895      0xce9 Core/Src/rng.o
 .debug_info    0x000000000000757e      0xfd2 Core/Src/rtc.o
 .debug_info    0x0000000000008550     0x1169 Core/Src/spi.o
 .debug_info    0x00000000000096b9      0x89a Core/Src/stm32l5xx_hal_msp.o
 .debug_info    0x0000000000009f53     0x1238 Core/Src/stm32l5xx_hal_timebase_tim.o
 .debug_info    0x000000000000b18b     0x2260 Core/Src/stm32l5xx_it.o
 .debug_info    0x000000000000d3eb      0x2e9 Core/Src/system_stm32l5xx_ns.o
 .debug_info    0x000000000000d6d4     0x13fa Core/Src/tim.o
 .debug_info    0x000000000000eace     0x142c Core/Src/usart.o
 .debug_info    0x000000000000fefa       0x22 Core/Startup/startup_stm32l552vetx.o
 .debug_info    0x000000000000ff1c      0x5ab Drivers/BSP/Components/icg20330/icg20330.o
 .debug_info    0x00000000000104c7     0x1808 Drivers/BSP/STM32L552E-EV/stm32l552e_eval_bus.o
 .debug_info    0x0000000000011ccf     0x1418 Drivers/BSP/STM32L552E-EV/stm32l5xx_gyroscope.o
 .debug_info    0x00000000000130e7      0xe65 Drivers/STM32L5xx_HAL_Driver/stm32l5xx_hal.o
 .debug_info    0x0000000000013f4c     0x22d5 Drivers/STM32L5xx_HAL_Driver/stm32l5xx_hal_adc.o
 .debug_info    0x0000000000016221     0x1f22 Drivers/STM32L5xx_HAL_Driver/stm32l5xx_hal_adc_ex.o
 .debug_info    0x0000000000018143      0xfca Drivers/STM32L5xx_HAL_Driver/stm32l5xx_hal_cortex.o
 .debug_info    0x000000000001910d      0x6dd Drivers/STM32L5xx_HAL_Driver/stm32l5xx_hal_crc.o
 .debug_info    0x00000000000197ea      0x510 Drivers/STM32L5xx_HAL_Driver/stm32l5xx_hal_crc_ex.o
 .debug_info    0x0000000000019cfa      0xb85 Drivers/STM32L5xx_HAL_Driver/stm32l5xx_hal_dma.o
 .debug_info    0x000000000001a87f      0x836 Drivers/STM32L5xx_HAL_Driver/stm32l5xx_hal_gpio.o
 .debug_info    0x000000000001b0b5     0x267f Drivers/STM32L5xx_HAL_Driver/stm32l5xx_hal_i2c.o
 .debug_info    0x000000000001d734      0xee0 Drivers/STM32L5xx_HAL_Driver/stm32l5xx_hal_i2c_ex.o
 .debug_info    0x000000000001e614      0xfc5 Drivers/STM32L5xx_HAL_Driver/stm32l5xx_hal_pwr_ex.o
 .debug_info    0x000000000001f5d9     0x1145 Drivers/STM32L5xx_HAL_Driver/stm32l5xx_hal_rcc.o
 .debug_info    0x000000000002071e     0x135c Drivers/STM32L5xx_HAL_Driver/stm32l5xx_hal_rcc_ex.o
 .debug_info    0x0000000000021a7a      0x8bf Drivers/STM32L5xx_HAL_Driver/stm32l5xx_hal_rng.o
 .debug_info    0x0000000000022339     0x138f Drivers/STM32L5xx_HAL_Driver/stm32l5xx_hal_rtc.o
 .debug_info    0x00000000000236c8     0x1cf2 Drivers/STM32L5xx_HAL_Driver/stm32l5xx_hal_rtc_ex.o
 .debug_info    0x00000000000253ba     0x1b6c Drivers/STM32L5xx_HAL_Driver/stm32l5xx_hal_spi.o
 .debug_info    0x0000000000026f26     0x30f5 Drivers/STM32L5xx_HAL_Driver/stm32l5xx_hal_tim.o
 .debug_info    0x000000000002a01b     0x1b10 Drivers/STM32L5xx_HAL_Driver/stm32l5xx_hal_tim_ex.o
 .debug_info    0x000000000002bb2b     0x1e67 Drivers/STM32L5xx_HAL_Driver/stm32l5xx_hal_uart.o
 .debug_info    0x000000000002d992      0xef5 Drivers/STM32L5xx_HAL_Driver/stm32l5xx_hal_uart_ex.o

.debug_abbrev   0x0000000000000000     0x51f4
 .debug_abbrev  0x0000000000000000      0x208 Core/Src/adc.o
 .debug_abbrev  0x0000000000000208      0x197 Core/Src/crc.o
 .debug_abbrev  0x000000000000039f      0x157 Core/Src/dma.o
 .debug_abbrev  0x00000000000004f6      0x177 Core/Src/gpio.o
 .debug_abbrev  0x000000000000066d      0x1ef Core/Src/i2c.o
 .debug_abbrev  0x000000000000085c      0x215 Core/Src/main.o
 .debug_abbrev  0x0000000000000a71      0x1c1 Core/Src/rng.o
 .debug_abbrev  0x0000000000000c32      0x1c1 Core/Src/rtc.o
 .debug_abbrev  0x0000000000000df3      0x1f7 Core/Src/spi.o
 .debug_abbrev  0x0000000000000fea      0x157 Core/Src/stm32l5xx_hal_msp.o
 .debug_abbrev  0x0000000000001141      0x1f0 Core/Src/stm32l5xx_hal_timebase_tim.o
 .debug_abbrev  0x0000000000001331      0x1d7 Core/Src/stm32l5xx_it.o
 .debug_abbrev  0x0000000000001508      0x101 Core/Src/system_stm32l5xx_ns.o
 .debug_abbrev  0x0000000000001609      0x208 Core/Src/tim.o
 .debug_abbrev  0x0000000000001811      0x224 Core/Src/usart.o
 .debug_abbrev  0x0000000000001a35       0x12 Core/Startup/startup_stm32l552vetx.o
 .debug_abbrev  0x0000000000001a47      0x1ee Drivers/BSP/Components/icg20330/icg20330.o
 .debug_abbrev  0x0000000000001c35      0x2ae Drivers/BSP/STM32L552E-EV/stm32l552e_eval_bus.o
 .debug_abbrev  0x0000000000001ee3      0x258 Drivers/BSP/STM32L552E-EV/stm32l5xx_gyroscope.o
 .debug_abbrev  0x000000000000213b      0x29d Drivers/STM32L5xx_HAL_Driver/stm32l5xx_hal.o
 .debug_abbrev  0x00000000000023d8      0x2ac Drivers/STM32L5xx_HAL_Driver/stm32l5xx_hal_adc.o
 .debug_abbrev  0x0000000000002684      0x2bd Drivers/STM32L5xx_HAL_Driver/stm32l5xx_hal_adc_ex.o
 .debug_abbrev  0x0000000000002941      0x333 Drivers/STM32L5xx_HAL_Driver/stm32l5xx_hal_cortex.o
 .debug_abbrev  0x0000000000002c74      0x1f9 Drivers/STM32L5xx_HAL_Driver/stm32l5xx_hal_crc.o
 .debug_abbrev  0x0000000000002e6d      0x185 Drivers/STM32L5xx_HAL_Driver/stm32l5xx_hal_crc_ex.o
 .debug_abbrev  0x0000000000002ff2      0x212 Drivers/STM32L5xx_HAL_Driver/stm32l5xx_hal_dma.o
 .debug_abbrev  0x0000000000003204      0x1df Drivers/STM32L5xx_HAL_Driver/stm32l5xx_hal_gpio.o
 .debug_abbrev  0x00000000000033e3      0x256 Drivers/STM32L5xx_HAL_Driver/stm32l5xx_hal_i2c.o
 .debug_abbrev  0x0000000000003639      0x1fd Drivers/STM32L5xx_HAL_Driver/stm32l5xx_hal_i2c_ex.o
 .debug_abbrev  0x0000000000003836      0x283 Drivers/STM32L5xx_HAL_Driver/stm32l5xx_hal_pwr_ex.o
 .debug_abbrev  0x0000000000003ab9      0x2a6 Drivers/STM32L5xx_HAL_Driver/stm32l5xx_hal_rcc.o
 .debug_abbrev  0x0000000000003d5f      0x288 Drivers/STM32L5xx_HAL_Driver/stm32l5xx_hal_rcc_ex.o
 .debug_abbrev  0x0000000000003fe7      0x205 Drivers/STM32L5xx_HAL_Driver/stm32l5xx_hal_rng.o
 .debug_abbrev  0x00000000000041ec      0x21c Drivers/STM32L5xx_HAL_Driver/stm32l5xx_hal_rtc.o
 .debug_abbrev  0x0000000000004408      0x23a Drivers/STM32L5xx_HAL_Driver/stm32l5xx_hal_rtc_ex.o
 .debug_abbrev  0x0000000000004642      0x254 Drivers/STM32L5xx_HAL_Driver/stm32l5xx_hal_spi.o
 .debug_abbrev  0x0000000000004896      0x26f Drivers/STM32L5xx_HAL_Driver/stm32l5xx_hal_tim.o
 .debug_abbrev  0x0000000000004b05      0x277 Drivers/STM32L5xx_HAL_Driver/stm32l5xx_hal_tim_ex.o
 .debug_abbrev  0x0000000000004d7c      0x26e Drivers/STM32L5xx_HAL_Driver/stm32l5xx_hal_uart.o
 .debug_abbrev  0x0000000000004fea      0x20a Drivers/STM32L5xx_HAL_Driver/stm32l5xx_hal_uart_ex.o

.debug_aranges  0x0000000000000000     0x2120
 .debug_aranges
                0x0000000000000000       0x38 Core/Src/adc.o
 .debug_aranges
                0x0000000000000038       0x30 Core/Src/crc.o
 .debug_aranges
                0x0000000000000068       0x20 Core/Src/dma.o
 .debug_aranges
                0x0000000000000088       0x20 Core/Src/gpio.o
 .debug_aranges
                0x00000000000000a8       0x30 Core/Src/i2c.o
 .debug_aranges
                0x00000000000000d8       0x40 Core/Src/main.o
 .debug_aranges
                0x0000000000000118       0x30 Core/Src/rng.o
 .debug_aranges
                0x0000000000000148       0x30 Core/Src/rtc.o
 .debug_aranges
                0x0000000000000178       0x38 Core/Src/spi.o
 .debug_aranges
                0x00000000000001b0       0x20 Core/Src/stm32l5xx_hal_msp.o
 .debug_aranges
                0x00000000000001d0       0x30 Core/Src/stm32l5xx_hal_timebase_tim.o
 .debug_aranges
                0x0000000000000200      0x100 Core/Src/stm32l5xx_it.o
 .debug_aranges
                0x0000000000000300       0x28 Core/Src/system_stm32l5xx_ns.o
 .debug_aranges
                0x0000000000000328       0x30 Core/Src/tim.o
 .debug_aranges
                0x0000000000000358       0x38 Core/Src/usart.o
 .debug_aranges
                0x0000000000000390       0x28 Core/Startup/startup_stm32l552vetx.o
 .debug_aranges
                0x00000000000003b8       0x78 Drivers/BSP/Components/icg20330/icg20330.o
 .debug_aranges
                0x0000000000000430       0xa8 Drivers/BSP/STM32L552E-EV/stm32l552e_eval_bus.o
 .debug_aranges
                0x00000000000004d8       0x80 Drivers/BSP/STM32L552E-EV/stm32l5xx_gyroscope.o
 .debug_aranges
                0x0000000000000558      0x130 Drivers/STM32L5xx_HAL_Driver/stm32l5xx_hal.o
 .debug_aranges
                0x0000000000000688      0x238 Drivers/STM32L5xx_HAL_Driver/stm32l5xx_hal_adc.o
 .debug_aranges
                0x00000000000008c0      0x1b0 Drivers/STM32L5xx_HAL_Driver/stm32l5xx_hal_adc_ex.o
 .debug_aranges
                0x0000000000000a70      0x100 Drivers/STM32L5xx_HAL_Driver/stm32l5xx_hal_cortex.o
 .debug_aranges
                0x0000000000000b70       0x60 Drivers/STM32L5xx_HAL_Driver/stm32l5xx_hal_crc.o
 .debug_aranges
                0x0000000000000bd0       0x30 Drivers/STM32L5xx_HAL_Driver/stm32l5xx_hal_crc_ex.o
 .debug_aranges
                0x0000000000000c00       0xa0 Drivers/STM32L5xx_HAL_Driver/stm32l5xx_hal_dma.o
 .debug_aranges