Archive member included to satisfy reference by file (symbol)

c:/st/stm32cubeide_1.6.0/stm32cubeide/plugins/com.st.stm32cube.ide.mcu.externaltools.gnu-tools-for-stm32.9-2020-q2-update.win32_1.5.0.202011040924/tools/bin/../lib/gcc/arm-none-eabi/9.3.1/../../../../arm-none-eabi/lib/thumb/v8-m.main+fp/hard\libc_nano.a(lib_a-errno.o)
                              Core/Src/syscalls.o (__errno)
c:/st/stm32cubeide_1.6.0/stm32cubeide/plugins/com.st.stm32cube.ide.mcu.externaltools.gnu-tools-for-stm32.9-2020-q2-update.win32_1.5.0.202011040924/tools/bin/../lib/gcc/arm-none-eabi/9.3.1/../../../../arm-none-eabi/lib/thumb/v8-m.main+fp/hard\libc_nano.a(lib_a-exit.o)
                              c:/st/stm32cubeide_1.6.0/stm32cubeide/plugins/com.st.stm32cube.ide.mcu.externaltools.gnu-tools-for-stm32.9-2020-q2-update.win32_1.5.0.202011040924/tools/bin/../lib/gcc/arm-none-eabi/9.3.1/../../../../arm-none-eabi/lib/thumb/v8-m.main+fp/hard/crt0.o (exit)
c:/st/stm32cubeide_1.6.0/stm32cubeide/plugins/com.st.stm32cube.ide.mcu.externaltools.gnu-tools-for-stm32.9-2020-q2-update.win32_1.5.0.202011040924/tools/bin/../lib/gcc/arm-none-eabi/9.3.1/../../../../arm-none-eabi/lib/thumb/v8-m.main+fp/hard\libc_nano.a(lib_a-impure.o)
                              c:/st/stm32cubeide_1.6.0/stm32cubeide/plugins/com.st.stm32cube.ide.mcu.externaltools.gnu-tools-for-stm32.9-2020-q2-update.win32_1.5.0.202011040924/tools/bin/../lib/gcc/arm-none-eabi/9.3.1/../../../../arm-none-eabi/lib/thumb/v8-m.main+fp/hard\libc_nano.a(lib_a-exit.o) (_global_impure_ptr)
c:/st/stm32cubeide_1.6.0/stm32cubeide/plugins/com.st.stm32cube.ide.mcu.externaltools.gnu-tools-for-stm32.9-2020-q2-update.win32_1.5.0.202011040924/tools/bin/../lib/gcc/arm-none-eabi/9.3.1/../../../../arm-none-eabi/lib/thumb/v8-m.main+fp/hard\libc_nano.a(lib_a-init.o)
                              c:/st/stm32cubeide_1.6.0/stm32cubeide/plugins/com.st.stm32cube.ide.mcu.externaltools.gnu-tools-for-stm32.9-2020-q2-update.win32_1.5.0.202011040924/tools/bin/../lib/gcc/arm-none-eabi/9.3.1/../../../../arm-none-eabi/lib/thumb/v8-m.main+fp/hard/crt0.o (__libc_init_array)
c:/st/stm32cubeide_1.6.0/stm32cubeide/plugins/com.st.stm32cube.ide.mcu.externaltools.gnu-tools-for-stm32.9-2020-q2-update.win32_1.5.0.202011040924/tools/bin/../lib/gcc/arm-none-eabi/9.3.1/../../../../arm-none-eabi/lib/thumb/v8-m.main+fp/hard\libc_nano.a(lib_a-memcpy-stub.o)
                              Drivers/BSP/STM32L552E-EV/stm32l552e_eval_bus.o (memcpy)
c:/st/stm32cubeide_1.6.0/stm32cubeide/plugins/com.st.stm32cube.ide.mcu.externaltools.gnu-tools-for-stm32.9-2020-q2-update.win32_1.5.0.202011040924/tools/bin/../lib/gcc/arm-none-eabi/9.3.1/../../../../arm-none-eabi/lib/thumb/v8-m.main+fp/hard\libc_nano.a(lib_a-memset.o)
                              c:/st/stm32cubeide_1.6.0/stm32cubeide/plugins/com.st.stm32cube.ide.mcu.externaltools.gnu-tools-for-stm32.9-2020-q2-update.win32_1.5.0.202011040924/tools/bin/../lib/gcc/arm-none-eabi/9.3.1/../../../../arm-none-eabi/lib/thumb/v8-m.main+fp/hard/crt0.o (memset)
c:/st/stm32cubeide_1.6.0/stm32cubeide/plugins/com.st.stm32cube.ide.mcu.externaltools.gnu-tools-for-stm32.9-2020-q2-update.win32_1.5.0.202011040924/tools/bin/../lib/gcc/arm-none-eabi/9.3.1/../../../../arm-none-eabi/lib/thumb/v8-m.main+fp/hard\libm.a(lib_a-s_floor.o)
                              Core/Src/rtc.o (floor)
c:/st/stm32cubeide_1.6.0/stm32cubeide/plugins/com.st.stm32cube.ide.mcu.externaltools.gnu-tools-for-stm32.9-2020-q2-update.win32_1.5.0.202011040924/tools/bin/../lib/gcc/arm-none-eabi/9.3.1/thumb/v8-m.main+fp/hard\libgcc.a(_arm_addsubdf3.o)
                              c:/st/stm32cubeide_1.6.0/stm32cubeide/plugins/com.st.stm32cube.ide.mcu.externaltools.gnu-tools-for-stm32.9-2020-q2-update.win32_1.5.0.202011040924/tools/bin/../lib/gcc/arm-none-eabi/9.3.1/../../../../arm-none-eabi/lib/thumb/v8-m.main+fp/hard\libm.a(lib_a-s_floor.o) (__aeabi_dadd)
c:/st/stm32cubeide_1.6.0/stm32cubeide/plugins/com.st.stm32cube.ide.mcu.externaltools.gnu-tools-for-stm32.9-2020-q2-update.win32_1.5.0.202011040924/tools/bin/../lib/gcc/arm-none-eabi/9.3.1/thumb/v8-m.main+fp/hard\libgcc.a(_arm_muldivdf3.o)
                              Drivers/BSP/Components/lr1110/lr1110mb1xxs-board.o (__aeabi_ddiv)
c:/st/stm32cubeide_1.6.0/stm32cubeide/plugins/com.st.stm32cube.ide.mcu.externaltools.gnu-tools-for-stm32.9-2020-q2-update.win32_1.5.0.202011040924/tools/bin/../lib/gcc/arm-none-eabi/9.3.1/thumb/v8-m.main+fp/hard\libgcc.a(_arm_cmpdf2.o)
                              c:/st/stm32cubeide_1.6.0/stm32cubeide/plugins/com.st.stm32cube.ide.mcu.externaltools.gnu-tools-for-stm32.9-2020-q2-update.win32_1.5.0.202011040924/tools/bin/../lib/gcc/arm-none-eabi/9.3.1/../../../../arm-none-eabi/lib/thumb/v8-m.main+fp/hard\libm.a(lib_a-s_floor.o) (__aeabi_dcmpgt)
[...]
Memory Configuration

Name             Origin             Length             Attributes
RAM              0x0000000020018000 0x0000000000018000 xrw
FLASH            0x0000000008040000 0x0000000000040000 xr
*default*        0x0000000000000000 0xffffffffffffffff

Linker script and memory map

LOAD c:/st/stm32cubeide_1.6.0/stm32cubeide/plugins/com.st.stm32cube.ide.mcu.externaltools.gnu-tools-for-stm32.9-2020-q2-update.win32_1.5.0.202011040924/tools/bin/../lib/gcc/arm-none-eabi/9.3.1/thumb/v8-m.main+fp/hard/crti.o
LOAD c:/st/stm32cubeide_1.6.0/stm32cubeide/plugins/com.st.stm32cube.ide.mcu.externaltools.gnu-tools-for-stm32.9-2020-q2-update.win32_1.5.0.202011040924/tools/bin/../lib/gcc/arm-none-eabi/9.3.1/thumb/v8-m.main+fp/hard/crtbegin.o
LOAD c:/st/stm32cubeide_1.6.0/stm32cubeide/plugins/com.st.stm32cube.ide.mcu.externaltools.gnu-tools-for-stm32.9-2020-q2-update.win32_1.5.0.202011040924/tools/bin/../lib/gcc/arm-none-eabi/9.3.1/../../../../arm-none-eabi/lib/thumb/v8-m.main+fp/hard/crt0.o
LOAD Core/Src/adc.o
LOAD Core/Src/crc.o
LOAD Core/Src/delay.o
LOAD Core/Src/dma.o
LOAD Core/Src/gpio.o
LOAD Core/Src/i2c.o
LOAD Core/Src/lpm-board.o
LOAD Core/Src/main.o
LOAD Core/Src/rng.o
LOAD Core/Src/rtc.o
LOAD Core/Src/spi.o
LOAD Core/Src/stm32l5xx_hal_msp.o
LOAD Core/Src/stm32l5xx_hal_timebase_tim.o
LOAD Core/Src/stm32l5xx_it.o
LOAD Core/Src/syscalls.o
LOAD Core/Src/sysmem.o
LOAD Core/Src/system_stm32l5xx_ns.o
LOAD Core/Src/systime.o
LOAD Core/Src/tim.o
LOAD Core/Src/timer.o
LOAD Core/Src/usart.o
LOAD Core/Src/utilities.o
LOAD Core/Startup/startup_stm32l552vetx.o
LOAD Drivers/BSP/Components/icg20330/icg20330.o
LOAD Drivers/BSP/Components/lr1110/lr1110mb1xxs-board.o
LOAD Drivers/BSP/Components/lr1110/radio.o
LOAD Drivers/BSP/STM32L552E-EV/stm32l552e_eval.o
LOAD Drivers/BSP/STM32L552E-EV/stm32l552e_eval_bus.o
LOAD Drivers/BSP/STM32L552E-EV/stm32l552e_eval_idd.o
LOAD Drivers/BSP/STM32L552E-EV/stm32l552e_eval_io.o
LOAD Drivers/BSP/STM32L552E-EV/stm32l5xx_gyroscope.o
LOAD Drivers/BSP/lr1110_driver/src/lr1110_bootloader.o
LOAD Drivers/BSP/lr1110_driver/src/lr1110_crypto_engine.o
LOAD Drivers/BSP/lr1110_driver/src/lr1110_driver_version.o
LOAD Drivers/BSP/lr1110_driver/src/lr1110_gnss.o
LOAD Drivers/BSP/lr1110_driver/src/lr1110_radio.o
LOAD Drivers/BSP/lr1110_driver/src/lr1110_regmem.o
LOAD Drivers/BSP/lr1110_driver/src/lr1110_system.o
LOAD Drivers/BSP/lr1110_driver/src/lr1110_wifi.o
LOAD Drivers/STM32L5xx_HAL_Driver/stm32l5xx_hal.o
LOAD Drivers/STM32L5xx_HAL_Driver/stm32l5xx_hal_adc.o
LOAD Drivers/STM32L5xx_HAL_Driver/stm32l5xx_hal_adc_ex.o
LOAD Drivers/STM32L5xx_HAL_Driver/stm32l5xx_hal_cortex.o
LOAD Drivers/STM32L5xx_HAL_Driver/stm32l5xx_hal_dma.o
LOAD Drivers/STM32L5xx_HAL_Driver/stm32l5xx_hal_dma_ex.o
LOAD Drivers/STM32L5xx_HAL_Driver/stm32l5xx_hal_exti.o
LOAD Drivers/STM32L5xx_HAL_Driver/stm32l5xx_hal_flash.o
LOAD Drivers/STM32L5xx_HAL_Driver/stm32l5xx_hal_flash_ex.o
LOAD Drivers/STM32L5xx_HAL_Driver/stm32l5xx_hal_flash_ramfunc.o
LOAD Drivers/STM32L5xx_HAL_Driver/stm32l5xx_hal_gpio.o
LOAD Drivers/STM32L5xx_HAL_Driver/stm32l5xx_hal_i2c.o
LOAD Drivers/STM32L5xx_HAL_Driver/stm32l5xx_hal_i2c_ex.o
LOAD Drivers/STM32L5xx_HAL_Driver/stm32l5xx_hal_icache.o
LOAD Drivers/STM32L5xx_HAL_Driver/stm32l5xx_hal_pwr.o
LOAD Drivers/STM32L5xx_HAL_Driver/stm32l5xx_hal_pwr_ex.o
LOAD Drivers/STM32L5xx_HAL_Driver/stm32l5xx_hal_rcc.o
LOAD Drivers/STM32L5xx_HAL_Driver/stm32l5xx_hal_rcc_ex.o
LOAD Drivers/STM32L5xx_HAL_Driver/stm32l5xx_hal_rng.o
LOAD Drivers/STM32L5xx_HAL_Driver/stm32l5xx_hal_rng_ex.o
LOAD Drivers/STM32L5xx_HAL_Driver/stm32l5xx_hal_rtc.o
LOAD Drivers/STM32L5xx_HAL_Driver/stm32l5xx_hal_rtc_ex.o
LOAD Drivers/STM32L5xx_HAL_Driver/stm32l5xx_hal_spi.o
LOAD Drivers/STM32L5xx_HAL_Driver/stm32l5xx_hal_spi_ex.o
LOAD Drivers/STM32L5xx_HAL_Driver/stm32l5xx_hal_tim.o
LOAD Drivers/STM32L5xx_HAL_Driver/stm32l5xx_hal_tim_ex.o
LOAD Drivers/STM32L5xx_HAL_Driver/stm32l5xx_hal_uart.o
LOAD Drivers/STM32L5xx_HAL_Driver/stm32l5xx_hal_uart_ex.o
LOAD Drivers/STM32L5xx_HAL_Driver/stm32l5xx_ll_crc.o
LOAD Drivers/STM32L5xx_HAL_Driver/stm32l5xx_ll_exti.o
LOAD Drivers/STM32L5xx_HAL_Driver/stm32l5xx_ll_gpio.o
LOAD Drivers/STM32L5xx_HAL_Driver/stm32l5xx_ll_utils.o
LOAD C:/Users/anol_/STM32CubeIDE/workspace_1.6.0/LR111x_L552VE/Secure/Debug/secure_nsclib.o
START GROUP
LOAD c:/st/stm32cubeide_1.6.0/stm32cubeide/plugins/com.st.stm32cube.ide.mcu.externaltools.gnu-tools-for-stm32.9-2020-q2-update.win32_1.5.0.202011040924/tools/bin/../lib/gcc/arm-none-eabi/9.3.1/../../../../arm-none-eabi/lib/thumb/v8-m.main+fp/hard\libc_nano.a
LOAD c:/st/stm32cubeide_1.6.0/stm32cubeide/plugins/com.st.stm32cube.ide.mcu.externaltools.gnu-tools-for-stm32.9-2020-q2-update.win32_1.5.0.202011040924/tools/bin/../lib/gcc/arm-none-eabi/9.3.1/../../../../arm-none-eabi/lib/thumb/v8-m.main+fp/hard\libm.a
END GROUP
START GROUP
LOAD c:/st/stm32cubeide_1.6.0/stm32cubeide/plugins/com.st.stm32cube.ide.mcu.externaltools.gnu-tools-for-stm32.9-2020-q2-update.win32_1.5.0.202011040924/tools/bin/../lib/gcc/arm-none-eabi/9.3.1/thumb/v8-m.main+fp/hard\libgcc.a
LOAD c:/st/stm32cubeide_1.6.0/stm32cubeide/plugins/com.st.stm32cube.ide.mcu.externaltools.gnu-tools-for-stm32.9-2020-q2-update.win32_1.5.0.202011040924/tools/bin/../lib/gcc/arm-none-eabi/9.3.1/../../../../arm-none-eabi/lib/thumb/v8-m.main+fp/hard\libc_nano.a
END GROUP
START GROUP
LOAD c:/st/stm32cubeide_1.6.0/stm32cubeide/plugins/com.st.stm32cube.ide.mcu.externaltools.gnu-tools-for-stm32.9-2020-q2-update.win32_1.5.0.202011040924/tools/bin/../lib/gcc/arm-none-eabi/9.3.1/thumb/v8-m.main+fp/hard\libgcc.a
LOAD c:/st/stm32cubeide_1.6.0/stm32cubeide/plugins/com.st.stm32cube.ide.mcu.externaltools.gnu-tools-for-stm32.9-2020-q2-update.win32_1.5.0.202011040924/tools/bin/../lib/gcc/arm-none-eabi/9.3.1/../../../../arm-none-eabi/lib/thumb/v8-m.main+fp/hard\libc_nano.a
LOAD c:/st/stm32cubeide_1.6.0/stm32cubeide/plugins/com.st.stm32cube.ide.mcu.externaltools.gnu-tools-for-stm32.9-2020-q2-update.win32_1.5.0.202011040924/tools/bin/../lib/gcc/arm-none-eabi/9.3.1/../../../../arm-none-eabi/lib/thumb/v8-m.main+fp/hard\libnosys.a
END GROUP
START GROUP
LOAD c:/st/stm32cubeide_1.6.0/stm32cubeide/plugins/com.st.stm32cube.ide.mcu.externaltools.gnu-tools-for-stm32.9-2020-q2-update.win32_1.5.0.202011040924/tools/bin/../lib/gcc/arm-none-eabi/9.3.1/thumb/v8-m.main+fp/hard\libgcc.a
LOAD c:/st/stm32cubeide_1.6.0/stm32cubeide/plugins/com.st.stm32cube.ide.mcu.externaltools.gnu-tools-for-stm32.9-2020-q2-update.win32_1.5.0.202011040924/tools/bin/../lib/gcc/arm-none-eabi/9.3.1/../../../../arm-none-eabi/lib/thumb/v8-m.main+fp/hard\libc_nano.a
LOAD c:/st/stm32cubeide_1.6.0/stm32cubeide/plugins/com.st.stm32cube.ide.mcu.externaltools.gnu-tools-for-stm32.9-2020-q2-update.win32_1.5.0.202011040924/tools/bin/../lib/gcc/arm-none-eabi/9.3.1/../../../../arm-none-eabi/lib/thumb/v8-m.main+fp/hard\libnosys.a
END GROUP
LOAD c:/st/stm32cubeide_1.6.0/stm32cubeide/plugins/com.st.stm32cube.ide.mcu.externaltools.gnu-tools-for-stm32.9-2020-q2-update.win32_1.5.0.202011040924/tools/bin/../lib/gcc/arm-none-eabi/9.3.1/thumb/v8-m.main+fp/hard/crtend.o
LOAD c:/st/stm32cubeide_1.6.0/stm32cubeide/plugins/com.st.stm32cube.ide.mcu.externaltools.gnu-tools-for-stm32.9-2020-q2-update.win32_1.5.0.202011040924/tools/bin/../lib/gcc/arm-none-eabi/9.3.1/thumb/v8-m.main+fp/hard/crtn.o
                0x0000000020030000                _estack = (ORIGIN (RAM) + LENGTH (RAM))
                0x0000000000000200                _Min_Heap_Size = 0x200
                0x0000000000000400                _Min_Stack_Size = 0x400

.isr_vector     0x0000000008040000      0x1f4
                0x0000000008040000                . = ALIGN (0x4)
 *(.isr_vector)
 .isr_vector    0x0000000008040000      0x1f4 Core/Startup/startup_stm32l552vetx.o
                0x0000000008040000                g_pfnVectors
                0x00000000080401f4                . = ALIGN (0x4)

.text           0x00000000080401f8     0xe5f0
                0x00000000080401f8                . = ALIGN (0x4)
 *(.text)
 .text          0x00000000080401f8       0x40 c:/st/stm32cubeide_1.6.0/stm32cubeide/plugins/com.st.stm32cube.ide.mcu.externaltools.gnu-tools-for-stm32.9-2020-q2-update.win32_1.5.0.202011040924/tools/bin/../lib/gcc/arm-none-eabi/9.3.1/thumb/v8-m.main+fp/hard/crtbegin.o
 .text          0x0000000008040238      0x378 c:/st/stm32cubeide_1.6.0/stm32cubeide/plugins/com.st.stm32cube.ide.mcu.externaltools.gnu-tools-for-stm32.9-2020-q2-update.win32_1.5.0.202011040924/tools/bin/../lib/gcc/arm-none-eabi/9.3.1/thumb/v8-m.main+fp/hard\libgcc.a(_arm_addsubdf3.o)
                0x0000000008040238                __aeabi_drsub
                0x0000000008040240                __aeabi_dsub
                0x0000000008040240                __subdf3
                0x0000000008040244                __aeabi_dadd
                0x0000000008040244                __adddf3
                0x00000000080404bc                __floatunsidf
                0x00000000080404bc                __aeabi_ui2d
                0x00000000080404dc                __floatsidf
                0x00000000080404dc                __aeabi_i2d
                0x0000000008040500                __aeabi_f2d
                0x0000000008040500                __extendsfdf2
                0x0000000008040544                __floatundidf
                0x0000000008040544                __aeabi_ul2d
                0x0000000008040554                __floatdidf
                0x0000000008040554                __aeabi_l2d
 .text          0x00000000080405b0      0x424 c:/st/stm32cubeide_1.6.0/stm32cubeide/plugins/com.st.stm32cube.ide.mcu.externaltools.gnu-tools-for-stm32.9-2020-q2-update.win32_1.5.0.202011040924/tools/bin/../lib/gcc/arm-none-eabi/9.3.1/thumb/v8-m.main+fp/hard\libgcc.a(_arm_muldivdf3.o)
                0x00000000080405b0                __aeabi_dmul
                0x00000000080405b0                __muldf3
                0x0000000008040804                __divdf3
                0x0000000008040804                __aeabi_ddiv
 .text          0x00000000080409d4       0x40 c:/st/stm32cubeide_1.6.0/stm32cubeide/plugins/com.st.stm32cube.ide.mcu.externaltools.gnu-tools-for-stm32.9-2020-q2-update.win32_1.5.0.202011040924/tools/bin/../lib/gcc/arm-none-eabi/9.3.1/thumb/v8-m.main+fp/hard\libgcc.a(_arm_fixunsdfsi.o)
                0x00000000080409d4                __aeabi_d2uiz
                0x00000000080409d4                __fixunsdfsi
 .text          0x0000000008040a14       0x30 c:/st/stm32cubeide_1.6.0/stm32cubeide/plugins/com.st.stm32cube.ide.mcu.externaltools.gnu-tools-for-stm32.9-2020-q2-update.win32_1.5.0.202011040924/tools/bin/../lib/gcc/arm-none-eabi/9.3.1/thumb/v8-m.main+fp/hard\libgcc.a(_aeabi_uldivmod.o)
                0x0000000008040a14                __aeabi_uldivmod
 .text          0x0000000008040a44      0x2e8 c:/st/stm32cubeide_1.6.0/stm32cubeide/plugins/com.st.stm32cube.ide.mcu.externaltools.gnu-tools-for-stm32.9-2020-q2-update.win32_1.5.0.202011040924/tools/bin/../lib/gcc/arm-none-eabi/9.3.1/thumb/v8-m.main+fp/hard\libgcc.a(_udivmoddi4.o)
                0x0000000008040a44                __udivmoddi4
 .text          0x0000000008040d2c        0x4 c:/st/stm32cubeide_1.6.0/stm32cubeide/plugins/com.st.stm32cube.ide.mcu.externaltools.gnu-tools-for-stm32.9-2020-q2-update.win32_1.5.0.202011040924/tools/bin/../lib/gcc/arm-none-eabi/9.3.1/thumb/v8-m.main+fp/hard\libgcc.a(_dvmd_tls.o)
                0x0000000008040d2c                __aeabi_idiv0
                0x0000000008040d2c                __aeabi_ldiv0
 *(.text*)
 .text.MX_ADC1_Init
                0x0000000008040d30       0xec Core/Src/adc.o
                0x0000000008040d30                MX_ADC1_Init
 .text.MX_ADC2_Init
                0x0000000008040e1c       0xc8 Core/Src/adc.o
                0x0000000008040e1c                MX_ADC2_Init
 .text.HAL_ADC_MspInit
                0x0000000008040ee4      0x1f0 Core/Src/adc.o
                0x0000000008040ee4                HAL_ADC_MspInit
 .text.LL_CRC_SetPolynomialSize
                0x00000000080410d4       0x26 Core/Src/crc.o
 .text.LL_CRC_SetInputDataReverseMode
                0x00000000080410fa       0x26 Core/Src/crc.o
 .text.LL_CRC_SetOutputDataReverseMode
                0x0000000008041120       0x26 Core/Src/crc.o
 .text.LL_CRC_SetInitialData
                0x0000000008041146       0x1c Core/Src/crc.o
 .text.LL_CRC_SetPolynomialCoef
                0x0000000008041162       0x1c Core/Src/crc.o
 *fill*         0x000000000804117e        0x2 
 .text.LL_AHB1_GRP1_EnableClock
                0x0000000008041180       0x30 Core/Src/crc.o
 .text.MX_CRC_Init
                0x00000000080411b0       0x44 Core/Src/crc.o
                0x00000000080411b0                MX_CRC_Init
 .text.DelayMs  0x00000000080411f4       0x16 Core/Src/delay.o
                0x00000000080411f4                DelayMs
 *fill*         0x000000000804120a        0x2 
 .text.MX_DMA_Init
                0x000000000804120c       0xac Core/Src/dma.o
                0x000000000804120c                MX_DMA_Init
 .text.MX_GPIO_Init
                0x00000000080412b8      0x188 Core/Src/gpio.o
                0x00000000080412b8                MX_GPIO_Init
 .text.GpioInit
                0x0000000008041440       0xb8 Core/Src/gpio.o
                0x0000000008041440                GpioInit
 .text.GpioSetInterrupt
                0x00000000080414f8      0x28c Core/Src/gpio.o
                0x00000000080414f8                GpioSetInterrupt
 .text.GpioWrite
                0x0000000008041784       0x32 Core/Src/gpio.o
                0x0000000008041784                GpioWrite
 .text.GpioRead
                0x00000000080417b6       0x32 Core/Src/gpio.o
                0x00000000080417b6                GpioRead
 .text.EXTI0_IRQHandler
                0x00000000080417e8        0xe Core/Src/gpio.o
                0x00000000080417e8                EXTI0_IRQHandler
 .text.EXTI1_IRQHandler
                0x00000000080417f6        0xe Core/Src/gpio.o
                0x00000000080417f6                EXTI1_IRQHandler
 .text.EXTI2_IRQHandler
                0x0000000008041804        0xe Core/Src/gpio.o
                0x0000000008041804                EXTI2_IRQHandler
 .text.EXTI3_IRQHandler
                0x0000000008041812        0xe Core/Src/gpio.o
                0x0000000008041812                EXTI3_IRQHandler
 .text.EXTI4_IRQHandler
                0x0000000008041820        0xe Core/Src/gpio.o
                0x0000000008041820                EXTI4_IRQHandler
 .text.EXTI5_IRQHandler
                0x000000000804182e        0xe Core/Src/gpio.o
                0x000000000804182e                EXTI5_IRQHandler
 .text.EXTI6_IRQHandler
                0x000000000804183c        0xe Core/Src/gpio.o
                0x000000000804183c                EXTI6_IRQHandler
 .text.EXTI7_IRQHandler
                0x000000000804184a        0xe Core/Src/gpio.o
                0x000000000804184a                EXTI7_IRQHandler
 .text.EXTI8_IRQHandler
                0x0000000008041858       0x10 Core/Src/gpio.o
                0x0000000008041858                EXTI8_IRQHandler
 .text.EXTI9_IRQHandler
                0x0000000008041868       0x10 Core/Src/gpio.o
                0x0000000008041868                EXTI9_IRQHandler
 .text.EXTI10_IRQHandler
                0x0000000008041878       0x10 Core/Src/gpio.o
                0x0000000008041878                EXTI10_IRQHandler
 .text.EXTI11_IRQHandler
                0x0000000008041888       0x10 Core/Src/gpio.o
                0x0000000008041888                EXTI11_IRQHandler
 .text.EXTI12_IRQHandler
                0x0000000008041898       0x10 Core/Src/gpio.o
                0x0000000008041898                EXTI12_IRQHandler
 .text.EXTI13_IRQHandler
                0x00000000080418a8       0x10 Core/Src/gpio.o
                0x00000000080418a8                EXTI13_IRQHandler
 .text.EXTI14_IRQHandler
                0x00000000080418b8       0x10 Core/Src/gpio.o
                0x00000000080418b8                EXTI14_IRQHandler
 .text.EXTI15_IRQHandler
                0x00000000080418c8       0x10 Core/Src/gpio.o
                0x00000000080418c8                EXTI15_IRQHandler
 .text.MX_I2C1_Init
                0x00000000080418d8       0x80 Core/Src/i2c.o
                0x00000000080418d8                MX_I2C1_Init
 .text.HAL_I2C_MspInit
                0x0000000008041958       0xdc Core/Src/i2c.o
                0x0000000008041958                HAL_I2C_MspInit
 .text.LpmSetStopMode
                0x0000000008041a34       0x5c Core/Src/lpm-board.o
                0x0000000008041a34                LpmSetStopMode
 .text.LpmGetMode
                0x0000000008041a90       0x48 Core/Src/lpm-board.o
                0x0000000008041a90                LpmGetMode
 .text.main     0x0000000008041ad8      0x13c Core/Src/main.o
                0x0000000008041ad8                main
 .text.SecureFault_Callback
                0x0000000008041c14        0xc Core/Src/main.o
                0x0000000008041c14                SecureFault_Callback
 .text.SecureError_Callback
                0x0000000008041c20        0xc Core/Src/main.o
                0x0000000008041c20                SecureError_Callback
 .text.LR_TxDone
                0x0000000008041c2c        0xe Core/Src/main.o
                0x0000000008041c2c                LR_TxDone
 .text.LR_TxTimeout
                0x0000000008041c3a        0xe Core/Src/main.o
                0x0000000008041c3a                LR_TxTimeout
 .text.LR_RxDone
                0x0000000008041c48       0x26 Core/Src/main.o
                0x0000000008041c48                LR_RxDone
 .text.LR_RxTimeout
                0x0000000008041c6e        0xe Core/Src/main.o
                0x0000000008041c6e                LR_RxTimeout
 .text.LR_RxError
                0x0000000008041c7c        0xe Core/Src/main.o
                0x0000000008041c7c                LR_RxError
 .text.LR_FhssChangeChannel
                0x0000000008041c8a       0x16 Core/Src/main.o
                0x0000000008041c8a                LR_FhssChangeChannel
 .text.LR_CadDone
                0x0000000008041ca0       0x16 Core/Src/main.o
                0x0000000008041ca0                LR_CadDone
 .text.LR_GnssDone
                0x0000000008041cb6        0xe Core/Src/main.o
                0x0000000008041cb6                LR_GnssDone
 .text.LR_WifiDone
                0x0000000008041cc4        0xe Core/Src/main.o
                0x0000000008041cc4                LR_WifiDone
 *fill*         0x0000000008041cd2        0x2 
 .text.HAL_TIM_PeriodElapsedCallback
                0x0000000008041cd4       0x24 Core/Src/main.o
                0x0000000008041cd4                HAL_TIM_PeriodElapsedCallback
 .text.Error_Handler
                0x0000000008041cf8       0x16 Core/Src/main.o
                0x0000000008041cf8                Error_Handler
 *fill*         0x0000000008041d0e        0x2 
 .text.MX_RNG_Init
                0x0000000008041d10       0x2c Core/Src/rng.o
                0x0000000008041d10                MX_RNG_Init
 .text.HAL_RNG_MspInit
                0x0000000008041d3c       0x78 Core/Src/rng.o
                0x0000000008041d3c                HAL_RNG_MspInit
 .text.MX_RTC_Init
                0x0000000008041db4      0x104 Core/Src/rtc.o
                0x0000000008041db4                MX_RTC_Init
 .text.HAL_RTC_MspInit
                0x0000000008041eb8       0x8c Core/Src/rtc.o
                0x0000000008041eb8                HAL_RTC_MspInit
 .text.HAL_RTC_MspDeInit
                0x0000000008041f44       0x44 Core/Src/rtc.o
                0x0000000008041f44                HAL_RTC_MspDeInit
 .text.RtcSetTimerContext
                0x0000000008041f88       0x28 Core/Src/rtc.o
                0x0000000008041f88                RtcSetTimerContext
 .text.RtcGetTimerContext
                0x0000000008041fb0       0x18 Core/Src/rtc.o
                0x0000000008041fb0                RtcGetTimerContext
 .text.RtcGetMinimumTimeout
                0x0000000008041fc8       0x10 Core/Src/rtc.o
                0x0000000008041fc8                RtcGetMinimumTimeout
 .text.RtcMs2Tick
                0x0000000008041fd8       0x3a Core/Src/rtc.o
                0x0000000008041fd8                RtcMs2Tick
 .text.RtcTick2Ms
                0x0000000008042012       0x3a Core/Src/rtc.o
                0x0000000008042012                RtcTick2Ms
 .text.RtcSetAlarm
                0x000000000804204c       0x6c Core/Src/rtc.o
                0x000000000804204c                RtcSetAlarm
 .text.RtcStopAlarm
                0x00000000080420b8       0x20 Core/Src/rtc.o
                0x00000000080420b8                RtcStopAlarm
 .text.RtcStartAlarm
                0x00000000080420d8      0x1f0 Core/Src/rtc.o
                0x00000000080420d8                RtcStartAlarm
 .text.RtcGetTimerValue
                0x00000000080422c8       0x26 Core/Src/rtc.o
                0x00000000080422c8                RtcGetTimerValue
 *fill*         0x00000000080422ee        0x2 
 .text.RtcGetTimerElapsedTime
                0x00000000080422f0       0x30 Core/Src/rtc.o
                0x00000000080422f0                RtcGetTimerElapsedTime
 .text.RtcGetCalendarValue
                0x0000000008042320      0x12c Core/Src/rtc.o
 .text.HAL_RTC_AlarmAEventCallback
                0x000000000804244c       0x14 Core/Src/rtc.o
                0x000000000804244c                HAL_RTC_AlarmAEventCallback
 .text.MX_SPI1_Init
                0x0000000008042460       0x7c Core/Src/spi.o
                0x0000000008042460                MX_SPI1_Init
 .text.MX_SPI3_Init
                0x00000000080424dc       0x7c Core/Src/spi.o
                0x00000000080424dc                MX_SPI3_Init
 .text.HAL_SPI_MspInit
                0x0000000008042558      0x10c Core/Src/spi.o
                0x0000000008042558                HAL_SPI_MspInit
 .text.SpiInit  0x0000000008042664      0x294 Core/Src/spi.o
                0x0000000008042664                SpiInit
 .text.SpiFormat
                0x00000000080428f8      0x13c Core/Src/spi.o
                0x00000000080428f8                SpiFormat
 .text.SpiFrequency
                0x0000000008042a34       0x94 Core/Src/spi.o
                0x0000000008042a34                SpiFrequency
 .text.SpiInOut
                0x0000000008042ac8       0x88 Core/Src/spi.o
                0x0000000008042ac8                SpiInOut
 .text.HAL_MspInit
                0x0000000008042b50       0x54 Core/Src/stm32l5xx_hal_msp.o
                0x0000000008042b50                HAL_MspInit
 .text.HAL_InitTick
                0x0000000008042ba4       0xac Core/Src/stm32l5xx_hal_timebase_tim.o
                0x0000000008042ba4                HAL_InitTick
 .text.MemManage_Handler
                0x0000000008042c50        0x6 Core/Src/stm32l5xx_it.o
                0x0000000008042c50                MemManage_Handler
 .text.UsageFault_Handler
                0x0000000008042c56        0x6 Core/Src/stm32l5xx_it.o
                0x0000000008042c56                UsageFault_Handler
 .text.SVC_Handler
                0x0000000008042c5c        0xe Core/Src/stm32l5xx_it.o
                0x0000000008042c5c                SVC_Handler
 .text.PendSV_Handler
                0x0000000008042c6a        0xe Core/Src/stm32l5xx_it.o
                0x0000000008042c6a                PendSV_Handler
 .text.SysTick_Handler
                0x0000000008042c78        0xe Core/Src/stm32l5xx_it.o
                0x0000000008042c78                SysTick_Handler
 *fill*         0x0000000008042c86        0x2 
 .text.RTC_IRQHandler
                0x0000000008042c88       0x20 Core/Src/stm32l5xx_it.o
                0x0000000008042c88                RTC_IRQHandler
 .text.DMA1_Channel5_IRQHandler
                0x0000000008042ca8       0x14 Core/Src/stm32l5xx_it.o
                0x0000000008042ca8                DMA1_Channel5_IRQHandler
 .text.DMA1_Channel6_IRQHandler
                0x0000000008042cbc       0x14 Core/Src/stm32l5xx_it.o
                0x0000000008042cbc                DMA1_Channel6_IRQHandler
 .text.ADC1_2_IRQHandler
                0x0000000008042cd0       0x1c Core/Src/stm32l5xx_it.o
                0x0000000008042cd0                ADC1_2_IRQHandler
 .text.TIM1_BRK_IRQHandler
                0x0000000008042cec       0x14 Core/Src/stm32l5xx_it.o
                0x0000000008042cec                TIM1_BRK_IRQHandler
 .text.TIM1_UP_IRQHandler
                0x0000000008042d00       0x14 Core/Src/stm32l5xx_it.o
                0x0000000008042d00                TIM1_UP_IRQHandler
 .text.TIM1_TRG_COM_IRQHandler
                0x0000000008042d14       0x14 Core/Src/stm32l5xx_it.o
                0x0000000008042d14                TIM1_TRG_COM_IRQHandler
 .text.TIM1_CC_IRQHandler
                0x0000000008042d28       0x14 Core/Src/stm32l5xx_it.o
                0x0000000008042d28                TIM1_CC_IRQHandler
 .text.TIM6_IRQHandler
                0x0000000008042d3c       0x14 Core/Src/stm32l5xx_it.o
                0x0000000008042d3c                TIM6_IRQHandler
 .text.I2C1_EV_IRQHandler
                0x0000000008042d50       0x14 Core/Src/stm32l5xx_it.o
                0x0000000008042d50                I2C1_EV_IRQHandler
 .text.I2C1_ER_IRQHandler
                0x0000000008042d64       0x14 Core/Src/stm32l5xx_it.o
                0x0000000008042d64                I2C1_ER_IRQHandler
 .text.SPI1_IRQHandler
                0x0000000008042d78       0x14 Core/Src/stm32l5xx_it.o
                0x0000000008042d78                SPI1_IRQHandler
 .text.USART3_IRQHandler
                0x0000000008042d8c       0x14 Core/Src/stm32l5xx_it.o
                0x0000000008042d8c                USART3_IRQHandler
 .text.LPUART1_IRQHandler
                0x0000000008042da0       0x14 Core/Src/stm32l5xx_it.o
                0x0000000008042da0                LPUART1_IRQHandler
 .text.DMA2_Channel2_IRQHandler
                0x0000000008042db4       0x14 Core/Src/stm32l5xx_it.o
                0x0000000008042db4                DMA2_Channel2_IRQHandler
 .text.DMA2_Channel3_IRQHandler
                0x0000000008042dc8       0x14 Core/Src/stm32l5xx_it.o
                0x0000000008042dc8                DMA2_Channel3_IRQHandler
 .text.DMA2_Channel6_IRQHandler
                0x0000000008042ddc       0x14 Core/Src/stm32l5xx_it.o
                0x0000000008042ddc                DMA2_Channel6_IRQHandler
 .text.RNG_IRQHandler
                0x0000000008042df0       0x14 Core/Src/stm32l5xx_it.o
                0x0000000008042df0                RNG_IRQHandler
 .text.FPU_IRQHandler
                0x0000000008042e04        0xe Core/Src/stm32l5xx_it.o
                0x0000000008042e04                FPU_IRQHandler
 *fill*         0x0000000008042e12        0x2 
 .text.SPI3_IRQHandler
                0x0000000008042e14       0x14 Core/Src/stm32l5xx_it.o
                0x0000000008042e14                SPI3_IRQHandler
 .text.SystemInit
                0x0000000008042e28        0xe Core/Src/system_stm32l5xx_ns.o
                0x0000000008042e28                SystemInit
 *fill*         0x0000000008042e36        0x2 
 .text.SystemCoreClockUpdate
                0x0000000008042e38       0x18 Core/Src/system_stm32l5xx_ns.o
                0x0000000008042e38                SystemCoreClockUpdate
 .text.MX_TIM1_Init
                0x0000000008042e50       0xb4 Core/Src/tim.o
                0x0000000008042e50                MX_TIM1_Init
 .text.HAL_TIM_Encoder_MspInit
                0x0000000008042f04       0xc8 Core/Src/tim.o
                0x0000000008042f04                HAL_TIM_Encoder_MspInit
 .text.TimerInit
                0x0000000008042fcc       0x40 Core/Src/timer.o
                0x0000000008042fcc                TimerInit
 .text.TimerStart
                0x000000000804300c       0xa0 Core/Src/timer.o
                0x000000000804300c                TimerStart
 .text.TimerInsertTimer
                0x00000000080430ac       0x60 Core/Src/timer.o
 .text.TimerInsertNewHeadTimer
                0x000000000804310c       0x3c Core/Src/timer.o
 .text.TimerIrqHandler
                0x0000000008043148      0x104 Core/Src/timer.o
                0x0000000008043148                TimerIrqHandler
 .text.TimerStop
                0x000000000804324c       0xf4 Core/Src/timer.o
                0x000000000804324c                TimerStop
 .text.TimerExists
                0x0000000008043340       0x3c Core/Src/timer.o
 .text.TimerSetValue
                0x000000000804337c       0x42 Core/Src/timer.o
                0x000000000804337c                TimerSetValue
 .text.TimerGetCurrentTime
                0x00000000080433be       0x1c Core/Src/timer.o
                0x00000000080433be                TimerGetCurrentTime
 .text.TimerGetElapsedTime
                0x00000000080433da       0x36 Core/Src/timer.o
                0x00000000080433da                TimerGetElapsedTime
 .text.TimerSetTimeout
                0x0000000008043410       0x48 Core/Src/timer.o
 .text.MX_LPUART1_UART_Init
                0x0000000008043458       0x9c Core/Src/usart.o
                0x0000000008043458                MX_LPUART1_UART_Init
 .text.MX_USART3_UART_Init
                0x00000000080434f4       0x98 Core/Src/usart.o
                0x00000000080434f4                MX_USART3_UART_Init
 .text.HAL_UART_MspInit
                0x000000000804358c      0x320 Core/Src/usart.o
                0x000000000804358c                HAL_UART_MspInit
 .text.Reset_Handler
                0x00000000080438ac       0x50 Core/Startup/startup_stm32l552vetx.o
                0x00000000080438ac                Reset_Handler
 .text.Default_Handler
                0x00000000080438fc        0x2 Core/Startup/startup_stm32l552vetx.o
                0x00000000080438fc                TIM8_TRG_COM_IRQHandler
                0x00000000080438fc                TIM8_CC_IRQHandler
                0x00000000080438fc                DebugMon_Handler
                0x00000000080438fc                FLASH_S_IRQHandler
                0x00000000080438fc                TSC_IRQHandler
                0x00000000080438fc                HardFault_Handler
                0x00000000080438fc                TAMP_IRQHandler
                0x00000000080438fc                DMA2_Channel8_IRQHandler
                0x00000000080438fc                NMI_Handler
                0x00000000080438fc                LPTIM2_IRQHandler
                0x00000000080438fc                DFSDM1_FLT1_IRQHandler
                0x00000000080438fc                USB_FS_IRQHandler
                0x00000000080438fc                I2C3_ER_IRQHandler
                0x00000000080438fc                DFSDM1_FLT2_IRQHandler
                0x00000000080438fc                DMAMUX1_IRQHandler
                0x00000000080438fc                LPTIM3_IRQHandler
                0x00000000080438fc                I2C2_EV_IRQHandler
                0x00000000080438fc                FDCAN1_IT1_IRQHandler
                0x00000000080438fc                OCTOSPI1_IRQHandler
                0x00000000080438fc                TIM8_UP_IRQHandler
                0x00000000080438fc                RCC_S_IRQHandler
                0x00000000080438fc                DMA1_Channel4_IRQHandler
                0x00000000080438fc                SAI2_IRQHandler
                0x00000000080438fc                DFSDM1_FLT3_IRQHandler
                0x00000000080438fc                TIM17_IRQHandler
                0x00000000080438fc                DMA1_Channel7_IRQHandler
                0x00000000080438fc                UART5_IRQHandler
                0x00000000080438fc                TIM4_IRQHandler
                0x00000000080438fc                DMA2_Channel1_IRQHandler
                0x00000000080438fc                TIM16_IRQHandler
                0x00000000080438fc                UART4_IRQHandler
                0x00000000080438fc                DMA2_Channel4_IRQHandler
                0x00000000080438fc                SecureFault_Handler
                0x00000000080438fc                TIM3_IRQHandler
                0x00000000080438fc                RCC_IRQHandler
                0x00000000080438fc                DMA1_Channel1_IRQHandler
                0x00000000080438fc                Default_Handler
                0x00000000080438fc                DMA2_Channel7_IRQHandler
                0x00000000080438fc                DMA1_Channel8_IRQHandler
                0x00000000080438fc                TIM7_IRQHandler
                0x00000000080438fc                SDMMC1_IRQHandler
                0x00000000080438fc                TIM5_IRQHandler
                0x00000000080438fc                UCPD1_IRQHandler
                0x00000000080438fc                TIM15_IRQHandler
                0x00000000080438fc                I2C3_EV_IRQHandler
                0x00000000080438fc                PVD_PVM_IRQHandler
                0x00000000080438fc                SPI2_IRQHandler
                0x00000000080438fc                DMA2_Channel5_IRQHandler
                0x00000000080438fc                CRS_IRQHandler
                0x00000000080438fc                RTC_S_IRQHandler
                0x00000000080438fc                DMAMUX1_S_IRQHandler
                0x00000000080438fc                DMA1_Channel3_IRQHandler
                0x00000000080438fc                COMP_IRQHandler
                0x00000000080438fc                WWDG_IRQHandler
                0x00000000080438fc                I2C4_EV_IRQHandler
                0x00000000080438fc                FDCAN1_IT0_IRQHandler
                0x00000000080438fc                TIM2_IRQHandler
                0x00000000080438fc                TAMP_S_IRQHandler
                0x00000000080438fc                DAC_IRQHandler
                0x00000000080438fc                GTZC_IRQHandler
                0x00000000080438fc                USART2_IRQHandler
                0x00000000080438fc                DFSDM1_FLT0_IRQHandler
                0x00000000080438fc                I2C2_ER_IRQHandler
                0x00000000080438fc                DMA1_Channel2_IRQHandler
                0x00000000080438fc                TIM8_BRK_IRQHandler
                0x00000000080438fc                FLASH_IRQHandler
                0x00000000080438fc                BusFault_Handler
                0x00000000080438fc                USART1_IRQHandler
                0x00000000080438fc                FMC_IRQHandler
                0x00000000080438fc                LPTIM1_IRQHandler
                0x00000000080438fc                I2C4_ER_IRQHandler
                0x00000000080438fc                ICACHE_IRQHandler
                0x00000000080438fc                SAI1_IRQHandler
                0x00000000080438fc                HASH_IRQHandler
 *fill*         0x00000000080438fe        0x2 
 .text.ICG20330_Init
                0x0000000008043900       0x7c Drivers/BSP/Components/icg20330/icg20330.o
                0x0000000008043900                ICG20330_Init
 .text.ICG20330_DeInit
                0x000000000804397c        0xe Drivers/BSP/Components/icg20330/icg20330.o
                0x000000000804397c                ICG20330_DeInit
 .text.ICG20330_ReadID
                0x000000000804398a       0x20 Drivers/BSP/Components/icg20330/icg20330.o
                0x000000000804398a                ICG20330_ReadID
 .text.ICG20330_RebootCmd
                0x00000000080439aa       0x30 Drivers/BSP/Components/icg20330/icg20330.o
                0x00000000080439aa                ICG20330_RebootCmd
 .text.ICG20330_LowPower
                0x00000000080439da       0x2a Drivers/BSP/Components/icg20330/icg20330.o
                0x00000000080439da                ICG20330_LowPower
 .text.ICG20330_INT1InterruptConfig
                0x0000000008043a04       0x86 Drivers/BSP/Components/icg20330/icg20330.o
                0x0000000008043a04                ICG20330_INT1InterruptConfig
 .text.ICG20330_EnableIT
                0x0000000008043a8a       0x2c Drivers/BSP/Components/icg20330/icg20330.o
                0x0000000008043a8a                ICG20330_EnableIT
 .text.ICG20330_DisableIT
                0x0000000008043ab6       0x42 Drivers/BSP/Components/icg20330/icg20330.o
                0x0000000008043ab6                ICG20330_DisableIT
 .text.ICG20330_FilterConfig
                0x0000000008043af8       0x2c Drivers/BSP/Components/icg20330/icg20330.o
                0x0000000008043af8                ICG20330_FilterConfig
 .text.ICG20330_FilterCmd
                0x0000000008043b24       0x2c Drivers/BSP/Components/icg20330/icg20330.o
                0x0000000008043b24                ICG20330_FilterCmd
 .text.ICG20330_ReadXYZAngRate
                0x0000000008043b50      0x188 Drivers/BSP/Components/icg20330/icg20330.o
                0x0000000008043b50                ICG20330_ReadXYZAngRate
 .text.lr1110_board_init_io
                0x0000000008043cd8       0x84 Drivers/BSP/Components/lr1110/lr1110mb1xxs-board.o
                0x0000000008043cd8                lr1110_board_init_io
 .text.lr1110_board_set_rf_tx_power
                0x0000000008043d5c       0x46 Drivers/BSP/Components/lr1110/lr1110mb1xxs-board.o
                0x0000000008043d5c                lr1110_board_set_rf_tx_power
 .text.lr1110_board_get_tcxo_wakeup_time
                0x0000000008043da2       0x16 Drivers/BSP/Components/lr1110/lr1110mb1xxs-board.o
                0x0000000008043da2                lr1110_board_get_tcxo_wakeup_time
 .text.lr1110_board_init
                0x0000000008043db8       0xc0 Drivers/BSP/Components/lr1110/lr1110mb1xxs-board.o
                0x0000000008043db8                lr1110_board_init
 .text.lr1110_board_init_tcxo_io
                0x0000000008043e78       0x60 Drivers/BSP/Components/lr1110/lr1110mb1xxs-board.o
 .text.lr1110_hal_write
                0x0000000008043ed8       0xb6 Drivers/BSP/Components/lr1110/lr1110mb1xxs-board.o
                0x0000000008043ed8                lr1110_hal_write
 .text.lr1110_hal_read
                0x0000000008043f8e       0xca Drivers/BSP/Components/lr1110/lr1110mb1xxs-board.o
                0x0000000008043f8e                lr1110_hal_read
 .text.lr1110_hal_write_read
                0x0000000008044058       0x98 Drivers/BSP/Components/lr1110/lr1110mb1xxs-board.o
                0x0000000008044058                lr1110_hal_write_read
 .text.lr1110_hal_reset
                0x00000000080440f0       0x2c Drivers/BSP/Components/lr1110/lr1110mb1xxs-board.o
                0x00000000080440f0                lr1110_hal_reset
 .text.lr1110_hal_wakeup
                0x000000000804411c       0x50 Drivers/BSP/Components/lr1110/lr1110mb1xxs-board.o
                0x000000000804411c                lr1110_hal_wakeup
 .text.lr1110_hal_wait_on_busy
                0x000000000804416c       0x24 Drivers/BSP/Components/lr1110/lr1110mb1xxs-board.o
 .text.lr1110_hal_get_operating_mode
                0x0000000008044190       0x1a Drivers/BSP/Components/lr1110/lr1110mb1xxs-board.o
                0x0000000008044190                lr1110_hal_get_operating_mode
 .text.lr1110_hal_set_operating_mode
                0x00000000080441aa       0x20 Drivers/BSP/Components/lr1110/lr1110mb1xxs-board.o
                0x00000000080441aa                lr1110_hal_set_operating_mode
 *fill*         0x00000000080441ca        0x2 
 .text.RadioGetFskBandwidthRegValue
                0x00000000080441cc       0x64 Drivers/BSP/Components/lr1110/radio.o
 .text.RadioInit
                0x0000000008044230       0x84 Drivers/BSP/Components/lr1110/radio.o
                0x0000000008044230                RadioInit
 .text.RadioGetStatus
                0x00000000080442b4       0x3c Drivers/BSP/Components/lr1110/radio.o
                0x00000000080442b4                RadioGetStatus
 .text.RadioSetModem
                0x00000000080442f0       0x58 Drivers/BSP/Components/lr1110/radio.o
                0x00000000080442f0                RadioSetModem
 .text.RadioSetChannel
                0x0000000008044348       0x1c Drivers/BSP/Components/lr1110/radio.o
                0x0000000008044348                RadioSetChannel
 .text.RadioIsChannelFree
                0x0000000008044364       0xaa Drivers/BSP/Components/lr1110/radio.o
                0x0000000008044364                RadioIsChannelFree
 *fill*         0x000000000804440e        0x2 
 .text.RadioRandom
                0x0000000008044410       0x28 Drivers/BSP/Components/lr1110/radio.o
                0x0000000008044410                RadioRandom
 .text.RadioSetRxConfig
                0x0000000008044438      0x290 Drivers/BSP/Components/lr1110/radio.o
                0x0000000008044438                RadioSetRxConfig
 .text.RadioSetTxConfig
                0x00000000080446c8      0x23c Drivers/BSP/Components/lr1110/radio.o
                0x00000000080446c8                RadioSetTxConfig
 .text.RadioCheckRfFrequency
                0x0000000008044904       0x16 Drivers/BSP/Components/lr1110/radio.o
                0x0000000008044904                RadioCheckRfFrequency
 *fill*         0x000000000804491a        0x2 
 .text.RadioGetLoRaBandwidthInHz
                0x000000000804491c       0xa0 Drivers/BSP/Components/lr1110/radio.o
 .text.RadioGetGfskTimeOnAirNumerator
                0x00000000080449bc       0x5c Drivers/BSP/Components/lr1110/radio.o
 .text.RadioGetLoRaTimeOnAirNumerator
                0x0000000008044a18      0x104 Drivers/BSP/Components/lr1110/radio.o
 .text.RadioTimeOnAir
                0x0000000008044b1c       0xb0 Drivers/BSP/Components/lr1110/radio.o
                0x0000000008044b1c                RadioTimeOnAir
 .text.RadioSend
                0x0000000008044bcc       0x98 Drivers/BSP/Components/lr1110/radio.o
                0x0000000008044bcc                RadioSend
 .text.RadioSleep
                0x0000000008044c64       0x34 Drivers/BSP/Components/lr1110/radio.o
                0x0000000008044c64                RadioSleep
 .text.RadioStandby
                0x0000000008044c98       0x1c Drivers/BSP/Components/lr1110/radio.o
                0x0000000008044c98                RadioStandby
 .text.RadioRx  0x0000000008044cb4       0x7c Drivers/BSP/Components/lr1110/radio.o
                0x0000000008044cb4                RadioRx
 .text.RadioRxBoosted
                0x0000000008044d30       0x7c Drivers/BSP/Components/lr1110/radio.o
                0x0000000008044d30                RadioRxBoosted
 .text.RadioSetRxDutyCycle
                0x0000000008044dac       0x2c Drivers/BSP/Components/lr1110/radio.o
                0x0000000008044dac                RadioSetRxDutyCycle
 .text.RadioStartCad
                0x0000000008044dd8       0x1c Drivers/BSP/Components/lr1110/radio.o
                0x0000000008044dd8                RadioStartCad
 .text.RadioSetTxContinuousWave
                0x0000000008044df4       0x5c Drivers/BSP/Components/lr1110/radio.o
                0x0000000008044df4                RadioSetTxContinuousWave
 .text.RadioRssi
                0x0000000008044e50       0x2c Drivers/BSP/Components/lr1110/radio.o
                0x0000000008044e50                RadioRssi
 .text.RadioWrite
                0x0000000008044e7c       0x24 Drivers/BSP/Components/lr1110/radio.o
                0x0000000008044e7c                RadioWrite
 .text.RadioRead
                0x0000000008044ea0       0x28 Drivers/BSP/Components/lr1110/radio.o
                0x0000000008044ea0                RadioRead
 .text.RadioWriteBuffer
                0x0000000008044ec8       0x28 Drivers/BSP/Components/lr1110/radio.o
                0x0000000008044ec8                RadioWriteBuffer
 .text.RadioReadBuffer
                0x0000000008044ef0       0x28 Drivers/BSP/Components/lr1110/radio.o
                0x0000000008044ef0                RadioReadBuffer
 .text.RadioSetMaxPayloadLength
                0x0000000008044f18       0x6c Drivers/BSP/Components/lr1110/radio.o
                0x0000000008044f18                RadioSetMaxPayloadLength
 .text.RadioSetPublicNetwork
                0x0000000008044f84       0x48 Drivers/BSP/Components/lr1110/radio.o
                0x0000000008044f84                RadioSetPublicNetwork
 .text.RadioGetWakeupTime
                0x0000000008044fcc       0x18 Drivers/BSP/Components/lr1110/radio.o
                0x0000000008044fcc                RadioGetWakeupTime
 .text.RadioOnTxTimeoutIrq
                0x0000000008044fe4       0x30 Drivers/BSP/Components/lr1110/radio.o
                0x0000000008044fe4                RadioOnTxTimeoutIrq
 .text.RadioOnRxTimeoutIrq
                0x0000000008045014       0x30 Drivers/BSP/Components/lr1110/radio.o
                0x0000000008045014                RadioOnRxTimeoutIrq
 .text.RadioOnDioIrq
                0x0000000008045044       0x20 Drivers/BSP/Components/lr1110/radio.o
                0x0000000008045044                RadioOnDioIrq
 .text.lr1110_system_irq_process
                0x0000000008045064       0x96 Drivers/BSP/Components/lr1110/radio.o
 *fill*         0x00000000080450fa        0x2 
 .text.RadioIrqProcess
                0x00000000080450fc      0x220 Drivers/BSP/Components/lr1110/radio.o
                0x00000000080450fc                RadioIrqProcess
 .text.BoardCriticalSectionBegin
                0x000000000804531c       0x24 Drivers/BSP/STM32L552E-EV/stm32l552e_eval.o
                0x000000000804531c                BoardCriticalSectionBegin
 .text.BoardCriticalSectionEnd
                0x0000000008045340       0x22 Drivers/BSP/STM32L552E-EV/stm32l552e_eval.o
                0x0000000008045340                BoardCriticalSectionEnd
 *fill*         0x0000000008045362        0x2 
 .text.BSP_I2C1_Init
                0x0000000008045364       0xa4 Drivers/BSP/STM32L552E-EV/stm32l552e_eval_bus.o
                0x0000000008045364                BSP_I2C1_Init
 .text.BSP_I2C1_WriteReg
                0x0000000008045408       0x30 Drivers/BSP/STM32L552E-EV/stm32l552e_eval_bus.o
                0x0000000008045408                BSP_I2C1_WriteReg
 .text.BSP_I2C1_ReadReg
                0x0000000008045438       0x30 Drivers/BSP/STM32L552E-EV/stm32l552e_eval_bus.o
                0x0000000008045438                BSP_I2C1_ReadReg
 .text.BSP_I2C1_RegisterDefaultMspCallbacks
                0x0000000008045468       0x70 Drivers/BSP/STM32L552E-EV/stm32l552e_eval_bus.o
                0x0000000008045468                BSP_I2C1_RegisterDefaultMspCallbacks
 .text.I2C1_MspInit
                0x00000000080454d8       0xb4 Drivers/BSP/STM32L552E-EV/stm32l552e_eval_bus.o
 .text.I2C1_MspDeInit
                0x000000000804558c       0x44 Drivers/BSP/STM32L552E-EV/stm32l552e_eval_bus.o
 .text.I2C1_WriteReg
                0x00000000080455d0       0xa8 Drivers/BSP/STM32L552E-EV/stm32l552e_eval_bus.o
 .text.I2C1_ReadReg
                0x0000000008045678       0xa8 Drivers/BSP/STM32L552E-EV/stm32l552e_eval_bus.o
 .text.I2C_GetTiming
                0x0000000008045720      0x100 Drivers/BSP/STM32L552E-EV/stm32l552e_eval_bus.o
 .text.I2C_Compute_PRESC_SCLDEL_SDADEL
                0x0000000008045820      0x1dc Drivers/BSP/STM32L552E-EV/stm32l552e_eval_bus.o
 .text.I2C_Compute_SCLL_SCLH
                0x00000000080459fc      0x210 Drivers/BSP/STM32L552E-EV/stm32l552e_eval_bus.o
 .text.BSP_GYRO_Init
                0x0000000008045c0c       0x74 Drivers/BSP/STM32L552E-EV/stm32l5xx_gyroscope.o
                0x0000000008045c0c                BSP_GYRO_Init
 .text.BSP_GYRO_GetXYZ
                0x0000000008045c80       0x28 Drivers/BSP/STM32L552E-EV/stm32l5xx_gyroscope.o
                0x0000000008045c80                BSP_GYRO_GetXYZ
 .text.GYRO_IO_Init
                0x0000000008045ca8       0x3c Drivers/BSP/STM32L552E-EV/stm32l5xx_gyroscope.o
                0x0000000008045ca8                GYRO_IO_Init
 .text.GYRO_IO_Write
                0x0000000008045ce4       0x2a Drivers/BSP/STM32L552E-EV/stm32l5xx_gyroscope.o
                0x0000000008045ce4                GYRO_IO_Write
 .text.GYRO_IO_Read
                0x0000000008045d0e       0x2a Drivers/BSP/STM32L552E-EV/stm32l5xx_gyroscope.o
                0x0000000008045d0e                GYRO_IO_Read
 .text.lr1110_radio_get_pkt_type
                0x0000000008045d38       0x44 Drivers/BSP/lr1110_driver/src/lr1110_radio.o
                0x0000000008045d38                lr1110_radio_get_pkt_type
 .text.lr1110_radio_get_rx_buffer_status
                0x0000000008045d7c       0x4e Drivers/BSP/lr1110_driver/src/lr1110_radio.o
                0x0000000008045d7c                lr1110_radio_get_rx_buffer_status
 .text.lr1110_radio_get_gfsk_pkt_status
                0x0000000008045dca       0xea Drivers/BSP/lr1110_driver/src/lr1110_radio.o
                0x0000000008045dca                lr1110_radio_get_gfsk_pkt_status
 .text.lr1110_radio_get_lora_pkt_status
                0x0000000008045eb4       0x7c Drivers/BSP/lr1110_driver/src/lr1110_radio.o
                0x0000000008045eb4                lr1110_radio_get_lora_pkt_status
 .text.lr1110_radio_get_rssi_inst
                0x0000000008045f30       0x52 Drivers/BSP/lr1110_driver/src/lr1110_radio.o
                0x0000000008045f30                lr1110_radio_get_rssi_inst
 .text.lr1110_radio_set_gfsk_sync_word
                0x0000000008045f82       0x56 Drivers/BSP/lr1110_driver/src/lr1110_radio.o
                0x0000000008045f82                lr1110_radio_set_gfsk_sync_word
 .text.lr1110_radio_set_lora_sync_word
                0x0000000008045fd8       0x34 Drivers/BSP/lr1110_driver/src/lr1110_radio.o
                0x0000000008045fd8                lr1110_radio_set_lora_sync_word
 .text.lr1110_radio_set_rx
                0x000000000804600c       0x24 Drivers/BSP/lr1110_driver/src/lr1110_radio.o
                0x000000000804600c                lr1110_radio_set_rx
 .text.lr1110_radio_set_rx_with_timeout_in_rtc_step
                0x0000000008046030       0x44 Drivers/BSP/lr1110_driver/src/lr1110_radio.o
                0x0000000008046030                lr1110_radio_set_rx_with_timeout_in_rtc_step
 .text.lr1110_radio_set_tx
                0x0000000008046074       0x24 Drivers/BSP/lr1110_driver/src/lr1110_radio.o
                0x0000000008046074                lr1110_radio_set_tx
 .text.lr1110_radio_set_tx_with_timeout_in_rtc_step
                0x0000000008046098       0x44 Drivers/BSP/lr1110_driver/src/lr1110_radio.o
                0x0000000008046098                lr1110_radio_set_tx_with_timeout_in_rtc_step
 .text.lr1110_radio_set_rf_freq
                0x00000000080460dc       0x4c Drivers/BSP/lr1110_driver/src/lr1110_radio.o
                0x00000000080460dc                lr1110_radio_set_rf_freq
 .text.lr1110_radio_set_pkt_type
                0x0000000008046128       0x34 Drivers/BSP/lr1110_driver/src/lr1110_radio.o
                0x0000000008046128                lr1110_radio_set_pkt_type
 .text.lr1110_radio_set_gfsk_mod_params
                0x000000000804615c       0x86 Drivers/BSP/lr1110_driver/src/lr1110_radio.o
                0x000000000804615c                lr1110_radio_set_gfsk_mod_params
 .text.lr1110_radio_set_lora_mod_params
                0x00000000080461e2       0x46 Drivers/BSP/lr1110_driver/src/lr1110_radio.o
                0x00000000080461e2                lr1110_radio_set_lora_mod_params
 .text.lr1110_radio_set_gfsk_pkt_params
                0x0000000008046228       0x6c Drivers/BSP/lr1110_driver/src/lr1110_radio.o
                0x0000000008046228                lr1110_radio_set_gfsk_pkt_params
 .text.lr1110_radio_set_lora_pkt_params
                0x0000000008046294       0x5a Drivers/BSP/lr1110_driver/src/lr1110_radio.o
                0x0000000008046294                lr1110_radio_set_lora_pkt_params
 .text.lr1110_radio_set_tx_params
                0x00000000080462ee       0x3c Drivers/BSP/lr1110_driver/src/lr1110_radio.o
                0x00000000080462ee                lr1110_radio_set_tx_params
 .text.lr1110_radio_set_rx_duty_cycle
                0x000000000804632a       0x34 Drivers/BSP/lr1110_driver/src/lr1110_radio.o
                0x000000000804632a                lr1110_radio_set_rx_duty_cycle
 .text.lr1110_radio_set_rx_duty_cycle_with_timings_in_rtc_step
                0x000000000804635e       0x62 Drivers/BSP/lr1110_driver/src/lr1110_radio.o
                0x000000000804635e                lr1110_radio_set_rx_duty_cycle_with_timings_in_rtc_step
 .text.lr1110_radio_set_pa_cfg
                0x00000000080463c0       0x46 Drivers/BSP/lr1110_driver/src/lr1110_radio.o
                0x00000000080463c0                lr1110_radio_set_pa_cfg
 .text.lr1110_radio_stop_timeout_on_preamble
                0x0000000008046406       0x34 Drivers/BSP/lr1110_driver/src/lr1110_radio.o
                0x0000000008046406                lr1110_radio_stop_timeout_on_preamble
 .text.lr1110_radio_set_cad
                0x000000000804643a       0x2c Drivers/BSP/lr1110_driver/src/lr1110_radio.o
                0x000000000804643a                lr1110_radio_set_cad
 .text.lr1110_radio_set_tx_cw
                0x0000000008046466       0x2c Drivers/BSP/lr1110_driver/src/lr1110_radio.o
                0x0000000008046466                lr1110_radio_set_tx_cw
 .text.lr1110_radio_set_lora_sync_timeout
                0x0000000008046492       0x34 Drivers/BSP/lr1110_driver/src/lr1110_radio.o
                0x0000000008046492                lr1110_radio_set_lora_sync_timeout
 .text.lr1110_radio_set_gfsk_crc_params
                0x00000000080464c6       0x6c Drivers/BSP/lr1110_driver/src/lr1110_radio.o
                0x00000000080464c6                lr1110_radio_set_gfsk_crc_params
 .text.lr1110_radio_set_gfsk_whitening_seed
                0x0000000008046532       0x40 Drivers/BSP/lr1110_driver/src/lr1110_radio.o
                0x0000000008046532                lr1110_radio_set_gfsk_whitening_seed
 .text.lr1110_radio_cfg_rx_boosted
                0x0000000008046572       0x34 Drivers/BSP/lr1110_driver/src/lr1110_radio.o
                0x0000000008046572                lr1110_radio_cfg_rx_boosted
 *fill*         0x00000000080465a6        0x2 
 .text.lr1110_radio_convert_time_in_ms_to_rtc_step
                0x00000000080465a8       0x24 Drivers/BSP/lr1110_driver/src/lr1110_radio.o
                0x00000000080465a8                lr1110_radio_convert_time_in_ms_to_rtc_step
 .text.lr1110_regmem_write_mem8
                0x00000000080465cc       0x3c Drivers/BSP/lr1110_driver/src/lr1110_regmem.o
                0x00000000080465cc                lr1110_regmem_write_mem8
 .text.lr1110_regmem_read_mem8
                0x0000000008046608       0x3c Drivers/BSP/lr1110_driver/src/lr1110_regmem.o
                0x0000000008046608                lr1110_regmem_read_mem8
 .text.lr1110_regmem_write_buffer8
                0x0000000008046644       0x34 Drivers/BSP/lr1110_driver/src/lr1110_regmem.o
                0x0000000008046644                lr1110_regmem_write_buffer8
 .text.lr1110_regmem_read_buffer8
                0x0000000008046678       0x44 Drivers/BSP/lr1110_driver/src/lr1110_regmem.o
                0x0000000008046678                lr1110_regmem_read_buffer8
 .text.lr1110_regmem_fill_cbuffer_opcode_address
                0x00000000080466bc       0x5e Drivers/BSP/lr1110_driver/src/lr1110_regmem.o
 .text.lr1110_regmem_fill_cbuffer_opcode_address_length
                0x000000000804671a       0x30 Drivers/BSP/lr1110_driver/src/lr1110_regmem.o
 .text.lr1110_system_reset
                0x000000000804674a       0x18 Drivers/BSP/lr1110_driver/src/lr1110_system.o
                0x000000000804674a                lr1110_system_reset
 .text.lr1110_system_get_status
                0x0000000008046762       0xa8 Drivers/BSP/lr1110_driver/src/lr1110_system.o
                0x0000000008046762                lr1110_system_get_status
 .text.lr1110_system_get_version
                0x000000000804680a       0x62 Drivers/BSP/lr1110_driver/src/lr1110_system.o
                0x000000000804680a                lr1110_system_get_version
 .text.lr1110_system_get_errors
                0x000000000804686c       0x56 Drivers/BSP/lr1110_driver/src/lr1110_system.o
                0x000000000804686c                lr1110_system_get_errors
 .text.lr1110_system_clear_errors
                0x00000000080468c2       0x2c Drivers/BSP/lr1110_driver/src/lr1110_system.o
                0x00000000080468c2                lr1110_system_clear_errors
 .text.lr1110_system_calibrate
                0x00000000080468ee       0x34 Drivers/BSP/lr1110_driver/src/lr1110_system.o
                0x00000000080468ee                lr1110_system_calibrate
 .text.lr1110_system_set_reg_mode
                0x0000000008046922       0x34 Drivers/BSP/lr1110_driver/src/lr1110_system.o
                0x0000000008046922                lr1110_system_set_reg_mode
 .text.lr1110_system_set_dio_as_rf_switch
                0x0000000008046956       0x5e Drivers/BSP/lr1110_driver/src/lr1110_system.o
                0x0000000008046956                lr1110_system_set_dio_as_rf_switch
 .text.lr1110_system_set_dio_irq_params
                0x00000000080469b4       0x6c Drivers/BSP/lr1110_driver/src/lr1110_system.o
                0x00000000080469b4                lr1110_system_set_dio_irq_params
 .text.lr1110_system_clear_irq_status
                0x0000000008046a20       0x4c Drivers/BSP/lr1110_driver/src/lr1110_system.o
                0x0000000008046a20                lr1110_system_clear_irq_status
 .text.lr1110_system_set_tcxo_mode
                0x0000000008046a6c       0x4c Drivers/BSP/lr1110_driver/src/lr1110_system.o
                0x0000000008046a6c                lr1110_system_set_tcxo_mode
 .text.lr1110_system_set_sleep
                0x0000000008046ab8       0x5c Drivers/BSP/lr1110_driver/src/lr1110_system.o
                0x0000000008046ab8                lr1110_system_set_sleep
 .text.lr1110_system_set_standby
                0x0000000008046b14       0x34 Drivers/BSP/lr1110_driver/src/lr1110_system.o
                0x0000000008046b14                lr1110_system_set_standby
 .text.lr1110_system_get_random_number
                0x0000000008046b48       0x2e Drivers/BSP/lr1110_driver/src/lr1110_system.o
                0x0000000008046b48                lr1110_system_get_random_number
 .text.HAL_Init
                0x0000000008046b76       0x34 Drivers/STM32L5xx_HAL_Driver/stm32l5xx_hal.o
                0x0000000008046b76                HAL_Init
 *fill*         0x0000000008046baa        0x2 
 .text.HAL_IncTick
                0x0000000008046bac       0x28 Drivers/STM32L5xx_HAL_Driver/stm32l5xx_hal.o
                0x0000000008046bac                HAL_IncTick
 .text.HAL_GetTick
                0x0000000008046bd4       0x18 Drivers/STM32L5xx_HAL_Driver/stm32l5xx_hal.o
                0x0000000008046bd4                HAL_GetTick
 .text.HAL_Delay
                0x0000000008046bec       0x48 Drivers/STM32L5xx_HAL_Driver/stm32l5xx_hal.o
                0x0000000008046bec                HAL_Delay
 .text.HAL_DBGMCU_EnableDBGStopMode
                0x0000000008046c34       0x20 Drivers/STM32L5xx_HAL_Driver/stm32l5xx_hal.o
                0x0000000008046c34                HAL_DBGMCU_EnableDBGStopMode
 .text.HAL_DBGMCU_EnableDBGStandbyMode
                0x0000000008046c54       0x20 Drivers/STM32L5xx_HAL_Driver/stm32l5xx_hal.o
                0x0000000008046c54                HAL_DBGMCU_EnableDBGStandbyMode
 .text.LL_ADC_SetCommonClock
                0x0000000008046c74       0x26 Drivers/STM32L5xx_HAL_Driver/stm32l5xx_hal_adc.o
 .text.LL_ADC_SetCommonPathInternalCh
                0x0000000008046c9a       0x26 Drivers/STM32L5xx_HAL_Driver/stm32l5xx_hal_adc.o
 .text.LL_ADC_GetCommonPathInternalCh
                0x0000000008046cc0       0x1c Drivers/STM32L5xx_HAL_Driver/stm32l5xx_hal_adc.o
 .text.LL_ADC_SetOffset
                0x0000000008046cdc       0x48 Drivers/STM32L5xx_HAL_Driver/stm32l5xx_hal_adc.o
 .text.LL_ADC_GetOffsetChannel
                0x0000000008046d24       0x2c Drivers/STM32L5xx_HAL_Driver/stm32l5xx_hal_adc.o
 .text.LL_ADC_SetOffsetState
                0x0000000008046d50       0x36 Drivers/STM32L5xx_HAL_Driver/stm32l5xx_hal_adc.o
 .text.LL_ADC_SetSamplingTimeCommonConfig
                0x0000000008046d86       0x26 Drivers/STM32L5xx_HAL_Driver/stm32l5xx_hal_adc.o
 .text.LL_ADC_REG_IsTriggerSourceSWStart
                0x0000000008046dac       0x26 Drivers/STM32L5xx_HAL_Driver/stm32l5xx_hal_adc.o
 .text.LL_ADC_REG_SetSequencerRanks
                0x0000000008046dd2       0x58 Drivers/STM32L5xx_HAL_Driver/stm32l5xx_hal_adc.o
 .text.LL_ADC_INJ_IsTriggerSourceSWStart
                0x0000000008046e2a       0x26 Drivers/STM32L5xx_HAL_Driver/stm32l5xx_hal_adc.o
 .text.LL_ADC_SetChannelSamplingTime
                0x0000000008046e50       0x56 Drivers/STM32L5xx_HAL_Driver/stm32l5xx_hal_adc.o
 *fill*         0x0000000008046ea6        0x2 
 .text.LL_ADC_SetChannelSingleDiff
                0x0000000008046ea8       0x48 Drivers/STM32L5xx_HAL_Driver/stm32l5xx_hal_adc.o
 .text.LL_ADC_GetMultimode
                0x0000000008046ef0       0x1c Drivers/STM32L5xx_HAL_Driver/stm32l5xx_hal_adc.o
 .text.LL_ADC_GetMultiDMATransfer
                0x0000000008046f0c       0x1c Drivers/STM32L5xx_HAL_Driver/stm32l5xx_hal_adc.o
 .text.LL_ADC_DisableDeepPowerDown
                0x0000000008046f28       0x24 Drivers/STM32L5xx_HAL_Driver/stm32l5xx_hal_adc.o
 .text.LL_ADC_IsDeepPowerDownEnabled
                0x0000000008046f4c       0x28 Drivers/STM32L5xx_HAL_Driver/stm32l5xx_hal_adc.o
 .text.LL_ADC_EnableInternalRegulator
                0x0000000008046f74       0x28 Drivers/STM32L5xx_HAL_Driver/stm32l5xx_hal_adc.o
 .text.LL_ADC_IsInternalRegulatorEnabled
                0x0000000008046f9c       0x28 Drivers/STM32L5xx_HAL_Driver/stm32l5xx_hal_adc.o
 .text.LL_ADC_IsEnabled
                0x0000000008046fc4       0x26 Drivers/STM32L5xx_HAL_Driver/stm32l5xx_hal_adc.o
 .text.LL_ADC_REG_IsConversionOngoing
                0x0000000008046fea       0x26 Drivers/STM32L5xx_HAL_Driver/stm32l5xx_hal_adc.o
 .text.LL_ADC_INJ_IsConversionOngoing
                0x0000000008047010       0x26 Drivers/STM32L5xx_HAL_Driver/stm32l5xx_hal_adc.o
 *fill*         0x0000000008047036        0x2 
 .text.HAL_ADC_Init
                0x0000000008047038      0x31c Drivers/STM32L5xx_HAL_Driver/stm32l5xx_hal_adc.o
                0x0000000008047038                HAL_ADC_Init
 .text.HAL_ADC_IRQHandler
                0x0000000008047354      0x448 Drivers/STM32L5xx_HAL_Driver/stm32l5xx_hal_adc.o
                0x0000000008047354                HAL_ADC_IRQHandler
 .text.HAL_ADC_ConvCpltCallback
                0x000000000804779c       0x14 Drivers/STM32L5xx_HAL_Driver/stm32l5xx_hal_adc.o
                0x000000000804779c                HAL_ADC_ConvCpltCallback
 .text.HAL_ADC_ConvHalfCpltCallback
                0x00000000080477b0       0x14 Drivers/STM32L5xx_HAL_Driver/stm32l5xx_hal_adc.o
                0x00000000080477b0                HAL_ADC_ConvHalfCpltCallback
 .text.HAL_ADC_LevelOutOfWindowCallback
                0x00000000080477c4       0x14 Drivers/STM32L5xx_HAL_Driver/stm32l5xx_hal_adc.o
                0x00000000080477c4                HAL_ADC_LevelOutOfWindowCallback
 .text.HAL_ADC_ErrorCallback
                0x00000000080477d8       0x14 Drivers/STM32L5xx_HAL_Driver/stm32l5xx_hal_adc.o
                0x00000000080477d8                HAL_ADC_ErrorCallback
 .text.HAL_ADC_ConfigChannel
                0x00000000080477ec      0x7d0 Drivers/STM32L5xx_HAL_Driver/stm32l5xx_hal_adc.o
                0x00000000080477ec                HAL_ADC_ConfigChannel
 .text.LL_ADC_IsEnabled
                0x0000000008047fbc       0x26 Drivers/STM32L5xx_HAL_Driver/stm32l5xx_hal_adc_ex.o
 .text.LL_ADC_REG_IsConversionOngoing
                0x0000000008047fe2       0x26 Drivers/STM32L5xx_HAL_Driver/stm32l5xx_hal_adc_ex.o
 .text.HAL_ADCEx_InjectedConvCpltCallback
                0x0000000008048008       0x14 Drivers/STM32L5xx_HAL_Driver/stm32l5xx_hal_adc_ex.o
                0x0000000008048008                HAL_ADCEx_InjectedConvCpltCallback
 .text.HAL_ADCEx_InjectedQueueOverflowCallback
                0x000000000804801c       0x14 Drivers/STM32L5xx_HAL_Driver/stm32l5xx_hal_adc_ex.o
                0x000000000804801c                HAL_ADCEx_InjectedQueueOverflowCallback
 .text.HAL_ADCEx_LevelOutOfWindow2Callback
                0x0000000008048030       0x14 Drivers/STM32L5xx_HAL_Driver/stm32l5xx_hal_adc_ex.o
                0x0000000008048030                HAL_ADCEx_LevelOutOfWindow2Callback
 .text.HAL_ADCEx_LevelOutOfWindow3Callback
                0x0000000008048044       0x14 Drivers/STM32L5xx_HAL_Driver/stm32l5xx_hal_adc_ex.o
                0x0000000008048044                HAL_ADCEx_LevelOutOfWindow3Callback
 .text.HAL_ADCEx_EndOfSamplingCallback
                0x0000000008048058       0x14 Drivers/STM32L5xx_HAL_Driver/stm32l5xx_hal_adc_ex.o
                0x0000000008048058                HAL_ADCEx_EndOfSamplingCallback
 .text.HAL_ADCEx_MultiModeConfigChannel
                0x000000000804806c      0x154 Drivers/STM32L5xx_HAL_Driver/stm32l5xx_hal_adc_ex.o
                0x000000000804806c                HAL_ADCEx_MultiModeConfigChannel
 .text.__NVIC_SetPriorityGrouping
                0x00000000080481c0       0x48 Drivers/STM32L5xx_HAL_Driver/stm32l5xx_hal_cortex.o
 .text.__NVIC_GetPriorityGrouping
                0x0000000008048208       0x1c Drivers/STM32L5xx_HAL_Driver/stm32l5xx_hal_cortex.o
 .text.__NVIC_EnableIRQ
                0x0000000008048224       0x3c Drivers/STM32L5xx_HAL_Driver/stm32l5xx_hal_cortex.o
 .text.__NVIC_DisableIRQ
                0x0000000008048260       0x48 Drivers/STM32L5xx_HAL_Driver/stm32l5xx_hal_cortex.o
 .text.__NVIC_SetPriority
                0x00000000080482a8       0x54 Drivers/STM32L5xx_HAL_Driver/stm32l5xx_hal_cortex.o
 .text.NVIC_EncodePriority
                0x00000000080482fc       0x66 Drivers/STM32L5xx_HAL_Driver/stm32l5xx_hal_cortex.o
 .text.HAL_NVIC_SetPriorityGrouping
                0x0000000008048362       0x16 Drivers/STM32L5xx_HAL_Driver/stm32l5xx_hal_cortex.o
                0x0000000008048362                HAL_NVIC_SetPriorityGrouping
 .text.HAL_NVIC_SetPriority
                0x0000000008048378       0x34 Drivers/STM32L5xx_HAL_Driver/stm32l5xx_hal_cortex.o
                0x0000000008048378                HAL_NVIC_SetPriority
 .text.HAL_NVIC_EnableIRQ
                0x00000000080483ac       0x1c Drivers/STM32L5xx_HAL_Driver/stm32l5xx_hal_cortex.o
                0x00000000080483ac                HAL_NVIC_EnableIRQ
 .text.HAL_NVIC_DisableIRQ
                0x00000000080483c8       0x1c Drivers/STM32L5xx_HAL_Driver/stm32l5xx_hal_cortex.o
                0x00000000080483c8                HAL_NVIC_DisableIRQ
 .text.HAL_DMA_Init
                0x00000000080483e4      0x150 Drivers/STM32L5xx_HAL_Driver/stm32l5xx_hal_dma.o
                0x00000000080483e4                HAL_DMA_Init
 .text.HAL_DMA_Abort
                0x0000000008048534       0xb8 Drivers/STM32L5xx_HAL_Driver/stm32l5xx_hal_dma.o
                0x0000000008048534                HAL_DMA_Abort
 .text.HAL_DMA_Abort_IT
                0x00000000080485ec       0xbe Drivers/STM32L5xx_HAL_Driver/stm32l5xx_hal_dma.o
                0x00000000080485ec                HAL_DMA_Abort_IT
 .text.HAL_DMA_IRQHandler
                0x00000000080486aa      0x200 Drivers/STM32L5xx_HAL_Driver/stm32l5xx_hal_dma.o
                0x00000000080486aa                HAL_DMA_IRQHandler
 .text.HAL_DMA_GetState
                0x00000000080488aa       0x1c Drivers/STM32L5xx_HAL_Driver/stm32l5xx_hal_dma.o
                0x00000000080488aa                HAL_DMA_GetState
 .text.HAL_DMA_ConfigChannelAttributes
                0x00000000080488c6       0x60 Drivers/STM32L5xx_HAL_Driver/stm32l5xx_hal_dma.o
                0x00000000080488c6                HAL_DMA_ConfigChannelAttributes
 *fill*         0x0000000008048926        0x2 
 .text.DMA_CalcDMAMUXChannelBaseAndMask
                0x0000000008048928       0x7c Drivers/STM32L5xx_HAL_Driver/stm32l5xx_hal_dma.o
 .text.DMA_CalcDMAMUXRequestGenBaseAndMask
                0x00000000080489a4       0x48 Drivers/STM32L5xx_HAL_Driver/stm32l5xx_hal_dma.o
 .text.HAL_GPIO_Init
                0x00000000080489ec      0x300 Drivers/STM32L5xx_HAL_Driver/stm32l5xx_hal_gpio.o
                0x00000000080489ec                HAL_GPIO_Init
 .text.HAL_GPIO_DeInit
                0x0000000008048cec      0x1dc Drivers/STM32L5xx_HAL_Driver/stm32l5xx_hal_gpio.o
                0x0000000008048cec                HAL_GPIO_DeInit
 .text.HAL_GPIO_ReadPin
                0x0000000008048ec8       0x30 Drivers/STM32L5xx_HAL_Driver/stm32l5xx_hal_gpio.o
                0x0000000008048ec8                HAL_GPIO_ReadPin
 .text.HAL_GPIO_WritePin
                0x0000000008048ef8       0x30 Drivers/STM32L5xx_HAL_Driver/stm32l5xx_hal_gpio.o
                0x0000000008048ef8                HAL_GPIO_WritePin
 .text.HAL_GPIO_EXTI_IRQHandler
                0x0000000008048f28       0x4c Drivers/STM32L5xx_HAL_Driver/stm32l5xx_hal_gpio.o
                0x0000000008048f28                HAL_GPIO_EXTI_IRQHandler
 .text.HAL_GPIO_EXTI_Rising_Callback
                0x0000000008048f74       0x16 Drivers/STM32L5xx_HAL_Driver/stm32l5xx_hal_gpio.o
                0x0000000008048f74                HAL_GPIO_EXTI_Rising_Callback
 .text.HAL_GPIO_EXTI_Falling_Callback
                0x0000000008048f8a       0x16 Drivers/STM32L5xx_HAL_Driver/stm32l5xx_hal_gpio.o
                0x0000000008048f8a                HAL_GPIO_EXTI_Falling_Callback
 .text.HAL_I2C_Init
                0x0000000008048fa0      0x198 Drivers/STM32L5xx_HAL_Driver/stm32l5xx_hal_i2c.o
                0x0000000008048fa0                HAL_I2C_Init
 .text.HAL_I2C_RegisterCallback
                0x0000000008049138      0x150 Drivers/STM32L5xx_HAL_Driver/stm32l5xx_hal_i2c.o
                0x0000000008049138                HAL_I2C_RegisterCallback
 .text.HAL_I2C_Mem_Write
                0x0000000008049288      0x228 Drivers/STM32L5xx_HAL_Driver/stm32l5xx_hal_i2c.o
                0x0000000008049288                HAL_I2C_Mem_Write
 .text.HAL_I2C_Mem_Read
                0x00000000080494b0      0x234 Drivers/STM32L5xx_HAL_Driver/stm32l5xx_hal_i2c.o
                0x00000000080494b0                HAL_I2C_Mem_Read
 .text.HAL_I2C_EV_IRQHandler
                0x00000000080496e4       0x34 Drivers/STM32L5xx_HAL_Driver/stm32l5xx_hal_i2c.o
                0x00000000080496e4                HAL_I2C_EV_IRQHandler
 .text.HAL_I2C_ER_IRQHandler
                0x0000000008049718       0xc2 Drivers/STM32L5xx_HAL_Driver/stm32l5xx_hal_i2c.o
                0x0000000008049718                HAL_I2C_ER_IRQHandler
 .text.HAL_I2C_MasterTxCpltCallback
                0x00000000080497da       0x14 Drivers/STM32L5xx_HAL_Driver/stm32l5xx_hal_i2c.o
                0x00000000080497da                HAL_I2C_MasterTxCpltCallback
 .text.HAL_I2C_MasterRxCpltCallback
                0x00000000080497ee       0x14 Drivers/STM32L5xx_HAL_Driver/stm32l5xx_hal_i2c.o
                0x00000000080497ee                HAL_I2C_MasterRxCpltCallback
 .text.HAL_I2C_SlaveTxCpltCallback
                0x0000000008049802       0x14 Drivers/STM32L5xx_HAL_Driver/stm32l5xx_hal_i2c.o
                0x0000000008049802                HAL_I2C_SlaveTxCpltCallback
 .text.HAL_I2C_SlaveRxCpltCallback
                0x0000000008049816       0x14 Drivers/STM32L5xx_HAL_Driver/stm32l5xx_hal_i2c.o
                0x0000000008049816                HAL_I2C_SlaveRxCpltCallback
 .text.HAL_I2C_AddrCallback
                0x000000000804982a       0x1c Drivers/STM32L5xx_HAL_Driver/stm32l5xx_hal_i2c.o
                0x000000000804982a                HAL_I2C_AddrCallback
 .text.HAL_I2C_ListenCpltCallback
                0x0000000008049846       0x14 Drivers/STM32L5xx_HAL_Driver/stm32l5xx_hal_i2c.o
                0x0000000008049846                HAL_I2C_ListenCpltCallback
 .text.HAL_I2C_MemTxCpltCallback
                0x000000000804985a       0x14 Drivers/STM32L5xx_HAL_Driver/stm32l5xx_hal_i2c.o
                0x000000000804985a                HAL_I2C_MemTxCpltCallback
 .text.HAL_I2C_MemRxCpltCallback
                0x000000000804986e       0x14 Drivers/STM32L5xx_HAL_Driver/stm32l5xx_hal_i2c.o
                0x000000000804986e                HAL_I2C_MemRxCpltCallback
 .text.HAL_I2C_ErrorCallback
                0x0000000008049882       0x14 Drivers/STM32L5xx_HAL_Driver/stm32l5xx_hal_i2c.o
                0x0000000008049882                HAL_I2C_ErrorCallback
 .text.HAL_I2C_AbortCpltCallback
                0x0000000008049896       0x14 Drivers/STM32L5xx_HAL_Driver/stm32l5xx_hal_i2c.o
                0x0000000008049896                HAL_I2C_AbortCpltCallback
 .text.HAL_I2C_GetState
                0x00000000080498aa       0x1c Drivers/STM32L5xx_HAL_Driver/stm32l5xx_hal_i2c.o
                0x00000000080498aa                HAL_I2C_GetState
 .text.HAL_I2C_GetError
                0x00000000080498c6       0x18 Drivers/STM32L5xx_HAL_Driver/stm32l5xx_hal_i2c.o
                0x00000000080498c6                HAL_I2C_GetError
 .text.I2C_Slave_ISR_IT
                0x00000000080498de      0x206 Drivers/STM32L5xx_HAL_Driver/stm32l5xx_hal_i2c.o
 .text.I2C_RequestMemoryWrite
                0x0000000008049ae4       0xa8 Drivers/STM32L5xx_HAL_Driver/stm32l5xx_hal_i2c.o
 .text.I2C_RequestMemoryRead
                0x0000000008049b8c       0xa8 Drivers/STM32L5xx_HAL_Driver/stm32l5xx_hal_i2c.o
 .text.I2C_ITAddrCplt
                0x0000000008049c34      0x108 Drivers/STM32L5xx_HAL_Driver/stm32l5xx_hal_i2c.o
 .text.I2C_ITSlaveSeqCplt
                0x0000000008049d3c       0xc0 Drivers/STM32L5xx_HAL_Driver/stm32l5xx_hal_i2c.o
 .text.I2C_ITSlaveCplt
                0x0000000008049dfc      0x218 Drivers/STM32L5xx_HAL_Driver/stm32l5xx_hal_i2c.o
 .text.I2C_ITListenCplt
                0x000000000804a014       0xac Drivers/STM32L5xx_HAL_Driver/stm32l5xx_hal_i2c.o
 .text.I2C_ITError
                0x000000000804a0c0      0x1a0 Drivers/STM32L5xx_HAL_Driver/stm32l5xx_hal_i2c.o
 .text.I2C_TreatErrorCallback
                0x000000000804a260       0x52 Drivers/STM32L5xx_HAL_Driver/stm32l5xx_hal_i2c.o
 .text.I2C_Flush_TXDR
                0x000000000804a2b2       0x48 Drivers/STM32L5xx_HAL_Driver/stm32l5xx_hal_i2c.o
 .text.I2C_DMAAbort
                0x000000000804a2fa       0x3c Drivers/STM32L5xx_HAL_Driver/stm32l5xx_hal_i2c.o
 .text.I2C_WaitOnFlagUntilTimeout
                0x000000000804a336       0x80 Drivers/STM32L5xx_HAL_Driver/stm32l5xx_hal_i2c.o
 .text.I2C_WaitOnTXISFlagUntilTimeout
                0x000000000804a3b6       0x80 Drivers/STM32L5xx_HAL_Driver/stm32l5xx_hal_i2c.o
 .text.I2C_WaitOnSTOPFlagUntilTimeout
                0x000000000804a436       0x78 Drivers/STM32L5xx_HAL_Driver/stm32l5xx_hal_i2c.o
 *fill*         0x000000000804a4ae        0x2 
 .text.I2C_IsAcknowledgeFailed
                0x000000000804a4b0       0xcc Drivers/STM32L5xx_HAL_Driver/stm32l5xx_hal_i2c.o
 .text.I2C_TransferConfig
                0x000000000804a57c       0x5c Drivers/STM32L5xx_HAL_Driver/stm32l5xx_hal_i2c.o
 .text.I2C_Disable_IRQ
                0x000000000804a5d8       0xbc Drivers/STM32L5xx_HAL_Driver/stm32l5xx_hal_i2c.o
 .text.HAL_I2CEx_ConfigAnalogFilter
                0x000000000804a694       0x96 Drivers/STM32L5xx_HAL_Driver/stm32l5xx_hal_i2c_ex.o
                0x000000000804a694                HAL_I2CEx_ConfigAnalogFilter
 .text.HAL_I2CEx_ConfigDigitalFilter
                0x000000000804a72a       0x98 Drivers/STM32L5xx_HAL_Driver/stm32l5xx_hal_i2c_ex.o
                0x000000000804a72a                HAL_I2CEx_ConfigDigitalFilter
 *fill*         0x000000000804a7c2        0x2 
 .text.HAL_PWREx_EnableVddIO2
                0x000000000804a7c4       0x20 Drivers/STM32L5xx_HAL_Driver/stm32l5xx_hal_pwr_ex.o
                0x000000000804a7c4                HAL_PWREx_EnableVddIO2
 .text.HAL_RCC_GetSysClockFreq
                0x000000000804a7e4      0x13c Drivers/STM32L5xx_HAL_Driver/stm32l5xx_hal_rcc.o
                0x000000000804a7e4                HAL_RCC_GetSysClockFreq
 .text.HAL_RCC_GetHCLKFreq
                0x000000000804a920       0x28 Drivers/STM32L5xx_HAL_Driver/stm32l5xx_hal_rcc.o
                0x000000000804a920                HAL_RCC_GetHCLKFreq
 .text.HAL_RCC_GetPCLK1Freq
                0x000000000804a948       0x28 Drivers/STM32L5xx_HAL_Driver/stm32l5xx_hal_rcc.o
                0x000000000804a948                HAL_RCC_GetPCLK1Freq
 .text.HAL_RCC_GetPCLK2Freq
                0x000000000804a970       0x28 Drivers/STM32L5xx_HAL_Driver/stm32l5xx_hal_rcc.o
                0x000000000804a970                HAL_RCC_GetPCLK2Freq
 .text.HAL_RCC_GetClockConfig
                0x000000000804a998       0x64 Drivers/STM32L5xx_HAL_Driver/stm32l5xx_hal_rcc.o
                0x000000000804a998                HAL_RCC_GetClockConfig
 .text.HAL_RCCEx_PeriphCLKConfig
                0x000000000804a9fc      0x6e8 Drivers/STM32L5xx_HAL_Driver/stm32l5xx_hal_rcc_ex.o
                0x000000000804a9fc                HAL_RCCEx_PeriphCLKConfig
 .text.RCCEx_PLLSAI1_Config
                0x000000000804b0e4      0x1ac Drivers/STM32L5xx_HAL_Driver/stm32l5xx_hal_rcc_ex.o
 .text.RCCEx_PLLSAI2_Config
                0x000000000804b290      0x138 Drivers/STM32L5xx_HAL_Driver/stm32l5xx_hal_rcc_ex.o
 .text.HAL_RNG_Init
                0x000000000804b3c8      0x154 Drivers/STM32L5xx_HAL_Driver/stm32l5xx_hal_rng.o
                0x000000000804b3c8                HAL_RNG_Init
 .text.HAL_RNG_IRQHandler
                0x000000000804b51c       0xe0 Drivers/STM32L5xx_HAL_Driver/stm32l5xx_hal_rng.o
                0x000000000804b51c                HAL_RNG_IRQHandler
 .text.HAL_RNG_ReadyDataCallback
                0x000000000804b5fc       0x16 Drivers/STM32L5xx_HAL_Driver/stm32l5xx_hal_rng.o
                0x000000000804b5fc                HAL_RNG_ReadyDataCallback
 .text.HAL_RNG_ErrorCallback
                0x000000000804b612       0x14 Drivers/STM32L5xx_HAL_Driver/stm32l5xx_hal_rng.o
                0x000000000804b612                HAL_RNG_ErrorCallback
 *fill*         0x000000000804b626        0x2 
 .text.HAL_RTC_Init
                0x000000000804b628      0x1ac Drivers/STM32L5xx_HAL_Driver/stm32l5xx_hal_rtc.o
                0x000000000804b628                HAL_RTC_Init
 .text.HAL_RTC_GetTime
                0x000000000804b7d4       0xb8 Drivers/STM32L5xx_HAL_Driver/stm32l5xx_hal_rtc.o
                0x000000000804b7d4                HAL_RTC_GetTime
 .text.HAL_RTC_GetDate
                0x000000000804b88c       0x9c Drivers/STM32L5xx_HAL_Driver/stm32l5xx_hal_rtc.o
                0x000000000804b88c                HAL_RTC_GetDate
 .text.HAL_RTC_SetAlarm_IT
                0x000000000804b928      0x194 Drivers/STM32L5xx_HAL_Driver/stm32l5xx_hal_rtc.o
                0x000000000804b928                HAL_RTC_SetAlarm_IT
 .text.HAL_RTC_DeactivateAlarm
                0x000000000804babc       0x80 Drivers/STM32L5xx_HAL_Driver/stm32l5xx_hal_rtc.o
                0x000000000804babc                HAL_RTC_DeactivateAlarm
 .text.HAL_RTC_AlarmIRQHandler
                0x000000000804bb3c       0x54 Drivers/STM32L5xx_HAL_Driver/stm32l5xx_hal_rtc.o
                0x000000000804bb3c                HAL_RTC_AlarmIRQHandler
 .text.HAL_RTC_WaitForSynchro
                0x000000000804bb90       0x4c Drivers/STM32L5xx_HAL_Driver/stm32l5xx_hal_rtc.o
                0x000000000804bb90                HAL_RTC_WaitForSynchro
 .text.RTC_EnterInitMode
                0x000000000804bbdc       0x68 Drivers/STM32L5xx_HAL_Driver/stm32l5xx_hal_rtc.o
                0x000000000804bbdc                RTC_EnterInitMode
 .text.RTC_ExitInitMode
                0x000000000804bc44       0x7c Drivers/STM32L5xx_HAL_Driver/stm32l5xx_hal_rtc.o
                0x000000000804bc44                RTC_ExitInitMode
 .text.RTC_ByteToBcd2
                0x000000000804bcc0       0x40 Drivers/STM32L5xx_HAL_Driver/stm32l5xx_hal_rtc.o
                0x000000000804bcc0                RTC_ByteToBcd2
 .text.RTC_Bcd2ToByte
                0x000000000804bd00       0x38 Drivers/STM32L5xx_HAL_Driver/stm32l5xx_hal_rtc.o
                0x000000000804bd00                RTC_Bcd2ToByte
 .text.HAL_RTCEx_SetTimeStamp_IT
                0x000000000804bd38       0x9c Drivers/STM32L5xx_HAL_Driver/stm32l5xx_hal_rtc_ex.o
                0x000000000804bd38                HAL_RTCEx_SetTimeStamp_IT
 .text.HAL_RTCEx_TimeStampIRQHandler
                0x000000000804bdd4       0x38 Drivers/STM32L5xx_HAL_Driver/stm32l5xx_hal_rtc_ex.o
                0x000000000804bdd4                HAL_RTCEx_TimeStampIRQHandler
 .text.HAL_RTCEx_TimeStampEventCallback
                0x000000000804be0c       0x14 Drivers/STM32L5xx_HAL_Driver/stm32l5xx_hal_rtc_ex.o
                0x000000000804be0c                HAL_RTCEx_TimeStampEventCallback
 .text.HAL_RTCEx_SetWakeUpTimer_IT
                0x000000000804be20      0x10c Drivers/STM32L5xx_HAL_Driver/stm32l5xx_hal_rtc_ex.o
                0x000000000804be20                HAL_RTCEx_SetWakeUpTimer_IT
 .text.HAL_RTCEx_WakeUpTimerIRQHandler
                0x000000000804bf2c       0x38 Drivers/STM32L5xx_HAL_Driver/stm32l5xx_hal_rtc_ex.o
                0x000000000804bf2c                HAL_RTCEx_WakeUpTimerIRQHandler
 .text.HAL_RTCEx_WakeUpTimerEventCallback
                0x000000000804bf64       0x14 Drivers/STM32L5xx_HAL_Driver/stm32l5xx_hal_rtc_ex.o
                0x000000000804bf64                HAL_RTCEx_WakeUpTimerEventCallback
 .text.HAL_RTCEx_SetCalibrationOutPut
                0x000000000804bf78       0x78 Drivers/STM32L5xx_HAL_Driver/stm32l5xx_hal_rtc_ex.o
                0x000000000804bf78                HAL_RTCEx_SetCalibrationOutPut
 .text.HAL_RTCEx_AlarmBEventCallback
                0x000000000804bff0       0x14 Drivers/STM32L5xx_HAL_Driver/stm32l5xx_hal_rtc_ex.o
                0x000000000804bff0                HAL_RTCEx_AlarmBEventCallback
 .text.HAL_RTCEx_Tamper1EventCallback
                0x000000000804c004       0x14 Drivers/STM32L5xx_HAL_Driver/stm32l5xx_hal_rtc_ex.o
                0x000000000804c004                HAL_RTCEx_Tamper1EventCallback
 .text.HAL_RTCEx_Tamper2EventCallback
                0x000000000804c018       0x14 Drivers/STM32L5xx_HAL_Driver/stm32l5xx_hal_rtc_ex.o
                0x000000000804c018                HAL_RTCEx_Tamper2EventCallback
 .text.HAL_RTCEx_Tamper3EventCallback
                0x000000000804c02c       0x14 Drivers/STM32L5xx_HAL_Driver/stm32l5xx_hal_rtc_ex.o
                0x000000000804c02c                HAL_RTCEx_Tamper3EventCallback
 .text.HAL_RTCEx_Tamper4EventCallback
                0x000000000804c040       0x14 Drivers/STM32L5xx_HAL_Driver/stm32l5xx_hal_rtc_ex.o
                0x000000000804c040                HAL_RTCEx_Tamper4EventCallback
 .text.HAL_RTCEx_Tamper5EventCallback
                0x000000000804c054       0x14 Drivers/STM32L5xx_HAL_Driver/stm32l5xx_hal_rtc_ex.o
                0x000000000804c054                HAL_RTCEx_Tamper5EventCallback
 .text.HAL_RTCEx_Tamper6EventCallback
                0x000000000804c068       0x14 Drivers/STM32L5xx_HAL_Driver/stm32l5xx_hal_rtc_ex.o
                0x000000000804c068                HAL_RTCEx_Tamper6EventCallback
 .text.HAL_RTCEx_Tamper7EventCallback
                0x000000000804c07c       0x14 Drivers/STM32L5xx_HAL_Driver/stm32l5xx_hal_rtc_ex.o
                0x000000000804c07c                HAL_RTCEx_Tamper7EventCallback
 .text.HAL_RTCEx_Tamper8EventCallback
                0x000000000804c090       0x14 Drivers/STM32L5xx_HAL_Driver/stm32l5xx_hal_rtc_ex.o
                0x000000000804c090                HAL_RTCEx_Tamper8EventCallback
 .text.HAL_RTCEx_InternalTamper1EventCallback
                0x000000000804c0a4       0x14 Drivers/STM32L5xx_HAL_Driver/stm32l5xx_hal_rtc_ex.o
                0x000000000804c0a4                HAL_RTCEx_InternalTamper1EventCallback
 .text.HAL_RTCEx_InternalTamper2EventCallback
                0x000000000804c0b8       0x14 Drivers/STM32L5xx_HAL_Driver/stm32l5xx_hal_rtc_ex.o
                0x000000000804c0b8                HAL_RTCEx_InternalTamper2EventCallback
 .text.HAL_RTCEx_InternalTamper3EventCallback
                0x000000000804c0cc       0x14 Drivers/STM32L5xx_HAL_Driver/stm32l5xx_hal_rtc_ex.o
                0x000000000804c0cc                HAL_RTCEx_InternalTamper3EventCallback
 .text.HAL_RTCEx_InternalTamper5EventCallback
                0x000000000804c0e0       0x14 Drivers/STM32L5xx_HAL_Driver/stm32l5xx_hal_rtc_ex.o
                0x000000000804c0e0                HAL_RTCEx_InternalTamper5EventCallback
 .text.HAL_RTCEx_InternalTamper8EventCallback
                0x000000000804c0f4       0x14 Drivers/STM32L5xx_HAL_Driver/stm32l5xx_hal_rtc_ex.o
                0x000000000804c0f4                HAL_RTCEx_InternalTamper8EventCallback
 .text.HAL_SPI_Init
                0x000000000804c108      0x1b4 Drivers/STM32L5xx_HAL_Driver/stm32l5xx_hal_spi.o
                0x000000000804c108                HAL_SPI_Init
 .text.HAL_SPI_TransmitReceive
                0x000000000804c2bc      0x426 Drivers/STM32L5xx_HAL_Driver/stm32l5xx_hal_spi.o
                0x000000000804c2bc                HAL_SPI_TransmitReceive
 *fill*         0x000000000804c6e2        0x2 
 .text.HAL_SPI_IRQHandler
                0x000000000804c6e4      0x200 Drivers/STM32L5xx_HAL_Driver/stm32l5xx_hal_spi.o
                0x000000000804c6e4                HAL_SPI_IRQHandler
 .text.HAL_SPI_TxCpltCallback
                0x000000000804c8e4       0x14 Drivers/STM32L5xx_HAL_Driver/stm32l5xx_hal_spi.o
                0x000000000804c8e4                HAL_SPI_TxCpltCallback
 .text.HAL_SPI_RxCpltCallback
                0x000000000804c8f8       0x14 Drivers/STM32L5xx_HAL_Driver/stm32l5xx_hal_spi.o
                0x000000000804c8f8                HAL_SPI_RxCpltCallback
 .text.HAL_SPI_TxRxCpltCallback
                0x000000000804c90c       0x14 Drivers/STM32L5xx_HAL_Driver/stm32l5xx_hal_spi.o
                0x000000000804c90c                HAL_SPI_TxRxCpltCallback
 .text.HAL_SPI_TxHalfCpltCallback
                0x000000000804c920       0x14 Drivers/STM32L5xx_HAL_Driver/stm32l5xx_hal_spi.o
                0x000000000804c920                HAL_SPI_TxHalfCpltCallback
 .text.HAL_SPI_RxHalfCpltCallback
                0x000000000804c934       0x14 Drivers/STM32L5xx_HAL_Driver/stm32l5xx_hal_spi.o
                0x000000000804c934                HAL_SPI_RxHalfCpltCallback
 .text.HAL_SPI_TxRxHalfCpltCallback
                0x000000000804c948       0x14 Drivers/STM32L5xx_HAL_Driver/stm32l5xx_hal_spi.o
                0x000000000804c948                HAL_SPI_TxRxHalfCpltCallback
 .text.HAL_SPI_ErrorCallback
                0x000000000804c95c       0x14 Drivers/STM32L5xx_HAL_Driver/stm32l5xx_hal_spi.o
                0x000000000804c95c                HAL_SPI_ErrorCallback
 .text.HAL_SPI_AbortCpltCallback
                0x000000000804c970       0x14 Drivers/STM32L5xx_HAL_Driver/stm32l5xx_hal_spi.o
                0x000000000804c970                HAL_SPI_AbortCpltCallback
 .text.SPI_DMAAbortOnError
                0x000000000804c984       0x2c Drivers/STM32L5xx_HAL_Driver/stm32l5xx_hal_spi.o
 .text.SPI_WaitFlagStateUntilTimeout
                0x000000000804c9b0      0x110 Drivers/STM32L5xx_HAL_Driver/stm32l5xx_hal_spi.o
 .text.SPI_WaitFifoStateUntilTimeout
                0x000000000804cac0      0x11c Drivers/STM32L5xx_HAL_Driver/stm32l5xx_hal_spi.o
 .text.SPI_EndRxTxTransaction
                0x000000000804cbdc       0x8c Drivers/STM32L5xx_HAL_Driver/stm32l5xx_hal_spi.o
 .text.HAL_TIM_Base_Init
                0x000000000804cc68       0xc8 Drivers/STM32L5xx_HAL_Driver/stm32l5xx_hal_tim.o
                0x000000000804cc68                HAL_TIM_Base_Init
 .text.HAL_TIM_Base_MspInit
                0x000000000804cd30       0x14 Drivers/STM32L5xx_HAL_Driver/stm32l5xx_hal_tim.o
                0x000000000804cd30                HAL_TIM_Base_MspInit
 .text.HAL_TIM_Base_Start_IT
                0x000000000804cd44       0xe0 Drivers/STM32L5xx_HAL_Driver/stm32l5xx_hal_tim.o
                0x000000000804cd44                HAL_TIM_Base_Start_IT
 .text.HAL_TIM_Encoder_Init
                0x000000000804ce24      0x168 Drivers/STM32L5xx_HAL_Driver/stm32l5xx_hal_tim.o
                0x000000000804ce24                HAL_TIM_Encoder_Init
 .text.HAL_TIM_IRQHandler
                0x000000000804cf8c      0x282 Drivers/STM32L5xx_HAL_Driver/stm32l5xx_hal_tim.o
                0x000000000804cf8c                HAL_TIM_IRQHandler
 .text.HAL_TIM_PeriodElapsedHalfCpltCallback
                0x000000000804d20e       0x14 Drivers/STM32L5xx_HAL_Driver/stm32l5xx_hal_tim.o
                0x000000000804d20e                HAL_TIM_PeriodElapsedHalfCpltCallback
 .text.HAL_TIM_OC_DelayElapsedCallback
                0x000000000804d222       0x14 Drivers/STM32L5xx_HAL_Driver/stm32l5xx_hal_tim.o
                0x000000000804d222                HAL_TIM_OC_DelayElapsedCallback
 .text.HAL_TIM_IC_CaptureCallback
                0x000000000804d236       0x14 Drivers/STM32L5xx_HAL_Driver/stm32l5xx_hal_tim.o
                0x000000000804d236                HAL_TIM_IC_CaptureCallback
 .text.HAL_TIM_IC_CaptureHalfCpltCallback
                0x000000000804d24a       0x14 Drivers/STM32L5xx_HAL_Driver/stm32l5xx_hal_tim.o
                0x000000000804d24a                HAL_TIM_IC_CaptureHalfCpltCallback
 .text.HAL_TIM_PWM_PulseFinishedCallback
                0x000000000804d25e       0x14 Drivers/STM32L5xx_HAL_Driver/stm32l5xx_hal_tim.o
                0x000000000804d25e                HAL_TIM_PWM_PulseFinishedCallback
 .text.HAL_TIM_PWM_PulseFinishedHalfCpltCallback
                0x000000000804d272       0x14 Drivers/STM32L5xx_HAL_Driver/stm32l5xx_hal_tim.o
                0x000000000804d272                HAL_TIM_PWM_PulseFinishedHalfCpltCallback
 .text.HAL_TIM_TriggerCallback
                0x000000000804d286       0x14 Drivers/STM32L5xx_HAL_Driver/stm32l5xx_hal_tim.o
                0x000000000804d286                HAL_TIM_TriggerCallback
 .text.HAL_TIM_TriggerHalfCpltCallback
                0x000000000804d29a       0x14 Drivers/STM32L5xx_HAL_Driver/stm32l5xx_hal_tim.o
                0x000000000804d29a                HAL_TIM_TriggerHalfCpltCallback
 .text.HAL_TIM_ErrorCallback
                0x000000000804d2ae       0x14 Drivers/STM32L5xx_HAL_Driver/stm32l5xx_hal_tim.o
                0x000000000804d2ae                HAL_TIM_ErrorCallback
 *fill*         0x000000000804d2c2        0x2 
 .text.TIM_Base_SetConfig
                0x000000000804d2c4      0x134 Drivers/STM32L5xx_HAL_Driver/stm32l5xx_hal_tim.o
                0x000000000804d2c4                TIM_Base_SetConfig
 .text.TIM_ResetCallback
                0x000000000804d3f8       0xbc Drivers/STM32L5xx_HAL_Driver/stm32l5xx_hal_tim.o
                0x000000000804d3f8                TIM_ResetCallback
 .text.HAL_TIMEx_MasterConfigSynchronization
                0x000000000804d4b4      0x110 Drivers/STM32L5xx_HAL_Driver/stm32l5xx_hal_tim_ex.o
                0x000000000804d4b4                HAL_TIMEx_MasterConfigSynchronization
 .text.HAL_TIMEx_CommutCallback
                0x000000000804d5c4       0x14 Drivers/STM32L5xx_HAL_Driver/stm32l5xx_hal_tim_ex.o
                0x000000000804d5c4                HAL_TIMEx_CommutCallback
 .text.HAL_TIMEx_CommutHalfCpltCallback
                0x000000000804d5d8       0x14 Drivers/STM32L5xx_HAL_Driver/stm32l5xx_hal_tim_ex.o
                0x000000000804d5d8                HAL_TIMEx_CommutHalfCpltCallback
 .text.HAL_TIMEx_BreakCallback
                0x000000000804d5ec       0x14 Drivers/STM32L5xx_HAL_Driver/stm32l5xx_hal_tim_ex.o
                0x000000000804d5ec                HAL_TIMEx_BreakCallback
 .text.HAL_TIMEx_Break2Callback
                0x000000000804d600       0x14 Drivers/STM32L5xx_HAL_Driver/stm32l5xx_hal_tim_ex.o
                0x000000000804d600                HAL_TIMEx_Break2Callback
 .text.HAL_UART_Init
                0x000000000804d614       0xa0 Drivers/STM32L5xx_HAL_Driver/stm32l5xx_hal_uart.o
                0x000000000804d614                HAL_UART_Init
 .text.HAL_UART_IRQHandler
                0x000000000804d6b4      0x468 Drivers/STM32L5xx_HAL_Driver/stm32l5xx_hal_uart.o
                0x000000000804d6b4                HAL_UART_IRQHandler
 .text.HAL_UART_TxCpltCallback
                0x000000000804db1c       0x14 Drivers/STM32L5xx_HAL_Driver/stm32l5xx_hal_uart.o
                0x000000000804db1c                HAL_UART_TxCpltCallback
 .text.HAL_UART_ErrorCallback
                0x000000000804db30       0x14 Drivers/STM32L5xx_HAL_Driver/stm32l5xx_hal_uart.o
                0x000000000804db30                HAL_UART_ErrorCallback
 .text.HAL_UARTEx_RxEventCallback
                0x000000000804db44       0x18 Drivers/STM32L5xx_HAL_Driver/stm32l5xx_hal_uart.o
                0x000000000804db44                HAL_UARTEx_RxEventCallback
 .text.UART_SetConfig
                0x000000000804db5c      0x5a8 Drivers/STM32L5xx_HAL_Driver/stm32l5xx_hal_uart.o
                0x000000000804db5c                UART_SetConfig
 .text.UART_AdvFeatureConfig
                0x000000000804e104      0x144 Drivers/STM32L5xx_HAL_Driver/stm32l5xx_hal_uart.o
                0x000000000804e104                UART_AdvFeatureConfig
 .text.UART_CheckIdleState
                0x000000000804e248       0x96 Drivers/STM32L5xx_HAL_Driver/stm32l5xx_hal_uart.o
                0x000000000804e248                UART_CheckIdleState
 .text.UART_WaitOnFlagUntilTimeout
                0x000000000804e2de      0x100 Drivers/STM32L5xx_HAL_Driver/stm32l5xx_hal_uart.o
                0x000000000804e2de                UART_WaitOnFlagUntilTimeout
 .text.UART_EndRxTransfer
                0x000000000804e3de       0x64 Drivers/STM32L5xx_HAL_Driver/stm32l5xx_hal_uart.o
 .text.UART_DMAAbortOnError
                0x000000000804e442       0x2c Drivers/STM32L5xx_HAL_Driver/stm32l5xx_hal_uart.o
 .text.UART_EndTransmit_IT
                0x000000000804e46e       0x34 Drivers/STM32L5xx_HAL_Driver/stm32l5xx_hal_uart.o
 .text.HAL_UARTEx_WakeupCallback
                0x000000000804e4a2       0x14 Drivers/STM32L5xx_HAL_Driver/stm32l5xx_hal_uart_ex.o
                0x000000000804e4a2                HAL_UARTEx_WakeupCallback
 .text.HAL_UARTEx_RxFifoFullCallback
                0x000000000804e4b6       0x14 Drivers/STM32L5xx_HAL_Driver/stm32l5xx_hal_uart_ex.o
                0x000000000804e4b6                HAL_UARTEx_RxFifoFullCallback
 .text.HAL_UARTEx_TxFifoEmptyCallback