stm32l5xx_hal_rcc.c:241:19:HAL_RCC_DeInit	24	static
stm32l5xx_hal_rcc.c:403:19:HAL_RCC_OscConfig	40	static
stm32l5xx_hal_rcc.c:1041:19:HAL_RCC_ClockConfig	32	static
stm32l5xx_hal_rcc.c:1268:6:HAL_RCC_MCOConfig	48	static
stm32l5xx_hal_rcc.c:1323:10:HAL_RCC_GetSysClockFreq	40	static
stm32l5xx_hal_rcc.c:1410:10:HAL_RCC_GetHCLKFreq	8	static
stm32l5xx_hal_rcc.c:1421:10:HAL_RCC_GetPCLK1Freq	8	static
stm32l5xx_hal_rcc.c:1433:10:HAL_RCC_GetPCLK2Freq	8	static
stm32l5xx_hal_rcc.c:1446:6:HAL_RCC_GetOscConfig	16	static
stm32l5xx_hal_rcc.c:1576:6:HAL_RCC_GetClockConfig	16	static
stm32l5xx_hal_rcc.c:1611:6:HAL_RCC_EnableCSS	4	static
stm32l5xx_hal_rcc.c:1621:6:HAL_RCC_NMI_IRQHandler	8	static
stm32l5xx_hal_rcc.c:1638:13:HAL_RCC_CSSCallback	4	static
stm32l5xx_hal_rcc.c:1677:6:HAL_RCC_ConfigAttributes	16	static
stm32l5xx_hal_rcc.c:1724:19:HAL_RCC_GetConfigAttributes	24	static
stm32l5xx_hal_rcc.c:1785:26:RCC_SetFlashLatencyFromMSIRange	32	static
stm32l5xx_hal_rcc.c:1861:17:RCC_GetSysClockFreqFromPLLSource	32	static
