Archive member included to satisfy reference by file (symbol)

c:/st/stm32cubeide_1.6.0/stm32cubeide/plugins/com.st.stm32cube.ide.mcu.externaltools.gnu-tools-for-stm32.9-2020-q2-update.win32_1.5.0.202011040924/tools/bin/../lib/gcc/arm-none-eabi/9.3.1/../../../../arm-none-eabi/lib/thumb/v8-m.main+fp/hard\libc_nano.a(lib_a-errno.o)
                              Core/Src/syscalls.o (__errno)
c:/st/stm32cubeide_1.6.0/stm32cubeide/plugins/com.st.stm32cube.ide.mcu.externaltools.gnu-tools-for-stm32.9-2020-q2-update.win32_1.5.0.202011040924/tools/bin/../lib/gcc/arm-none-eabi/9.3.1/../../../../arm-none-eabi/lib/thumb/v8-m.main+fp/hard\libc_nano.a(lib_a-exit.o)
                              c:/st/stm32cubeide_1.6.0/stm32cubeide/plugins/com.st.stm32cube.ide.mcu.externaltools.gnu-tools-for-stm32.9-2020-q2-update.win32_1.5.0.202011040924/tools/bin/../lib/gcc/arm-none-eabi/9.3.1/../../../../arm-none-eabi/lib/thumb/v8-m.main+fp/hard/crt0.o (exit)
c:/st/stm32cubeide_1.6.0/stm32cubeide/plugins/com.st.stm32cube.ide.mcu.externaltools.gnu-tools-for-stm32.9-2020-q2-update.win32_1.5.0.202011040924/tools/bin/../lib/gcc/arm-none-eabi/9.3.1/../../../../arm-none-eabi/lib/thumb/v8-m.main+fp/hard\libc_nano.a(lib_a-impure.o)
                              c:/st/stm32cubeide_1.6.0/stm32cubeide/plugins/com.st.stm32cube.ide.mcu.externaltools.gnu-tools-for-stm32.9-2020-q2-update.win32_1.5.0.202011040924/tools/bin/../lib/gcc/arm-none-eabi/9.3.1/../../../../arm-none-eabi/lib/thumb/v8-m.main+fp/hard\libc_nano.a(lib_a-exit.o) (_global_impure_ptr)
c:/st/stm32cubeide_1.6.0/stm32cubeide/plugins/com.st.stm32cube.ide.mcu.externaltools.gnu-tools-for-stm32.9-2020-q2-update.win32_1.5.0.202011040924/tools/bin/../lib/gcc/arm-none-eabi/9.3.1/../../../../arm-none-eabi/lib/thumb/v8-m.main+fp/hard\libc_nano.a(lib_a-init.o)
                              c:/st/stm32cubeide_1.6.0/stm32cubeide/plugins/com.st.stm32cube.ide.mcu.externaltools.gnu-tools-for-stm32.9-2020-q2-update.win32_1.5.0.202011040924/tools/bin/../lib/gcc/arm-none-eabi/9.3.1/../../../../arm-none-eabi/lib/thumb/v8-m.main+fp/hard/crt0.o (__libc_init_array)
c:/st/stm32cubeide_1.6.0/stm32cubeide/plugins/com.st.stm32cube.ide.mcu.externaltools.gnu-tools-for-stm32.9-2020-q2-update.win32_1.5.0.202011040924/tools/bin/../lib/gcc/arm-none-eabi/9.3.1/../../../../arm-none-eabi/lib/thumb/v8-m.main+fp/hard\libc_nano.a(lib_a-memset.o)
                              c:/st/stm32cubeide_1.6.0/stm32cubeide/plugins/com.st.stm32cube.ide.mcu.externaltools.gnu-tools-for-stm32.9-2020-q2-update.win32_1.5.0.202011040924/tools/bin/../lib/gcc/arm-none-eabi/9.3.1/../../../../arm-none-eabi/lib/thumb/v8-m.main+fp/hard/crt0.o (memset)
c:/st/stm32cubeide_1.6.0/stm32cubeide/plugins/com.st.stm32cube.ide.mcu.externaltools.gnu-tools-for-stm32.9-2020-q2-update.win32_1.5.0.202011040924/tools/bin/../lib/gcc/arm-none-eabi/9.3.1/thumb/v8-m.main+fp/hard\libgcc.a(cmse_nonsecure_call.o)
                              Core/Src/main.o (__gnu_cmse_nonsecure_call)

Allocating common symbols
Common symbol       size              file

uwTick              0x4               Drivers/STM32L5xx_HAL_Driver/stm32l5xx_hal.o
hrtc                0x74              Core/Src/rtc.o

Discarded input sections

 .text          0x0000000000000000        0x0 c:/st/stm32cubeide_1.6.0/stm32cubeide/plugins/com.st.stm32cube.ide.mcu.externaltools.gnu-tools-for-stm32.9-2020-q2-update.win32_1.5.0.202011040924/tools/bin/../lib/gcc/arm-none-eabi/9.3.1/thumb/v8-m.main+fp/hard/crti.o
 .data          0x0000000000000000        0x0 c:/st/stm32cubeide_1.6.0/stm32cubeide/plugins/com.st.stm32cube.ide.mcu.externaltools.gnu-tools-for-stm32.9-2020-q2-update.win32_1.5.0.202011040924/tools/bin/../lib/gcc/arm-none-eabi/9.3.1/thumb/v8-m.main+fp/hard/crti.o
 .bss           0x0000000000000000        0x0 c:/st/stm32cubeide_1.6.0/stm32cubeide/plugins/com.st.stm32cube.ide.mcu.externaltools.gnu-tools-for-stm32.9-2020-q2-update.win32_1.5.0.202011040924/tools/bin/../lib/gcc/arm-none-eabi/9.3.1/thumb/v8-m.main+fp/hard/crti.o
 .data          0x0000000000000000        0x4 c:/st/stm32cubeide_1.6.0/stm32cubeide/plugins/com.st.stm32cube.ide.mcu.externaltools.gnu-tools-for-stm32.9-2020-q2-update.win32_1.5.0.202011040924/tools/bin/../lib/gcc/arm-none-eabi/9.3.1/thumb/v8-m.main+fp/hard/crtbegin.o
 .text          0x0000000000000000       0x7c c:/st/stm32cubeide_1.6.0/stm32cubeide/plugins/com.st.stm32cube.ide.mcu.externaltools.gnu-tools-for-stm32.9-2020-q2-update.win32_1.5.0.202011040924/tools/bin/../lib/gcc/arm-none-eabi/9.3.1/../../../../arm-none-eabi/lib/thumb/v8-m.main+fp/hard/crt0.o
 .data          0x0000000000000000        0x0 c:/st/stm32cubeide_1.6.0/stm32cubeide/plugins/com.st.stm32cube.ide.mcu.externaltools.gnu-tools-for-stm32.9-2020-q2-update.win32_1.5.0.202011040924/tools/bin/../lib/gcc/arm-none-eabi/9.3.1/../../../../arm-none-eabi/lib/thumb/v8-m.main+fp/hard/crt0.o
[...]
Memory Configuration

Name             Origin             Length             Attributes
RAM              0x0000000030000000 0x0000000000018000 xrw
FLASH            0x000000000c000000 0x000000000003e000 xr
FLASH_NSC        0x000000000c03e000 0x0000000000002000 xr
*default*        0x0000000000000000 0xffffffffffffffff

Linker script and memory map

LOAD c:/st/stm32cubeide_1.6.0/stm32cubeide/plugins/com.st.stm32cube.ide.mcu.externaltools.gnu-tools-for-stm32.9-2020-q2-update.win32_1.5.0.202011040924/tools/bin/../lib/gcc/arm-none-eabi/9.3.1/thumb/v8-m.main+fp/hard/crti.o
LOAD c:/st/stm32cubeide_1.6.0/stm32cubeide/plugins/com.st.stm32cube.ide.mcu.externaltools.gnu-tools-for-stm32.9-2020-q2-update.win32_1.5.0.202011040924/tools/bin/../lib/gcc/arm-none-eabi/9.3.1/thumb/v8-m.main+fp/hard/crtbegin.o
LOAD c:/st/stm32cubeide_1.6.0/stm32cubeide/plugins/com.st.stm32cube.ide.mcu.externaltools.gnu-tools-for-stm32.9-2020-q2-update.win32_1.5.0.202011040924/tools/bin/../lib/gcc/arm-none-eabi/9.3.1/../../../../arm-none-eabi/lib/thumb/v8-m.main+fp/hard/crt0.o
LOAD Core/Src/dma.o
LOAD Core/Src/gpio.o
LOAD Core/Src/gtzc.o
LOAD Core/Src/icache.o
LOAD Core/Src/main.o
LOAD Core/Src/rtc.o
LOAD Core/Src/secure_nsc.o
LOAD Core/Src/stm32l5xx_hal_msp.o
LOAD Core/Src/stm32l5xx_it.o
LOAD Core/Src/syscalls.o
LOAD Core/Src/sysmem.o
LOAD Core/Src/system_stm32l5xx_s.o
LOAD Core/Startup/startup_stm32l552vetx.o
LOAD Drivers/STM32L5xx_HAL_Driver/stm32l5xx_hal.o
LOAD Drivers/STM32L5xx_HAL_Driver/stm32l5xx_hal_cortex.o
LOAD Drivers/STM32L5xx_HAL_Driver/stm32l5xx_hal_dma.o
LOAD Drivers/STM32L5xx_HAL_Driver/stm32l5xx_hal_dma_ex.o
LOAD Drivers/STM32L5xx_HAL_Driver/stm32l5xx_hal_exti.o
LOAD Drivers/STM32L5xx_HAL_Driver/stm32l5xx_hal_flash.o
LOAD Drivers/STM32L5xx_HAL_Driver/stm32l5xx_hal_flash_ex.o
LOAD Drivers/STM32L5xx_HAL_Driver/stm32l5xx_hal_flash_ramfunc.o
LOAD Drivers/STM32L5xx_HAL_Driver/stm32l5xx_hal_gpio.o
LOAD Drivers/STM32L5xx_HAL_Driver/stm32l5xx_hal_gtzc.o
LOAD Drivers/STM32L5xx_HAL_Driver/stm32l5xx_hal_i2c.o
LOAD Drivers/STM32L5xx_HAL_Driver/stm32l5xx_hal_i2c_ex.o
LOAD Drivers/STM32L5xx_HAL_Driver/stm32l5xx_hal_icache.o
LOAD Drivers/STM32L5xx_HAL_Driver/stm32l5xx_hal_pwr.o
LOAD Drivers/STM32L5xx_HAL_Driver/stm32l5xx_hal_pwr_ex.o
LOAD Drivers/STM32L5xx_HAL_Driver/stm32l5xx_hal_rcc.o
LOAD Drivers/STM32L5xx_HAL_Driver/stm32l5xx_hal_rcc_ex.o
LOAD Drivers/STM32L5xx_HAL_Driver/stm32l5xx_hal_rtc.o
LOAD Drivers/STM32L5xx_HAL_Driver/stm32l5xx_hal_rtc_ex.o
LOAD Drivers/STM32L5xx_HAL_Driver/stm32l5xx_hal_tim.o
LOAD Drivers/STM32L5xx_HAL_Driver/stm32l5xx_hal_tim_ex.o
START GROUP
LOAD c:/st/stm32cubeide_1.6.0/stm32cubeide/plugins/com.st.stm32cube.ide.mcu.externaltools.gnu-tools-for-stm32.9-2020-q2-update.win32_1.5.0.202011040924/tools/bin/../lib/gcc/arm-none-eabi/9.3.1/../../../../arm-none-eabi/lib/thumb/v8-m.main+fp/hard\libc_nano.a
LOAD c:/st/stm32cubeide_1.6.0/stm32cubeide/plugins/com.st.stm32cube.ide.mcu.externaltools.gnu-tools-for-stm32.9-2020-q2-update.win32_1.5.0.202011040924/tools/bin/../lib/gcc/arm-none-eabi/9.3.1/../../../../arm-none-eabi/lib/thumb/v8-m.main+fp/hard\libm.a
END GROUP
START GROUP
LOAD c:/st/stm32cubeide_1.6.0/stm32cubeide/plugins/com.st.stm32cube.ide.mcu.externaltools.gnu-tools-for-stm32.9-2020-q2-update.win32_1.5.0.202011040924/tools/bin/../lib/gcc/arm-none-eabi/9.3.1/thumb/v8-m.main+fp/hard\libgcc.a
LOAD c:/st/stm32cubeide_1.6.0/stm32cubeide/plugins/com.st.stm32cube.ide.mcu.externaltools.gnu-tools-for-stm32.9-2020-q2-update.win32_1.5.0.202011040924/tools/bin/../lib/gcc/arm-none-eabi/9.3.1/../../../../arm-none-eabi/lib/thumb/v8-m.main+fp/hard\libc_nano.a
END GROUP
START GROUP
LOAD c:/st/stm32cubeide_1.6.0/stm32cubeide/plugins/com.st.stm32cube.ide.mcu.externaltools.gnu-tools-for-stm32.9-2020-q2-update.win32_1.5.0.202011040924/tools/bin/../lib/gcc/arm-none-eabi/9.3.1/thumb/v8-m.main+fp/hard\libgcc.a
LOAD c:/st/stm32cubeide_1.6.0/stm32cubeide/plugins/com.st.stm32cube.ide.mcu.externaltools.gnu-tools-for-stm32.9-2020-q2-update.win32_1.5.0.202011040924/tools/bin/../lib/gcc/arm-none-eabi/9.3.1/../../../../arm-none-eabi/lib/thumb/v8-m.main+fp/hard\libc_nano.a
LOAD c:/st/stm32cubeide_1.6.0/stm32cubeide/plugins/com.st.stm32cube.ide.mcu.externaltools.gnu-tools-for-stm32.9-2020-q2-update.win32_1.5.0.202011040924/tools/bin/../lib/gcc/arm-none-eabi/9.3.1/../../../../arm-none-eabi/lib/thumb/v8-m.main+fp/hard\libnosys.a
END GROUP
START GROUP
LOAD c:/st/stm32cubeide_1.6.0/stm32cubeide/plugins/com.st.stm32cube.ide.mcu.externaltools.gnu-tools-for-stm32.9-2020-q2-update.win32_1.5.0.202011040924/tools/bin/../lib/gcc/arm-none-eabi/9.3.1/thumb/v8-m.main+fp/hard\libgcc.a
LOAD c:/st/stm32cubeide_1.6.0/stm32cubeide/plugins/com.st.stm32cube.ide.mcu.externaltools.gnu-tools-for-stm32.9-2020-q2-update.win32_1.5.0.202011040924/tools/bin/../lib/gcc/arm-none-eabi/9.3.1/../../../../arm-none-eabi/lib/thumb/v8-m.main+fp/hard\libc_nano.a
LOAD c:/st/stm32cubeide_1.6.0/stm32cubeide/plugins/com.st.stm32cube.ide.mcu.externaltools.gnu-tools-for-stm32.9-2020-q2-update.win32_1.5.0.202011040924/tools/bin/../lib/gcc/arm-none-eabi/9.3.1/../../../../arm-none-eabi/lib/thumb/v8-m.main+fp/hard\libnosys.a
END GROUP
LOAD c:/st/stm32cubeide_1.6.0/stm32cubeide/plugins/com.st.stm32cube.ide.mcu.externaltools.gnu-tools-for-stm32.9-2020-q2-update.win32_1.5.0.202011040924/tools/bin/../lib/gcc/arm-none-eabi/9.3.1/thumb/v8-m.main+fp/hard/crtend.o
LOAD c:/st/stm32cubeide_1.6.0/stm32cubeide/plugins/com.st.stm32cube.ide.mcu.externaltools.gnu-tools-for-stm32.9-2020-q2-update.win32_1.5.0.202011040924/tools/bin/../lib/gcc/arm-none-eabi/9.3.1/thumb/v8-m.main+fp/hard/crtn.o
                0x0000000030018000                _estack = (ORIGIN (RAM) + LENGTH (RAM))
                0x0000000000000200                _Min_Heap_Size = 0x200
                0x0000000000000400                _Min_Stack_Size = 0x400

.isr_vector     0x000000000c000000      0x1f4
                0x000000000c000000                . = ALIGN (0x4)
 *(.isr_vector)
 .isr_vector    0x000000000c000000      0x1f4 Core/Startup/startup_stm32l552vetx.o
                0x000000000c000000                g_pfnVectors
                0x000000000c0001f4                . = ALIGN (0x4)

.text           0x000000000c0001f4     0x279c
                0x000000000c0001f4                . = ALIGN (0x4)
 *(.text)
 .text          0x000000000c0001f4       0x40 c:/st/stm32cubeide_1.6.0/stm32cubeide/plugins/com.st.stm32cube.ide.mcu.externaltools.gnu-tools-for-stm32.9-2020-q2-update.win32_1.5.0.202011040924/tools/bin/../lib/gcc/arm-none-eabi/9.3.1/thumb/v8-m.main+fp/hard/crtbegin.o
 .text          0x000000000c000234       0x5c c:/st/stm32cubeide_1.6.0/stm32cubeide/plugins/com.st.stm32cube.ide.mcu.externaltools.gnu-tools-for-stm32.9-2020-q2-update.win32_1.5.0.202011040924/tools/bin/../lib/gcc/arm-none-eabi/9.3.1/thumb/v8-m.main+fp/hard\libgcc.a(cmse_nonsecure_call.o)
                0x000000000c000234                __gnu_cmse_nonsecure_call
 *(.text*)
 .text.MX_DMA_Init
                0x000000000c000290       0x60 Core/Src/dma.o
                0x000000000c000290                MX_DMA_Init
 .text.MX_GPIO_Init
                0x000000000c0002f0      0x1a8 Core/Src/gpio.o
                0x000000000c0002f0                MX_GPIO_Init
 .text.MX_GTZC_S_Init
                0x000000000c000498       0xf0 Core/Src/gtzc.o
                0x000000000c000498                MX_GTZC_S_Init
 .text.MX_ICACHE_Init
                0x000000000c000588       0x16 Core/Src/icache.o
                0x000000000c000588                MX_ICACHE_Init
 *fill*         0x000000000c00059e        0x2 
 .text.main     0x000000000c0005a0       0x38 Core/Src/main.o
                0x000000000c0005a0                main
 .text.NonSecure_Init
                0x000000000c0005d8       0x88 Core/Src/main.o
 .text.SystemClock_Config
                0x000000000c000660       0xac Core/Src/main.o
                0x000000000c000660                SystemClock_Config
 .text.Error_Handler
                0x000000000c00070c       0x1c Core/Src/main.o
                0x000000000c00070c                Error_Handler
 .text.MX_RTC_Init
                0x000000000c000728       0x80 Core/Src/rtc.o
                0x000000000c000728                MX_RTC_Init
 .text.SECURE_RegisterCallback
                0x000000000c0007a8       0xac Core/Src/secure_nsc.o
                0x000000000c0007a8                __acle_se_SECURE_RegisterCallback
 .text.SECURE_LEDToggle_RED
                0x000000000c000854       0x80 Core/Src/secure_nsc.o
                0x000000000c000854                __acle_se_SECURE_LEDToggle_RED
 .text.SECURE_LEDToggle_YELLOW
                0x000000000c0008d4       0x80 Core/Src/secure_nsc.o
                0x000000000c0008d4                __acle_se_SECURE_LEDToggle_YELLOW
 .text.HAL_MspInit
                0x000000000c000954       0x90 Core/Src/stm32l5xx_hal_msp.o
                0x000000000c000954                HAL_MspInit
 .text.NMI_Handler
                0x000000000c0009e4        0x6 Core/Src/stm32l5xx_it.o
                0x000000000c0009e4                NMI_Handler
 .text.HardFault_Handler
                0x000000000c0009ea        0x6 Core/Src/stm32l5xx_it.o
                0x000000000c0009ea                HardFault_Handler
 .text.MemManage_Handler
                0x000000000c0009f0        0x6 Core/Src/stm32l5xx_it.o
                0x000000000c0009f0                MemManage_Handler
 .text.BusFault_Handler
                0x000000000c0009f6        0x6 Core/Src/stm32l5xx_it.o
                0x000000000c0009f6                BusFault_Handler
 .text.UsageFault_Handler
                0x000000000c0009fc        0x6 Core/Src/stm32l5xx_it.o
                0x000000000c0009fc                UsageFault_Handler
 .text.SecureFault_Handler
                0x000000000c000a02        0x6 Core/Src/stm32l5xx_it.o
                0x000000000c000a02                SecureFault_Handler
 .text.SVC_Handler
                0x000000000c000a08        0xe Core/Src/stm32l5xx_it.o
                0x000000000c000a08                SVC_Handler
 .text.DebugMon_Handler
                0x000000000c000a16        0xe Core/Src/stm32l5xx_it.o
                0x000000000c000a16                DebugMon_Handler
 .text.PendSV_Handler
                0x000000000c000a24        0xe Core/Src/stm32l5xx_it.o
                0x000000000c000a24                PendSV_Handler
 .text.SysTick_Handler
                0x000000000c000a32        0xc Core/Src/stm32l5xx_it.o
                0x000000000c000a32                SysTick_Handler
 .text.GTZC_IRQHandler
                0x000000000c000a3e        0xc Core/Src/stm32l5xx_it.o
                0x000000000c000a3e                GTZC_IRQHandler
 .text.EXTI12_IRQHandler
                0x000000000c000a4a       0x10 Core/Src/stm32l5xx_it.o
                0x000000000c000a4a                EXTI12_IRQHandler
 .text.EXTI13_IRQHandler
                0x000000000c000a5a       0x10 Core/Src/stm32l5xx_it.o
                0x000000000c000a5a                EXTI13_IRQHandler
 .text.FPU_IRQHandler
                0x000000000c000a6a        0xe Core/Src/stm32l5xx_it.o
                0x000000000c000a6a                FPU_IRQHandler
 .text.ICACHE_IRQHandler
                0x000000000c000a78        0xc Core/Src/stm32l5xx_it.o
                0x000000000c000a78                ICACHE_IRQHandler
 .text.TZ_SAU_Setup
                0x000000000c000a84      0x108 Core/Src/system_stm32l5xx_s.o
 .text.SystemInit
                0x000000000c000b8c       0x34 Core/Src/system_stm32l5xx_s.o
                0x000000000c000b8c                SystemInit
 .text.SystemCoreClockUpdate
                0x000000000c000bc0      0x15c Core/Src/system_stm32l5xx_s.o
                0x000000000c000bc0                SystemCoreClockUpdate
 .text.SECURE_SystemCoreClockUpdate
                0x000000000c000d1c       0x80 Core/Src/system_stm32l5xx_s.o
                0x000000000c000d1c                __acle_se_SECURE_SystemCoreClockUpdate
 .text.Reset_Handler
                0x000000000c000d9c       0x50 Core/Startup/startup_stm32l552vetx.o
                0x000000000c000d9c                Reset_Handler
 .text.Default_Handler
                0x000000000c000dec        0x2 Core/Startup/startup_stm32l552vetx.o
                0x000000000c000dec                EXTI2_IRQHandler
                0x000000000c000dec                TIM8_TRG_COM_IRQHandler
                0x000000000c000dec                TIM8_CC_IRQHandler
                0x000000000c000dec                EXTI5_IRQHandler
                0x000000000c000dec                FLASH_S_IRQHandler
                0x000000000c000dec                TIM1_CC_IRQHandler
                0x000000000c000dec                TSC_IRQHandler
                0x000000000c000dec                TAMP_IRQHandler
                0x000000000c000dec                TIM6_IRQHandler
                0x000000000c000dec                DMA2_Channel8_IRQHandler
                0x000000000c000dec                EXTI3_IRQHandler
                0x000000000c000dec                EXTI8_IRQHandler
                0x000000000c000dec                LPTIM2_IRQHandler
                0x000000000c000dec                DFSDM1_FLT1_IRQHandler
                0x000000000c000dec                USB_FS_IRQHandler
                0x000000000c000dec                I2C3_ER_IRQHandler
                0x000000000c000dec                DFSDM1_FLT2_IRQHandler
                0x000000000c000dec                DMAMUX1_IRQHandler
                0x000000000c000dec                LPTIM3_IRQHandler
                0x000000000c000dec                EXTI0_IRQHandler
                0x000000000c000dec                I2C2_EV_IRQHandler
                0x000000000c000dec                FDCAN1_IT1_IRQHandler
                0x000000000c000dec                ADC1_2_IRQHandler
                0x000000000c000dec                SPI1_IRQHandler
                0x000000000c000dec                OCTOSPI1_IRQHandler
                0x000000000c000dec                TIM8_UP_IRQHandler
                0x000000000c000dec                RCC_S_IRQHandler
                0x000000000c000dec                DMA2_Channel2_IRQHandler
                0x000000000c000dec                DMA1_Channel4_IRQHandler
                0x000000000c000dec                SAI2_IRQHandler
                0x000000000c000dec                DFSDM1_FLT3_IRQHandler
                0x000000000c000dec                EXTI15_IRQHandler
                0x000000000c000dec                TIM17_IRQHandler
                0x000000000c000dec                USART3_IRQHandler
                0x000000000c000dec                RTC_IRQHandler
                0x000000000c000dec                EXTI9_IRQHandler
                0x000000000c000dec                DMA1_Channel7_IRQHandler
                0x000000000c000dec                UART5_IRQHandler
                0x000000000c000dec                TIM4_IRQHandler
                0x000000000c000dec                DMA2_Channel1_IRQHandler
                0x000000000c000dec                I2C1_EV_IRQHandler
                0x000000000c000dec                DMA1_Channel6_IRQHandler
                0x000000000c000dec                TIM16_IRQHandler
                0x000000000c000dec                UART4_IRQHandler
                0x000000000c000dec                DMA2_Channel4_IRQHandler
                0x000000000c000dec                TIM3_IRQHandler
                0x000000000c000dec                RCC_IRQHandler
                0x000000000c000dec                TIM1_TRG_COM_IRQHandler
                0x000000000c000dec                DMA1_Channel1_IRQHandler
                0x000000000c000dec                Default_Handler
                0x000000000c000dec                DMA2_Channel7_IRQHandler
                0x000000000c000dec                DMA1_Channel8_IRQHandler
                0x000000000c000dec                TIM7_IRQHandler
                0x000000000c000dec                SDMMC1_IRQHandler
                0x000000000c000dec                TIM5_IRQHandler
                0x000000000c000dec                UCPD1_IRQHandler
                0x000000000c000dec                TIM15_IRQHandler
                0x000000000c000dec                I2C3_EV_IRQHandler
                0x000000000c000dec                PVD_PVM_IRQHandler
                0x000000000c000dec                SPI2_IRQHandler
                0x000000000c000dec                EXTI14_IRQHandler
                0x000000000c000dec                EXTI11_IRQHandler
                0x000000000c000dec                DMA2_Channel5_IRQHandler
                0x000000000c000dec                CRS_IRQHandler
                0x000000000c000dec                DMA1_Channel5_IRQHandler
                0x000000000c000dec                EXTI4_IRQHandler
                0x000000000c000dec                RTC_S_IRQHandler
                0x000000000c000dec                RNG_IRQHandler
                0x000000000c000dec                DMAMUX1_S_IRQHandler
                0x000000000c000dec                DMA1_Channel3_IRQHandler
                0x000000000c000dec                COMP_IRQHandler
                0x000000000c000dec                TIM1_UP_IRQHandler
                0x000000000c000dec                WWDG_IRQHandler
                0x000000000c000dec                I2C4_EV_IRQHandler
                0x000000000c000dec                LPUART1_IRQHandler
                0x000000000c000dec                DMA2_Channel6_IRQHandler
                0x000000000c000dec                FDCAN1_IT0_IRQHandler
                0x000000000c000dec                TIM2_IRQHandler
                0x000000000c000dec                TAMP_S_IRQHandler
                0x000000000c000dec                EXTI7_IRQHandler
                0x000000000c000dec                TIM1_BRK_IRQHandler
                0x000000000c000dec                DAC_IRQHandler
                0x000000000c000dec                EXTI1_IRQHandler
                0x000000000c000dec                USART2_IRQHandler
                0x000000000c000dec                DFSDM1_FLT0_IRQHandler
                0x000000000c000dec                I2C2_ER_IRQHandler
                0x000000000c000dec                DMA1_Channel2_IRQHandler
                0x000000000c000dec                TIM8_BRK_IRQHandler
                0x000000000c000dec                FLASH_IRQHandler
                0x000000000c000dec                USART1_IRQHandler
                0x000000000c000dec                EXTI10_IRQHandler
                0x000000000c000dec                SPI3_IRQHandler
                0x000000000c000dec                I2C1_ER_IRQHandler
                0x000000000c000dec                FMC_IRQHandler
                0x000000000c000dec                EXTI6_IRQHandler
                0x000000000c000dec                LPTIM1_IRQHandler
                0x000000000c000dec                I2C4_ER_IRQHandler
                0x000000000c000dec                SAI1_IRQHandler
                0x000000000c000dec                HASH_IRQHandler
                0x000000000c000dec                DMA2_Channel3_IRQHandler
 .text.HAL_Init
                0x000000000c000dee       0x34 Drivers/STM32L5xx_HAL_Driver/stm32l5xx_hal.o
                0x000000000c000dee                HAL_Init
 *fill*         0x000000000c000e22        0x2 
 .text.HAL_InitTick
                0x000000000c000e24       0x78 Drivers/STM32L5xx_HAL_Driver/stm32l5xx_hal.o
                0x000000000c000e24                HAL_InitTick
 .text.HAL_IncTick
                0x000000000c000e9c       0x28 Drivers/STM32L5xx_HAL_Driver/stm32l5xx_hal.o
                0x000000000c000e9c                HAL_IncTick
 .text.HAL_GetTick
                0x000000000c000ec4       0x18 Drivers/STM32L5xx_HAL_Driver/stm32l5xx_hal.o
                0x000000000c000ec4                HAL_GetTick
 .text.HAL_Delay
                0x000000000c000edc       0x48 Drivers/STM32L5xx_HAL_Driver/stm32l5xx_hal.o
                0x000000000c000edc                HAL_Delay
 .text.__NVIC_SetPriorityGrouping
                0x000000000c000f24       0x48 Drivers/STM32L5xx_HAL_Driver/stm32l5xx_hal_cortex.o
 .text.__NVIC_GetPriorityGrouping
                0x000000000c000f6c       0x1c Drivers/STM32L5xx_HAL_Driver/stm32l5xx_hal_cortex.o
 .text.__NVIC_EnableIRQ
                0x000000000c000f88       0x3c Drivers/STM32L5xx_HAL_Driver/stm32l5xx_hal_cortex.o
 .text.__NVIC_SetPriority
                0x000000000c000fc4       0x54 Drivers/STM32L5xx_HAL_Driver/stm32l5xx_hal_cortex.o
 .text.NVIC_EncodePriority
                0x000000000c001018       0x66 Drivers/STM32L5xx_HAL_Driver/stm32l5xx_hal_cortex.o
 *fill*         0x000000000c00107e        0x2 
 .text.SysTick_Config
                0x000000000c001080       0x44 Drivers/STM32L5xx_HAL_Driver/stm32l5xx_hal_cortex.o
 .text.HAL_NVIC_SetPriorityGrouping
                0x000000000c0010c4       0x16 Drivers/STM32L5xx_HAL_Driver/stm32l5xx_hal_cortex.o
                0x000000000c0010c4                HAL_NVIC_SetPriorityGrouping
 .text.HAL_NVIC_SetPriority
                0x000000000c0010da       0x34 Drivers/STM32L5xx_HAL_Driver/stm32l5xx_hal_cortex.o
                0x000000000c0010da                HAL_NVIC_SetPriority
 .text.HAL_NVIC_EnableIRQ
                0x000000000c00110e       0x1c Drivers/STM32L5xx_HAL_Driver/stm32l5xx_hal_cortex.o
                0x000000000c00110e                HAL_NVIC_EnableIRQ
 .text.HAL_SYSTICK_Config
                0x000000000c00112a       0x18 Drivers/STM32L5xx_HAL_Driver/stm32l5xx_hal_cortex.o
                0x000000000c00112a                HAL_SYSTICK_Config
 *fill*         0x000000000c001142        0x2 
 .text.HAL_EXTI_ConfigLineAttributes
                0x000000000c001144       0xc4 Drivers/STM32L5xx_HAL_Driver/stm32l5xx_hal_exti.o
                0x000000000c001144                HAL_EXTI_ConfigLineAttributes
 .text.HAL_GPIO_Init
                0x000000000c001208      0x300 Drivers/STM32L5xx_HAL_Driver/stm32l5xx_hal_gpio.o
                0x000000000c001208                HAL_GPIO_Init
 .text.HAL_GPIO_WritePin
                0x000000000c001508       0x30 Drivers/STM32L5xx_HAL_Driver/stm32l5xx_hal_gpio.o
                0x000000000c001508                HAL_GPIO_WritePin
 .text.HAL_GPIO_TogglePin
                0x000000000c001538       0x34 Drivers/STM32L5xx_HAL_Driver/stm32l5xx_hal_gpio.o
                0x000000000c001538                HAL_GPIO_TogglePin
 .text.HAL_GPIO_EXTI_IRQHandler
                0x000000000c00156c       0x4c Drivers/STM32L5xx_HAL_Driver/stm32l5xx_hal_gpio.o
                0x000000000c00156c                HAL_GPIO_EXTI_IRQHandler
 .text.HAL_GPIO_EXTI_Rising_Callback
                0x000000000c0015b8       0x16 Drivers/STM32L5xx_HAL_Driver/stm32l5xx_hal_gpio.o
                0x000000000c0015b8                HAL_GPIO_EXTI_Rising_Callback
 .text.HAL_GPIO_EXTI_Falling_Callback
                0x000000000c0015ce       0x16 Drivers/STM32L5xx_HAL_Driver/stm32l5xx_hal_gpio.o
                0x000000000c0015ce                HAL_GPIO_EXTI_Falling_Callback
 .text.HAL_GPIO_ConfigPinAttributes
                0x000000000c0015e4       0x70 Drivers/STM32L5xx_HAL_Driver/stm32l5xx_hal_gpio.o
                0x000000000c0015e4                HAL_GPIO_ConfigPinAttributes
 .text.HAL_GTZC_MPCBB_ConfigMem
                0x000000000c001654      0x108 Drivers/STM32L5xx_HAL_Driver/stm32l5xx_hal_gtzc.o
                0x000000000c001654                HAL_GTZC_MPCBB_ConfigMem
 .text.HAL_GTZC_IRQHandler
                0x000000000c00175c      0x108 Drivers/STM32L5xx_HAL_Driver/stm32l5xx_hal_gtzc.o
                0x000000000c00175c                HAL_GTZC_IRQHandler
 .text.HAL_GTZC_TZIC_Callback
                0x000000000c001864       0x14 Drivers/STM32L5xx_HAL_Driver/stm32l5xx_hal_gtzc.o
                0x000000000c001864                HAL_GTZC_TZIC_Callback
 .text.HAL_ICACHE_Enable
                0x000000000c001878       0x20 Drivers/STM32L5xx_HAL_Driver/stm32l5xx_hal_icache.o
                0x000000000c001878                HAL_ICACHE_Enable
 .text.HAL_ICACHE_IRQHandler
                0x000000000c001898       0x68 Drivers/STM32L5xx_HAL_Driver/stm32l5xx_hal_icache.o
                0x000000000c001898                HAL_ICACHE_IRQHandler
 .text.HAL_ICACHE_InvalidateCompleteCallback
                0x000000000c001900        0xe Drivers/STM32L5xx_HAL_Driver/stm32l5xx_hal_icache.o
                0x000000000c001900                HAL_ICACHE_InvalidateCompleteCallback
 .text.HAL_ICACHE_ErrorCallback
                0x000000000c00190e        0xe Drivers/STM32L5xx_HAL_Driver/stm32l5xx_hal_icache.o
                0x000000000c00190e                HAL_ICACHE_ErrorCallback
 .text.HAL_PWREx_GetVoltageRange
                0x000000000c00191c       0x1c Drivers/STM32L5xx_HAL_Driver/stm32l5xx_hal_pwr_ex.o
                0x000000000c00191c                HAL_PWREx_GetVoltageRange
 .text.HAL_PWREx_ControlVoltageScaling
                0x000000000c001938       0xb8 Drivers/STM32L5xx_HAL_Driver/stm32l5xx_hal_pwr_ex.o
                0x000000000c001938                HAL_PWREx_ControlVoltageScaling
 .text.HAL_PWREx_DisableUCPDDeadBattery
                0x000000000c0019f0       0x20 Drivers/STM32L5xx_HAL_Driver/stm32l5xx_hal_pwr_ex.o
                0x000000000c0019f0                HAL_PWREx_DisableUCPDDeadBattery
 .text.HAL_PWREx_SMPS_GetEffectiveMode
                0x000000000c001a10       0x48 Drivers/STM32L5xx_HAL_Driver/stm32l5xx_hal_pwr_ex.o
                0x000000000c001a10                HAL_PWREx_SMPS_GetEffectiveMode
 .text.HAL_RCC_OscConfig
                0x000000000c001a58      0x8c4 Drivers/STM32L5xx_HAL_Driver/stm32l5xx_hal_rcc.o
                0x000000000c001a58                HAL_RCC_OscConfig
 .text.HAL_RCC_ClockConfig
                0x000000000c00231c      0x240 Drivers/STM32L5xx_HAL_Driver/stm32l5xx_hal_rcc.o
                0x000000000c00231c                HAL_RCC_ClockConfig
 .text.HAL_RCC_GetSysClockFreq
                0x000000000c00255c      0x13c Drivers/STM32L5xx_HAL_Driver/stm32l5xx_hal_rcc.o
                0x000000000c00255c                HAL_RCC_GetSysClockFreq
 .text.HAL_RCC_GetHCLKFreq
                0x000000000c002698       0x28 Drivers/STM32L5xx_HAL_Driver/stm32l5xx_hal_rcc.o
                0x000000000c002698                HAL_RCC_GetHCLKFreq
 .text.RCC_SetFlashLatencyFromMSIRange
                0x000000000c0026c0       0xc8 Drivers/STM32L5xx_HAL_Driver/stm32l5xx_hal_rcc.o
 .text.RCC_GetSysClockFreqFromPLLSource
                0x000000000c002788       0xf4 Drivers/STM32L5xx_HAL_Driver/stm32l5xx_hal_rcc.o
 .text.HAL_RTCEx_SecureModeSet
                0x000000000c00287c       0x4c Drivers/STM32L5xx_HAL_Driver/stm32l5xx_hal_rtc_ex.o
                0x000000000c00287c                HAL_RTCEx_SecureModeSet
 .text.HAL_RTCEx_PrivilegeModeSet
                0x000000000c0028c8       0x58 Drivers/STM32L5xx_HAL_Driver/stm32l5xx_hal_rtc_ex.o
                0x000000000c0028c8                HAL_RTCEx_PrivilegeModeSet
 .text.__libc_init_array
                0x000000000c002920       0x48 c:/st/stm32cubeide_1.6.0/stm32cubeide/plugins/com.st.stm32cube.ide.mcu.externaltools.gnu-tools-for-stm32.9-2020-q2-update.win32_1.5.0.202011040924/tools/bin/../lib/gcc/arm-none-eabi/9.3.1/../../../../arm-none-eabi/lib/thumb/v8-m.main+fp/hard\libc_nano.a(lib_a-init.o)
                0x000000000c002920                __libc_init_array
 .text.memset   0x000000000c002968       0x10 c:/st/stm32cubeide_1.6.0/stm32cubeide/plugins/com.st.stm32cube.ide.mcu.externaltools.gnu-tools-for-stm32.9-2020-q2-update.win32_1.5.0.202011040924/tools/bin/../lib/gcc/arm-none-eabi/9.3.1/../../../../arm-none-eabi/lib/thumb/v8-m.main+fp/hard\libc_nano.a(lib_a-memset.o)
                0x000000000c002968                memset
 *(.glue_7)
 .glue_7        0x000000000c002978        0x0 linker stubs
 *(.glue_7t)
 .glue_7t       0x000000000c002978        0x0 linker stubs
 *(.eh_frame)
 .eh_frame      0x000000000c002978        0x0 c:/st/stm32cubeide_1.6.0/stm32cubeide/plugins/com.st.stm32cube.ide.mcu.externaltools.gnu-tools-for-stm32.9-2020-q2-update.win32_1.5.0.202011040924/tools/bin/../lib/gcc/arm-none-eabi/9.3.1/thumb/v8-m.main+fp/hard/crtbegin.o
 *(.init)
 .init          0x000000000c002978        0x4 c:/st/stm32cubeide_1.6.0/stm32cubeide/plugins/com.st.stm32cube.ide.mcu.externaltools.gnu-tools-for-stm32.9-2020-q2-update.win32_1.5.0.202011040924/tools/bin/../lib/gcc/arm-none-eabi/9.3.1/thumb/v8-m.main+fp/hard/crti.o
                0x000000000c002978                _init
 .init          0x000000000c00297c        0x8 c:/st/stm32cubeide_1.6.0/stm32cubeide/plugins/com.st.stm32cube.ide.mcu.externaltools.gnu-tools-for-stm32.9-2020-q2-update.win32_1.5.0.202011040924/tools/bin/../lib/gcc/arm-none-eabi/9.3.1/thumb/v8-m.main+fp/hard/crtn.o
 *(.fini)
 .fini          0x000000000c002984        0x4 c:/st/stm32cubeide_1.6.0/stm32cubeide/plugins/com.st.stm32cube.ide.mcu.externaltools.gnu-tools-for-stm32.9-2020-q2-update.win32_1.5.0.202011040924/tools/bin/../lib/gcc/arm-none-eabi/9.3.1/thumb/v8-m.main+fp/hard/crti.o
                0x000000000c002984                _fini
 .fini          0x000000000c002988        0x8 c:/st/stm32cubeide_1.6.0/stm32cubeide/plugins/com.st.stm32cube.ide.mcu.externaltools.gnu-tools-for-stm32.9-2020-q2-update.win32_1.5.0.202011040924/tools/bin/../lib/gcc/arm-none-eabi/9.3.1/thumb/v8-m.main+fp/hard/crtn.o
                0x000000000c002990                . = ALIGN (0x4)
                0x000000000c002990                _etext = .

.vfp11_veneer   0x000000000c002990        0x0
 .vfp11_veneer  0x000000000c002990        0x0 linker stubs

.v4_bx          0x000000000c002990        0x0
 .v4_bx         0x000000000c002990        0x0 linker stubs

.iplt           0x000000000c002990        0x0
 .iplt          0x000000000c002990        0x0 c:/st/stm32cubeide_1.6.0/stm32cubeide/plugins/com.st.stm32cube.ide.mcu.externaltools.gnu-tools-for-stm32.9-2020-q2-update.win32_1.5.0.202011040924/tools/bin/../lib/gcc/arm-none-eabi/9.3.1/thumb/v8-m.main+fp/hard/crtbegin.o

.rodata         0x000000000c002990       0x50
                0x000000000c002990                . = ALIGN (0x4)
 *(.rodata)
 *(.rodata*)
 .rodata.AHBPrescTable
                0x000000000c002990       0x10 Core/Src/system_stm32l5xx_s.o
                0x000000000c002990                AHBPrescTable
 .rodata.MSIRangeTable
                0x000000000c0029a0       0x40 Core/Src/system_stm32l5xx_s.o
                0x000000000c0029a0                MSIRangeTable
                0x000000000c0029e0                . = ALIGN (0x4)

.rel.dyn        0x000000000c0029e0        0x0
 .rel.iplt      0x000000000c0029e0        0x0 c:/st/stm32cubeide_1.6.0/stm32cubeide/plugins/com.st.stm32cube.ide.mcu.externaltools.gnu-tools-for-stm32.9-2020-q2-update.win32_1.5.0.202011040924/tools/bin/../lib/gcc/arm-none-eabi/9.3.1/thumb/v8-m.main+fp/hard/crtbegin.o

.ARM.extab      0x000000000c0029e0        0x0
                0x000000000c0029e0                . = ALIGN (0x4)
 *(.ARM.extab* .gnu.linkonce.armextab.*)
                0x000000000c0029e0                . = ALIGN (0x4)

.ARM            0x000000000c0029e0        0x0
                0x000000000c0029e0                . = ALIGN (0x4)
                0x000000000c0029e0                __exidx_start = .
 *(.ARM.exidx*)
                0x000000000c0029e0                __exidx_end = .
                0x000000000c0029e0                . = ALIGN (0x4)

.preinit_array  0x000000000c0029e0        0x0
                0x000000000c0029e0                . = ALIGN (0x4)
                0x000000000c0029e0                PROVIDE (__preinit_array_start = .)
 *(.preinit_array*)
                0x000000000c0029e0                PROVIDE (__preinit_array_end = .)
                0x000000000c0029e0                . = ALIGN (0x4)

.init_array     0x000000000c0029e0        0x4
                0x000000000c0029e0                . = ALIGN (0x4)
                0x000000000c0029e0                PROVIDE (__init_array_start = .)
 *(SORT_BY_NAME(.init_array.*))
 *(.init_array*)
 .init_array    0x000000000c0029e0        0x4 c:/st/stm32cubeide_1.6.0/stm32cubeide/plugins/com.st.stm32cube.ide.mcu.externaltools.gnu-tools-for-stm32.9-2020-q2-update.win32_1.5.0.202011040924/tools/bin/../lib/gcc/arm-none-eabi/9.3.1/thumb/v8-m.main+fp/hard/crtbegin.o
                0x000000000c0029e4                PROVIDE (__init_array_end = .)
                0x000000000c0029e4                . = ALIGN (0x4)

.fini_array     0x000000000c0029e4        0x4
                0x000000000c0029e4                . = ALIGN (0x4)
                [!provide]                        PROVIDE (__fini_array_start = .)
 *(SORT_BY_NAME(.fini_array.*))
 *(.fini_array*)
 .fini_array    0x000000000c0029e4        0x4 c:/st/stm32cubeide_1.6.0/stm32cubeide/plugins/com.st.stm32cube.ide.mcu.externaltools.gnu-tools-for-stm32.9-2020-q2-update.win32_1.5.0.202011040924/tools/bin/../lib/gcc/arm-none-eabi/9.3.1/thumb/v8-m.main+fp/hard/crtbegin.o
                [!provide]                        PROVIDE (__fini_array_end = .)
                0x000000000c0029e8                . = ALIGN (0x4)
                0x000000000c0029e8                _sidata = LOADADDR (.data)

.data           0x0000000030000000        0xc load address 0x000000000c0029e8
                0x0000000030000000                . = ALIGN (0x4)
                0x0000000030000000                _sdata = .
 *(.data)
 *(.data*)
 .data.SystemCoreClock
                0x0000000030000000        0x4 Core/Src/system_stm32l5xx_s.o
                0x0000000030000000                SystemCoreClock
 .data.uwTickPrio
                0x0000000030000004        0x4 Drivers/STM32L5xx_HAL_Driver/stm32l5xx_hal.o
                0x0000000030000004                uwTickPrio
 .data.uwTickFreq
                0x0000000030000008        0x1 Drivers/STM32L5xx_HAL_Driver/stm32l5xx_hal.o
                0x0000000030000008                uwTickFreq
 *(.RamFunc)
 *(.RamFunc*)
                0x000000003000000c                . = ALIGN (0x4)
 *fill*         0x0000000030000009        0x3 
                0x000000003000000c                _edata = .

.igot.plt       0x000000003000000c        0x0 load address 0x000000000c0029f4
 .igot.plt      0x000000003000000c        0x0 c:/st/stm32cubeide_1.6.0/stm32cubeide/plugins/com.st.stm32cube.ide.mcu.externaltools.gnu-tools-for-stm32.9-2020-q2-update.win32_1.5.0.202011040924/tools/bin/../lib/gcc/arm-none-eabi/9.3.1/thumb/v8-m.main+fp/hard/crtbegin.o

.gnu.sgstubs    0x000000000c03e000       0x20
                0x000000000c03e000                . = ALIGN (0x4)
 *(.gnu.sgstubs*)
                0x000000000c03e000                . = ALIGN (0x4)
 .gnu.sgstubs.__stub
                0x000000000c03e000       0x20 linker stubs
                0x000000000c03e000                SECURE_LEDToggle_RED
                0x000000000c03e008                SECURE_SystemCoreClockUpdate
                0x000000000c03e010                SECURE_RegisterCallback
                0x000000000c03e018                SECURE_LEDToggle_YELLOW
                0x000000000c03e020                . = ALIGN (0x4)

.bss            0x000000003000000c       0x9c
                0x000000003000000c                _sbss = .
                0x000000003000000c                __bss_start__ = _sbss
 *(.bss)
 .bss           0x000000003000000c       0x1c c:/st/stm32cubeide_1.6.0/stm32cubeide/plugins/com.st.stm32cube.ide.mcu.externaltools.gnu-tools-for-stm32.9-2020-q2-update.win32_1.5.0.202011040924/tools/bin/../lib/gcc/arm-none-eabi/9.3.1/thumb/v8-m.main+fp/hard/crtbegin.o
 *(.bss*)
 .bss.pSecureFaultCallback
                0x0000000030000028        0x4 Core/Src/secure_nsc.o
                0x0000000030000028                pSecureFaultCallback
 .bss.pSecureErrorCallback
                0x000000003000002c        0x4 Core/Src/secure_nsc.o
                0x000000003000002c                pSecureErrorCallback
 *(COMMON)
 COMMON         0x0000000030000030       0x74 Core/Src/rtc.o
                0x0000000030000030                hrtc
 COMMON         0x00000000300000a4        0x4 Drivers/STM32L5xx_HAL_Driver/stm32l5xx_hal.o
                0x00000000300000a4                uwTick
                0x00000000300000a8                . = ALIGN (0x4)
                0x00000000300000a8                _ebss = .
                0x00000000300000a8                __bss_end__ = _ebss

._user_heap_stack
                0x00000000300000a8      0x600
                0x00000000300000a8                . = ALIGN (0x8)
                [!provide]                        PROVIDE (end = .)
                0x00000000300000a8                PROVIDE (_end = .)
                0x00000000300002a8                . = (. + _Min_Heap_Size)
 *fill*         0x00000000300000a8      0x200 
                0x00000000300006a8                . = (. + _Min_Stack_Size)
 *fill*         0x00000000300002a8      0x400 
                0x00000000300006a8                . = ALIGN (0x8)

/DISCARD/
 libc.a(*)
 libm.a(*)
 libgcc.a(*)

.ARM.attributes
                0x0000000000000000       0x36
 *(.ARM.attributes)
 .ARM.attributes
                0x0000000000000000       0x22 c:/st/stm32cubeide_1.6.0/stm32cubeide/plugins/com.st.stm32cube.ide.mcu.externaltools.gnu-tools-for-stm32.9-2020-q2-update.win32_1.5.0.202011040924/tools/bin/../lib/gcc/arm-none-eabi/9.3.1/thumb/v8-m.main+fp/hard/crti.o
 .ARM.attributes
                0x0000000000000022       0x38 c:/st/stm32cubeide_1.6.0/stm32cubeide/plugins/com.st.stm32cube.ide.mcu.externaltools.gnu-tools-for-stm32.9-2020-q2-update.win32_1.5.0.202011040924/tools/bin/../lib/gcc/arm-none-eabi/9.3.1/thumb/v8-m.main+fp/hard/crtbegin.o
 .ARM.attributes
                0x000000000000005a       0x3a Core/Src/dma.o
 .ARM.attributes
                0x0000000000000094       0x3a Core/Src/gpio.o
 .ARM.attributes
                0x00000000000000ce       0x3a Core/Src/gtzc.o
 .ARM.attributes
                0x0000000000000108       0x3a Core/Src/icache.o
 .ARM.attributes
                0x0000000000000142       0x3a Core/Src/main.o
 .ARM.attributes
                0x000000000000017c       0x3a Core/Src/rtc.o
 .ARM.attributes
                0x00000000000001b6       0x3a Core/Src/stm32l5xx_hal_msp.o
 .ARM.attributes
                0x00000000000001f0       0x3a Core/Src/stm32l5xx_it.o
 .ARM.attributes
                0x000000000000022a       0x3a Core/Src/system_stm32l5xx_s.o
 .ARM.attributes
                0x0000000000000264       0x24 Core/Startup/startup_stm32l552vetx.o
 .ARM.attributes
                0x0000000000000288       0x3a Drivers/STM32L5xx_HAL_Driver/stm32l5xx_hal.o
 .ARM.attributes
                0x00000000000002c2       0x3a Drivers/STM32L5xx_HAL_Driver/stm32l5xx_hal_cortex.o
 .ARM.attributes
                0x00000000000002fc       0x3a Drivers/STM32L5xx_HAL_Driver/stm32l5xx_hal_exti.o
 .ARM.attributes
                0x0000000000000336       0x3a Drivers/STM32L5xx_HAL_Driver/stm32l5xx_hal_gpio.o
 .ARM.attributes
                0x0000000000000370       0x3a Drivers/STM32L5xx_HAL_Driver/stm32l5xx_hal_gtzc.o
 .ARM.attributes
                0x00000000000003aa       0x3a Drivers/STM32L5xx_HAL_Driver/stm32l5xx_hal_icache.o
 .ARM.attributes
                0x00000000000003e4       0x3a Drivers/STM32L5xx_HAL_Driver/stm32l5xx_hal_pwr_ex.o
 .ARM.attributes
                0x000000000000041e       0x3a Drivers/STM32L5xx_HAL_Driver/stm32l5xx_hal_rcc.o
 .ARM.attributes
                0x0000000000000458       0x3a Drivers/STM32L5xx_HAL_Driver/stm32l5xx_hal_rtc_ex.o
 .ARM.attributes
                0x0000000000000492       0x38 c:/st/stm32cubeide_1.6.0/stm32cubeide/plugins/com.st.stm32cube.ide.mcu.externaltools.gnu-tools-for-stm32.9-2020-q2-update.win32_1.5.0.202011040924/tools/bin/../lib/gcc/arm-none-eabi/9.3.1/../../../../arm-none-eabi/lib/thumb/v8-m.main+fp/hard\libc_nano.a(lib_a-init.o)
 .ARM.attributes
                0x00000000000004ca       0x38 c:/st/stm32cubeide_1.6.0/stm32cubeide/plugins/com.st.stm32cube.ide.mcu.externaltools.gnu-tools-for-stm32.9-2020-q2-update.win32_1.5.0.202011040924/tools/bin/../lib/gcc/arm-none-eabi/9.3.1/../../../../arm-none-eabi/lib/thumb/v8-m.main+fp/hard\libc_nano.a(lib_a-memset.o)
 .ARM.attributes
                0x0000000000000502       0x24 c:/st/stm32cubeide_1.6.0/stm32cubeide/plugins/com.st.stm32cube.ide.mcu.externaltools.gnu-tools-for-stm32.9-2020-q2-update.win32_1.5.0.202011040924/tools/bin/../lib/gcc/arm-none-eabi/9.3.1/thumb/v8-m.main+fp/hard\libgcc.a(cmse_nonsecure_call.o)
 .ARM.attributes
                0x0000000000000526       0x22 c:/st/stm32cubeide_1.6.0/stm32cubeide/plugins/com.st.stm32cube.ide.mcu.externaltools.gnu-tools-for-stm32.9-2020-q2-update.win32_1.5.0.202011040924/tools/bin/../lib/gcc/arm-none-eabi/9.3.1/thumb/v8-m.main+fp/hard/crtn.o
OUTPUT(LR111x_L552VE_Secure.elf elf32-littlearm)
LOAD linker stubs
LOAD c:/st/stm32cubeide_1.6.0/stm32cubeide/plugins/com.st.stm32cube.ide.mcu.externaltools.gnu-tools-for-stm32.9-2020-q2-update.win32_1.5.0.202011040924/tools/bin/../lib/gcc/arm-none-eabi/9.3.1/../../../../arm-none-eabi/lib/thumb/v8-m.main+fp/hard\libc.a
LOAD c:/st/stm32cubeide_1.6.0/stm32cubeide/plugins/com.st.stm32cube.ide.mcu.externaltools.gnu-tools-for-stm32.9-2020-q2-update.win32_1.5.0.202011040924/tools/bin/../lib/gcc/arm-none-eabi/9.3.1/../../../../arm-none-eabi/lib/thumb/v8-m.main+fp/hard\libm.a
LOAD c:/st/stm32cubeide_1.6.0/stm32cubeide/plugins/com.st.stm32cube.ide.mcu.externaltools.gnu-tools-for-stm32.9-2020-q2-update.win32_1.5.0.202011040924/tools/bin/../lib/gcc/arm-none-eabi/9.3.1/thumb/v8-m.main+fp/hard\libgcc.a

.debug_info     0x0000000000000000     0xcf31
 .debug_info    0x0000000000000000      0x5b7 Core/Src/dma.o
 .debug_info    0x00000000000005b7      0xa3d Core/Src/gpio.o
 .debug_info    0x0000000000000ff4      0x325 Core/Src/gtzc.o
 .debug_info    0x0000000000001319      0x287 Core/Src/icache.o
 .debug_info    0x00000000000015a0      0xc73 Core/Src/main.o
 .debug_info    0x0000000000002213      0xe49 Core/Src/rtc.o
 .debug_info    0x000000000000305c      0x3dd Core/Src/secure_nsc.o
 .debug_info    0x0000000000003439      0x878 Core/Src/stm32l5xx_hal_msp.o
 .debug_info    0x0000000000003cb1      0x376 Core/Src/stm32l5xx_it.o
 .debug_info    0x0000000000004027      0xb77 Core/Src/system_stm32l5xx_s.o
 .debug_info    0x0000000000004b9e       0x22 Core/Startup/startup_stm32l552vetx.o
 .debug_info    0x0000000000004bc0      0xeaa Drivers/STM32L5xx_HAL_Driver/stm32l5xx_hal.o
 .debug_info    0x0000000000005a6a      0xf8b Drivers/STM32L5xx_HAL_Driver/stm32l5xx_hal_cortex.o
 .debug_info    0x00000000000069f5      0x9e9 Drivers/STM32L5xx_HAL_Driver/stm32l5xx_hal_exti.o
 .debug_info    0x00000000000073de      0x8f9 Drivers/STM32L5xx_HAL_Driver/stm32l5xx_hal_gpio.o
 .debug_info    0x0000000000007cd7      0xdd9 Drivers/STM32L5xx_HAL_Driver/stm32l5xx_hal_gtzc.o
 .debug_info    0x0000000000008ab0      0x6ee Drivers/STM32L5xx_HAL_Driver/stm32l5xx_hal_icache.o
 .debug_info    0x000000000000919e      0xf86 Drivers/STM32L5xx_HAL_Driver/stm32l5xx_hal_pwr_ex.o
 .debug_info    0x000000000000a124     0x111e Drivers/STM32L5xx_HAL_Driver/stm32l5xx_hal_rcc.o
 .debug_info    0x000000000000b242     0x1cef Drivers/STM32L5xx_HAL_Driver/stm32l5xx_hal_rtc_ex.o

.debug_abbrev   0x0000000000000000     0x233e
 .debug_abbrev  0x0000000000000000      0x14e Core/Src/dma.o
 .debug_abbrev  0x000000000000014e      0x177 Core/Src/gpio.o
 .debug_abbrev  0x00000000000002c5       0xe9 Core/Src/gtzc.o
 .debug_abbrev  0x00000000000003ae       0xd8 Core/Src/icache.o
 .debug_abbrev  0x0000000000000486      0x221 Core/Src/main.o
 .debug_abbrev  0x00000000000006a7      0x1d4 Core/Src/rtc.o
 .debug_abbrev  0x000000000000087b      0x15d Core/Src/secure_nsc.o
 .debug_abbrev  0x00000000000009d8      0x157 Core/Src/stm32l5xx_hal_msp.o
 .debug_abbrev  0x0000000000000b2f      0x126 Core/Src/stm32l5xx_it.o
 .debug_abbrev  0x0000000000000c55      0x1d3 Core/Src/system_stm32l5xx_s.o
 .debug_abbrev  0x0000000000000e28       0x12 Core/Startup/startup_stm32l552vetx.o
 .debug_abbrev  0x0000000000000e3a      0x2ae Drivers/STM32L5xx_HAL_Driver/stm32l5xx_hal.o
 .debug_abbrev  0x00000000000010e8      0x333 Drivers/STM32L5xx_HAL_Driver/stm32l5xx_hal_cortex.o
 .debug_abbrev  0x000000000000141b      0x1b3 Drivers/STM32L5xx_HAL_Driver/stm32l5xx_hal_exti.o
 .debug_abbrev  0x00000000000015ce      0x1df Drivers/STM32L5xx_HAL_Driver/stm32l5xx_hal_gpio.o
 .debug_abbrev  0x00000000000017ad      0x1ee Drivers/STM32L5xx_HAL_Driver/stm32l5xx_hal_gtzc.o
 .debug_abbrev  0x000000000000199b      0x240 Drivers/STM32L5xx_HAL_Driver/stm32l5xx_hal_icache.o
 .debug_abbrev  0x0000000000001bdb      0x283 Drivers/STM32L5xx_HAL_Driver/stm32l5xx_hal_pwr_ex.o
 .debug_abbrev  0x0000000000001e5e      0x2a6 Drivers/STM32L5xx_HAL_Driver/stm32l5xx_hal_rcc.o
 .debug_abbrev  0x0000000000002104      0x23a Drivers/STM32L5xx_HAL_Driver/stm32l5xx_hal_rtc_ex.o

.debug_aranges  0x0000000000000000      0xaf0
 .debug_aranges
                0x0000000000000000       0x20 Core/Src/dma.o
 .debug_aranges
                0x0000000000000020       0x20 Core/Src/gpio.o
 .debug_aranges
                0x0000000000000040       0x20 Core/Src/gtzc.o
 .debug_aranges
                0x0000000000000060       0x20 Core/Src/icache.o
 .debug_aranges
                0x0000000000000080       0x38 Core/Src/main.o
 .debug_aranges
                0x00000000000000b8       0x30 Core/Src/rtc.o
 .debug_aranges
                0x00000000000000e8       0x30 Core/Src/secure_nsc.o
 .debug_aranges
                0x0000000000000118       0x20 Core/Src/stm32l5xx_hal_msp.o
 .debug_aranges
                0x0000000000000138       0x90 Core/Src/stm32l5xx_it.o
 .debug_aranges
                0x00000000000001c8       0x38 Core/Src/system_stm32l5xx_s.o
 .debug_aranges
                0x0000000000000200       0x28 Core/Startup/startup_stm32l552vetx.o
 .debug_aranges
                0x0000000000000228      0x140 Drivers/STM32L5xx_HAL_Driver/stm32l5xx_hal.o
 .debug_aranges
                0x0000000000000368      0x100 Drivers/STM32L5xx_HAL_Driver/stm32l5xx_hal_cortex.o
 .debug_aranges
                0x0000000000000468       0x70 Drivers/STM32L5xx_HAL_Driver/stm32l5xx_hal_exti.o
 .debug_aranges
                0x00000000000004d8       0x70 Drivers/STM32L5xx_HAL_Driver/stm32l5xx_hal_gpio.o
 .debug_aranges
                0x0000000000000548       0xb8 Drivers/STM32L5xx_HAL_Driver/stm32l5xx_hal_gtzc.o
 .debug_aranges
                0x0000000000000600       0xa0 Drivers/STM32L5xx_HAL_Driver/stm32l5xx_hal_icache.o
 .debug_aranges
                0x00000000000006a0      0x1b8 Drivers/STM32L5xx_HAL_Driver/stm32l5xx_hal_pwr_ex.o
 .debug_aranges
                0x0000000000000858       0xa0 Drivers/STM32L5xx_HAL_Driver/stm32l5xx_hal_rcc.o
 .debug_aranges
                0x00000000000008f8      0x1f8 Drivers/STM32L5xx_HAL_Driver/stm32l5xx_hal_rtc_ex.o

.debug_ranges   0x0000000000000000      0x9b8
 .debug_ranges  0x0000000000000000       0x10 Core/Src/dma.o
 .debug_ranges  0x0000000000000010       0x10 Core/Src/gpio.o
 .debug_ranges  0x0000000000000020       0x10 Core/Src/gtzc.o
 .debug_ranges  0x0000000000000030       0x10 Core/Src/icache.o
 .debug_ranges  0x0000000000000040       0x28 Core/Src/main.o
 .debug_ranges  0x0000000000000068       0x20 Core/Src/rtc.o
 .debug_ranges  0x0000000000000088       0x20 Core/Src/secure_nsc.o
 .debug_ranges  0x00000000000000a8       0x10 Core/Src/stm32l5xx_hal_msp.o
 .debug_ranges  0x00000000000000b8       0x80 Core/Src/stm32l5xx_it.o
 .debug_ranges  0x0000000000000138       0x28 Core/Src/system_stm32l5xx_s.o
 .debug_ranges  0x0000000000000160       0x20 Core/Startup/startup_stm32l552vetx.o
 .debug_ranges  0x0000000000000180      0x130 Drivers/STM32L5xx_HAL_Driver/stm32l5xx_hal.o
 .debug_ranges  0x00000000000002b0       0xf0 Drivers/STM32L5xx_HAL_Driver/stm32l5xx_hal_cortex.o
 .debug_ranges  0x00000000000003a0       0x60 Drivers/STM32L5xx_HAL_Driver/stm32l5xx_hal_exti.o
 .debug_ranges  0x0000000000000400       0x60 Drivers/STM32L5xx_HAL_Driver/stm32l5xx_hal_gpio.o
 .debug_ranges  0x0000000000000460       0xa8 Drivers/STM32L5xx_HAL_Driver/stm32l5xx_hal_gtzc.o
 .debug_ranges  0x0000000000000508       0x90 Drivers/STM32L5xx_HAL_Driver/stm32l5xx_hal_icache.o
 .debug_ranges  0x0000000000000598      0x1a8 Drivers/STM32L5xx_HAL_Driver/stm32l5xx_hal_pwr_ex.o
 .debug_ranges  0x0000000000000740       0x90 Drivers/STM32L5xx_HAL_Driver/stm32l5xx_hal_rcc.o
 .debug_ranges  0x00000000000007d0      0x1e8 Drivers/STM32L5xx_HAL_Driver/stm32l5xx_hal_rtc_ex.o

.debug_macro    0x0000000000000000    0x2892b
 .debug_macro   0x0000000000000000      0x216 Core/Src/dma.o
 .debug_macro   0x0000000000000216      0xaae Core/Src/dma.o
 .debug_macro   0x0000000000000cc4       0x16 Core/Src/dma.o
 .debug_macro   0x0000000000000cda      0x195 Core/Src/dma.o
 .debug_macro   0x0000000000000e6f      0x174 Core/Src/dma.o
 .debug_macro   0x0000000000000fe3       0x63 Core/Src/dma.o
 .debug_macro   0x0000000000001046       0x2e Core/Src/dma.o
 .debug_macro   0x0000000000001074       0x42 Core/Src/dma.o
 .debug_macro   0x00000000000010b6       0x22 Core/Src/dma.o
 .debug_macro   0x00000000000010d8       0x8e Core/Src/dma.o
 .debug_macro   0x0000000000001166       0x51 Core/Src/dma.o
 .debug_macro   0x00000000000011b7      0x103 Core/Src/dma.o
 .debug_macro   0x00000000000012ba       0x6a Core/Src/dma.o
 .debug_macro   0x0000000000001324      0x1df Core/Src/dma.o
 .debug_macro   0x0000000000001503       0x1c Core/Src/dma.o
 .debug_macro   0x000000000000151f       0x29 Core/Src/dma.o
 .debug_macro   0x0000000000001548      0x101 Core/Src/dma.o
 .debug_macro   0x0000000000001649     0x1486 Core/Src/dma.o
 .debug_macro   0x0000000000002acf       0x5e Core/Src/dma.o
 .debug_macro   0x0000000000002b2d    0x1ac43 Core/Src/dma.o
 .debug_macro   0x000000000001d770       0x42 Core/Src/dma.o
 .debug_macro   0x000000000001d7b2     0x34d8 Core/Src/dma.o
 .debug_macro   0x0000000000020c8a       0x5c Core/Src/dma.o
 .debug_macro   0x0000000000020ce6     0x1956 Core/Src/dma.o
 .debug_macro   0x000000000002263c      0xa4b Core/Src/dma.o
 .debug_macro   0x0000000000023087      0x168 Core/Src/dma.o
 .debug_macro   0x00000000000231ef      0x1d9 Core/Src/dma.o
 .debug_macro   0x00000000000233c8      0x50b Core/Src/dma.o
 .debug_macro   0x00000000000238d3      0x1ac Core/Src/dma.o
 .debug_macro   0x0000000000023a7f       0x4a Core/Src/dma.o
 .debug_macro   0x0000000000023ac9       0x51 Core/Src/dma.o
 .debug_macro   0x0000000000023b1a      0x23f Core/Src/dma.o
 .debug_macro   0x0000000000023d59      0x432 Core/Src/dma.o
 .debug_macro   0x000000000002418b       0x4f Core/Src/dma.o
 .debug_macro   0x00000000000241da      0x131 Core/Src/dma.o
 .debug_macro   0x000000000002430b      0x325 Core/Src/dma.o
 .debug_macro   0x0000000000024630      0x233 Core/Src/dma.o
 .debug_macro   0x0000000000024863       0x5b Core/Src/dma.o
 .debug_macro   0x00000000000248be       0xa5 Core/Src/dma.o
 .debug_macro   0x0000000000024963       0xf3 Core/Src/dma.o
 .debug_macro   0x0000000000024a56      0x1a7 Core/Src/dma.o
 .debug_macro   0x0000000000024bfd      0x487 Core/Src/dma.o
 .debug_macro   0x0000000000025084      0x313 Core/Src/dma.o
 .debug_macro   0x0000000000025397      0x741 Core/Src/dma.o
 .debug_macro   0x0000000000025ad8       0xe4 Core/Src/dma.o
 .debug_macro   0x0000000000025bbc      0x445 Core/Src/dma.o
 .debug_macro   0x0000000000026001      0x177 Core/Src/dma.o
 .debug_macro   0x0000000000026178      0x216 Core/Src/gpio.o
 .debug_macro   0x000000000002638e      0x216 Core/Src/gtzc.o
 .debug_macro   0x00000000000265a4      0x216 Core/Src/icache.o
 .debug_macro   0x00000000000267ba      0x248 Core/Src/main.o
 .debug_macro   0x0000000000026a02      0x216 Core/Src/rtc.o
 .debug_macro   0x0000000000026c18      0x216 Core/Src/secure_nsc.o
 .debug_macro   0x0000000000026e2e      0x20c Core/Src/stm32l5xx_hal_msp.o
 .debug_macro   0x000000000002703a      0x216 Core/Src/stm32l5xx_it.o
 .debug_macro   0x0000000000027250      0x217 Core/Src/system_stm32l5xx_s.o
 .debug_macro   0x0000000000027467      0x17d Core/Src/system_stm32l5xx_s.o
 .debug_macro   0x00000000000275e4      0x22e Drivers/STM32L5xx_HAL_Driver/stm32l5xx_hal.o
 .debug_macro   0x0000000000027812      0x1fe Drivers/STM32L5xx_HAL_Driver/stm32l5xx_hal_cortex.o
 .debug_macro   0x0000000000027a10      0x216 Drivers/STM32L5xx_HAL_Driver/stm32l5xx_hal_exti.o
 .debug_macro   0x0000000000027c26      0x231 Drivers/STM32L5xx_HAL_Driver/stm32l5xx_hal_gpio.o
 .debug_macro   0x0000000000027e57      0x270 Drivers/STM32L5xx_HAL_Driver/stm32l5xx_hal_gtzc.o
 .debug_macro   0x00000000000280c7      0x20a Drivers/STM32L5xx_HAL_Driver/stm32l5xx_hal_icache.o
 .debug_macro   0x00000000000282d1      0x22e Drivers/STM32L5xx_HAL_Driver/stm32l5xx_hal_pwr_ex.o
 .debug_macro   0x00000000000284ff      0x228 Drivers/STM32L5xx_HAL_Driver/stm32l5xx_hal_rcc.o
 .debug_macro   0x0000000000028727      0x204 Drivers/STM32L5xx_HAL_Driver/stm32l5xx_hal_rtc_ex.o

.debug_line     0x0000000000000000     0xd198
 .debug_line    0x0000000000000000      0x728 Core/Src/dma.o
 .debug_line    0x0000000000000728      0x761 Core/Src/gpio.o
 .debug_line    0x0000000000000e89      0x76a Core/Src/gtzc.o
 .debug_line    0x00000000000015f3      0x734 Core/Src/icache.o
 .debug_line    0x0000000000001d27      0x823 Core/Src/main.o
 .debug_line    0x000000000000254a      0x7af Core/Src/rtc.o
 .debug_line    0x0000000000002cf9      0x78f Core/Src/secure_nsc.o
 .debug_line    0x0000000000003488      0x735 Core/Src/stm32l5xx_hal_msp.o
 .debug_line    0x0000000000003bbd      0x87b Core/Src/stm32l5xx_it.o
 .debug_line    0x0000000000004438      0x87b Core/Src/system_stm32l5xx_s.o
 .debug_line    0x0000000000004cb3       0x87 Core/Startup/startup_stm32l552vetx.o
 .debug_line    0x0000000000004d3a      0xbdb Drivers/STM32L5xx_HAL_Driver/stm32l5xx_hal.o
 .debug_line    0x0000000000005915      0xbfa Drivers/STM32L5xx_HAL_Driver/stm32l5xx_hal_cortex.o
 .debug_line    0x000000000000650f      0xbc6 Drivers/STM32L5xx_HAL_Driver/stm32l5xx_hal_exti.o
 .debug_line    0x00000000000070d5      0xc51 Drivers/STM32L5xx_HAL_Driver/stm32l5xx_hal_gpio.o
 .debug_line    0x0000000000007d26     0x12a5 Drivers/STM32L5xx_HAL_Driver/stm32l5xx_hal_gtzc.o
 .debug_line    0x0000000000008fcb      0xa34 Drivers/STM32L5xx_HAL_Driver/stm32l5xx_hal_icache.o
 .debug_line    0x00000000000099ff      0xf16 Drivers/STM32L5xx_HAL_Driver/stm32l5xx_hal_pwr_ex.o
 .debug_line    0x000000000000a915     0x11f9 Drivers/STM32L5xx_HAL_Driver/stm32l5xx_hal_rcc.o
 .debug_line    0x000000000000bb0e     0x168a Drivers/STM32L5xx_HAL_Driver/stm32l5xx_hal_rtc_ex.o

.debug_str      0x0000000000000000    0xfe73d
 .debug_str     0x0000000000000000    0xf9b84 Core/Src/dma.o
                                      0xf9e4b (size before relaxing)
 .debug_str     0x00000000000f9b84      0x672 Core/Src/gpio.o
                                      0xfa4e4 (size before relaxing)
 .debug_str     0x00000000000fa1f6      0x102 Core/Src/gtzc.o
                                      0xf9d5b (size before relaxing)
 .debug_str     0x00000000000fa2f8       0x32 Core/Src/icache.o
                                      0xf9cb1 (size before relaxing)
 .debug_str     0x00000000000fa32a      0x483 Core/Src/main.o
                                      0xfa384 (size before relaxing)
 .debug_str     0x00000000000fa7ad      0x40b Core/Src/rtc.o
                                      0xfa64c (size before relaxing)
 .debug_str     0x00000000000fabb8       0xe3 Core/Src/secure_nsc.o
                                      0xf9d93 (size before relaxing)
 .debug_str     0x00000000000fac9b       0x2c Core/Src/stm32l5xx_hal_msp.o
                                      0xfa43e (size before relaxing)
 .debug_str     0x00000000000facc7      0x104 Core/Src/stm32l5xx_it.o
                                      0xf9d93 (size before relaxing)
 .debug_str     0x00000000000fadcb      0x6b4 Core/Src/system_stm32l5xx_s.o
                                      0xf9fef (size before relaxing)
 .debug_str     0x00000000000fb47f       0x36 Core/Startup/startup_stm32l552vetx.o
                                         0x7d (size before relaxing)
 .debug_str     0x00000000000fb4b5      0x59e Drivers/STM32L5xx_HAL_Driver/stm32l5xx_hal.o
                                      0xfa496 (size before relaxing)
 .debug_str     0x00000000000fba53      0x28a Drivers/STM32L5xx_HAL_Driver/stm32l5xx_hal_cortex.o
                                      0xfa164 (size before relaxing)
 .debug_str     0x00000000000fbcdd      0x38d Drivers/STM32L5xx_HAL_Driver/stm32l5xx_hal_exti.o
                                      0xf9a55 (size before relaxing)
 .debug_str     0x00000000000fc06a      0x283 Drivers/STM32L5xx_HAL_Driver/stm32l5xx_hal_gpio.o
                                      0xf9a73 (size before relaxing)
 .debug_str     0x00000000000fc2ed      0x9a2 Drivers/STM32L5xx_HAL_Driver/stm32l5xx_hal_gtzc.o
                                      0xfa13a (size before relaxing)
 .debug_str     0x00000000000fcc8f      0x331 Drivers/STM32L5xx_HAL_Driver/stm32l5xx_hal_icache.o
                                      0xf9a10 (size before relaxing)
 .debug_str     0x00000000000fcfc0      0x776 Drivers/STM32L5xx_HAL_Driver/stm32l5xx_hal_pwr_ex.o
                                      0xfa104 (size before relaxing)
 .debug_str     0x00000000000fd736      0x423 Drivers/STM32L5xx_HAL_Driver/stm32l5xx_hal_rcc.o
                                      0xf9f3a (size before relaxing)
 .debug_str     0x00000000000fdb59      0xbe4 Drivers/STM32L5xx_HAL_Driver/stm32l5xx_hal_rtc_ex.o
                                      0xfa7d8 (size before relaxing)

.comment        0x0000000000000000       0x53
 .comment       0x0000000000000000       0x53 Core/Src/dma.o
                                         0x54 (size before relaxing)
 .comment       0x0000000000000053       0x54 Core/Src/gpio.o
 .comment       0x0000000000000053       0x54 Core/Src/gtzc.o
 .comment       0x0000000000000053       0x54 Core/Src/icache.o
 .comment       0x0000000000000053       0x54 Core/Src/main.o
 .comment       0x0000000000000053       0x54 Core/Src/rtc.o
 .comment       0x0000000000000053       0x54 Core/Src/stm32l5xx_hal_msp.o
 .comment       0x0000000000000053       0x54 Core/Src/stm32l5xx_it.o
 .comment       0x0000000000000053       0x54 Core/Src/system_stm32l5xx_s.o
 .comment       0x0000000000000053       0x54 Drivers/STM32L5xx_HAL_Driver/stm32l5xx_hal.o
 .comment       0x0000000000000053       0x54 Drivers/STM32L5xx_HAL_Driver/stm32l5xx_hal_cortex.o
 .comment       0x0000000000000053       0x54 Drivers/STM32L5xx_HAL_Driver/stm32l5xx_hal_exti.o
 .comment       0x0000000000000053       0x54 Drivers/STM32L5xx_HAL_Driver/stm32l5xx_hal_gpio.o
 .comment       0x0000000000000053       0x54 Drivers/STM32L5xx_HAL_Driver/stm32l5xx_hal_gtzc.o
 .comment       0x0000000000000053       0x54 Drivers/STM32L5xx_HAL_Driver/stm32l5xx_hal_icache.o
 .comment       0x0000000000000053       0x54 Drivers/STM32L5xx_HAL_Driver/stm32l5xx_hal_pwr_ex.o
 .comment       0x0000000000000053       0x54 Drivers/STM32L5xx_HAL_Driver/stm32l5xx_hal_rcc.o
 .comment       0x0000000000000053       0x54 Drivers/STM32L5xx_HAL_Driver/stm32l5xx_hal_rtc_ex.o

.debug_frame    0x0000000000000000     0x2a04
 .debug_frame   0x0000000000000000       0x38 Core/Src/dma.o
 .debug_frame   0x0000000000000038       0x34 Core/Src/gpio.o
 .debug_frame   0x000000000000006c       0x34 Core/Src/gtzc.o
 .debug_frame   0x00000000000000a0       0x2c Core/Src/icache.o
 .debug_frame   0x00000000000000cc       0x94 Core/Src/main.o
 .debug_frame   0x0000000000000160       0x80 Core/Src/rtc.o
 .debug_frame   0x00000000000001e0       0x80 Core/Src/secure_nsc.o
 .debug_frame   0x0000000000000260       0x34 Core/Src/stm32l5xx_hal_msp.o
 .debug_frame   0x0000000000000294      0x1ac Core/Src/stm32l5xx_it.o
 .debug_frame   0x0000000000000440       0x98 Core/Src/system_stm32l5xx_s.o
 .debug_frame   0x00000000000004d8      0x4f4 Drivers/STM32L5xx_HAL_Driver/stm32l5xx_hal.o
 .debug_frame   0x00000000000009cc      0x428 Drivers/STM32L5xx_HAL_Driver/stm32l5xx_hal_cortex.o
 .debug_frame   0x0000000000000df4      0x1c4 Drivers/STM32L5xx_HAL_Driver/stm32l5xx_hal_exti.o
 .debug_frame   0x0000000000000fb8      0x1c4 Drivers/STM32L5xx_HAL_Driver/stm32l5xx_hal_gpio.o
 .debug_frame   0x000000000000117c      0x32c Drivers/STM32L5xx_HAL_Driver/stm32l5xx_hal_gtzc.o
 .debug_frame   0x00000000000014a8      0x280 Drivers/STM32L5xx_HAL_Driver/stm32l5xx_hal_icache.o
 .debug_frame   0x0000000000001728      0x6fc Drivers/STM32L5xx_HAL_Driver/stm32l5xx_hal_pwr_ex.o
 .debug_frame   0x0000000000001e24      0x26c Drivers/STM32L5xx_HAL_Driver/stm32l5xx_hal_rcc.o
 .debug_frame   0x0000000000002090      0x928 Drivers/STM32L5xx_HAL_Driver/stm32l5xx_hal_rtc_ex.o
 .debug_frame   0x00000000000029b8       0x2c c:/st/stm32cubeide_1.6.0/stm32cubeide/plugins/com.st.stm32cube.ide.mcu.externaltools.gnu-tools-for-stm32.9-2020-q2-update.win32_1.5.0.202011040924/tools/bin/../lib/gcc/arm-none-eabi/9.3.1/../../../../arm-none-eabi/lib/thumb/v8-m.main+fp/hard\libc_nano.a(lib_a-init.o)
 .debug_frame   0x00000000000029e4       0x20 c:/st/stm32cubeide_1.6.0/stm32cubeide/plugins/com.st.stm32cube.ide.mcu.externaltools.gnu-tools-for-stm32.9-2020-q2-update.win32_1.5.0.202011040924/tools/bin/../lib/gcc/arm-none-eabi/9.3.1/../../../../arm-none-eabi/lib/thumb/v8-m.main+fp/hard\libc_nano.a(lib_a-memset.o)
