stm32l5xx_gyroscope.c:87:9:BSP_GYRO_Init	16	static
stm32l5xx_gyroscope.c:132:6:BSP_GYRO_DeInit	8	static
stm32l5xx_gyroscope.c:142:6:BSP_GYRO_LowPower	24	static
stm32l5xx_gyroscope.c:162:9:BSP_GYRO_ReadID	16	static
stm32l5xx_gyroscope.c:177:6:BSP_GYRO_Reset	8	static
stm32l5xx_gyroscope.c:191:6:BSP_GYRO_ITConfig	24	static
stm32l5xx_gyroscope.c:215:6:BSP_GYRO_EnableIT	16	static
stm32l5xx_gyroscope.c:231:6:BSP_GYRO_DisableIT	16	static
stm32l5xx_gyroscope.c:244:6:BSP_GYRO_GetXYZ	16	static
stm32l5xx_gyroscope.c:255:9:GYRO_IO_Init	16	static
stm32l5xx_gyroscope.c:267:9:GYRO_IO_DeInit	8	static
stm32l5xx_gyroscope.c:271:9:GYRO_IO_Write	24	static
stm32l5xx_gyroscope.c:277:9:GYRO_IO_Read	24	static
