stm32l552e_eval.c:170:9:BSP_GetVersion	4	static
stm32l552e_eval.c:179:16:BSP_GetBoardName	4	static
stm32l552e_eval.c:188:16:BSP_GetBoardID	4	static
stm32l552e_eval.c:207:9:BSP_LED_Init	48	static
stm32l552e_eval.c:265:9:BSP_LED_DeInit	40	static
stm32l552e_eval.c:310:9:BSP_LED_On	24	static
stm32l552e_eval.c:338:9:BSP_LED_Off	24	static
stm32l552e_eval.c:366:9:BSP_LED_Toggle	24	static
stm32l552e_eval.c:394:9:BSP_LED_GetState	24	static
stm32l552e_eval.c:447:9:BSP_PB_Init	56	static
stm32l552e_eval.c:513:9:BSP_PB_DeInit	40	static
stm32l552e_eval.c:532:9:BSP_PB_GetState	24	static
stm32l552e_eval.c:546:13:BSP_PB_Callback	16	static
stm32l552e_eval.c:563:6:BSP_PB_IRQHandler	16	static
stm32l552e_eval.c:585:9:BSP_COM_Init	24	static
stm32l552e_eval.c:639:9:BSP_COM_DeInit	24	static
stm32l552e_eval.c:666:9:BSP_COM_SelectLogPort	16	static
stm32l552e_eval.c:678:5:__io_putchar	16	static
stm32l552e_eval.c:756:26:MX_LPUART1_Init	16	static
stm32l552e_eval.c:778:26:MX_USART3_Init	16	static
stm32l552e_eval.c:1303:13:BUTTON_WAKEUP_EXTI_Callback	8	static
stm32l552e_eval.c:1410:13:UART_MspInit	104	static
stm32l552e_eval.c:1460:13:UART_MspDeInit	48	static
stm32l552e_eval.c:1532:6:BoardCriticalSectionBegin	24	static,ignoring_inline_asm
stm32l552e_eval.c:1538:6:BoardCriticalSectionEnd	24	static,ignoring_inline_asm
